Archive member included to satisfy reference by file (symbol)

/Applications/ArmGNUToolchain/15.2.rel1/arm-none-eabi/bin/../lib/gcc/arm-none-eabi/15.2.1/thumb/v6-m/nofp/libgcc.a(_dvmd_tls.o)
                              CMakeFiles/picoarc.dir/Users/naoru/Developer/pico/pico-sdk/src/rp2_common/pico_divider/divider_hardware.S.o (__aeabi_idiv0)
/Applications/ArmGNUToolchain/15.2.rel1/arm-none-eabi/bin/../lib/gcc/arm-none-eabi/15.2.1/../../../../arm-none-eabi/lib/thumb/v6-m/nofp/libg.a(libc_a-calloc.o)
                              CMakeFiles/picoarc.dir/Users/naoru/Developer/pico/pico-sdk/src/rp2_common/pico_malloc/malloc.c.o (calloc)
/Applications/ArmGNUToolchain/15.2.rel1/arm-none-eabi/bin/../lib/gcc/arm-none-eabi/15.2.1/../../../../arm-none-eabi/lib/thumb/v6-m/nofp/libg.a(libc_a-callocr.o)
                              /Applications/ArmGNUToolchain/15.2.rel1/arm-none-eabi/bin/../lib/gcc/arm-none-eabi/15.2.1/../../../../arm-none-eabi/lib/thumb/v6-m/nofp/libg.a(libc_a-calloc.o) (_calloc_r)
/Applications/ArmGNUToolchain/15.2.rel1/arm-none-eabi/bin/../lib/gcc/arm-none-eabi/15.2.1/../../../../arm-none-eabi/lib/thumb/v6-m/nofp/libg.a(libc_a-malloc.o)
                              CMakeFiles/picoarc.dir/Users/naoru/Developer/pico/pico-sdk/src/rp2_common/pico_malloc/malloc.c.o (malloc)
/Applications/ArmGNUToolchain/15.2.rel1/arm-none-eabi/bin/../lib/gcc/arm-none-eabi/15.2.1/../../../../arm-none-eabi/lib/thumb/v6-m/nofp/libg.a(libc_a-mallocr.o)
                              /Applications/ArmGNUToolchain/15.2.rel1/arm-none-eabi/bin/../lib/gcc/arm-none-eabi/15.2.1/../../../../arm-none-eabi/lib/thumb/v6-m/nofp/libg.a(libc_a-callocr.o) (_malloc_r)
/Applications/ArmGNUToolchain/15.2.rel1/arm-none-eabi/bin/../lib/gcc/arm-none-eabi/15.2.1/../../../../arm-none-eabi/lib/thumb/v6-m/nofp/libg.a(libc_a-mlock.o)
                              /Applications/ArmGNUToolchain/15.2.rel1/arm-none-eabi/bin/../lib/gcc/arm-none-eabi/15.2.1/../../../../arm-none-eabi/lib/thumb/v6-m/nofp/libg.a(libc_a-mallocr.o) (__malloc_lock)
/Applications/ArmGNUToolchain/15.2.rel1/arm-none-eabi/bin/../lib/gcc/arm-none-eabi/15.2.1/../../../../arm-none-eabi/lib/thumb/v6-m/nofp/libg.a(libc_a-realloc.o)
                              CMakeFiles/picoarc.dir/Users/naoru/Developer/pico/pico-sdk/src/rp2_common/pico_malloc/malloc.c.o (realloc)
/Applications/ArmGNUToolchain/15.2.rel1/arm-none-eabi/bin/../lib/gcc/arm-none-eabi/15.2.1/../../../../arm-none-eabi/lib/thumb/v6-m/nofp/libg.a(libc_a-reallocr.o)
                              /Applications/ArmGNUToolchain/15.2.rel1/arm-none-eabi/bin/../lib/gcc/arm-none-eabi/15.2.1/../../../../arm-none-eabi/lib/thumb/v6-m/nofp/libg.a(libc_a-realloc.o) (_realloc_r)
/Applications/ArmGNUToolchain/15.2.rel1/arm-none-eabi/bin/../lib/gcc/arm-none-eabi/15.2.1/../../../../arm-none-eabi/lib/thumb/v6-m/nofp/libg.a(libc_a-memcmp.o)
                              CMakeFiles/picoarc.dir/Users/naoru/Developer/pico/pico-sdk/src/rp2_common/pico_atomic/atomic.c.o (memcmp)
/Applications/ArmGNUToolchain/15.2.rel1/arm-none-eabi/bin/../lib/gcc/arm-none-eabi/15.2.1/../../../../arm-none-eabi/lib/thumb/v6-m/nofp/libg.a(libc_a-memmove.o)
                              /Applications/ArmGNUToolchain/15.2.rel1/arm-none-eabi/bin/../lib/gcc/arm-none-eabi/15.2.1/../../../../arm-none-eabi/lib/thumb/v6-m/nofp/libg.a(libc_a-reallocr.o) (memmove)
/Applications/ArmGNUToolchain/15.2.rel1/arm-none-eabi/bin/../lib/gcc/arm-none-eabi/15.2.1/../../../../arm-none-eabi/lib/thumb/v6-m/nofp/libg.a(libc_a-lcltime_r.o)
                              CMakeFiles/picoarc.dir/Users/naoru/Developer/pico/pico-sdk/src/common/pico_util/datetime.c.o (localtime_r)
/Applications/ArmGNUToolchain/15.2.rel1/arm-none-eabi/bin/../lib/gcc/arm-none-eabi/15.2.1/../../../../arm-none-eabi/lib/thumb/v6-m/nofp/libg.a(libc_a-mktime.o)
                              CMakeFiles/picoarc.dir/Users/naoru/Developer/pico/pico-sdk/src/common/pico_util/datetime.c.o (mktime)
/Applications/ArmGNUToolchain/15.2.rel1/arm-none-eabi/bin/../lib/gcc/arm-none-eabi/15.2.1/../../../../arm-none-eabi/lib/thumb/v6-m/nofp/libg.a(libc_a-month_lengths.o)
                              /Applications/ArmGNUToolchain/15.2.rel1/arm-none-eabi/bin/../lib/gcc/arm-none-eabi/15.2.1/../../../../arm-none-eabi/lib/thumb/v6-m/nofp/libg.a(libc_a-lcltime_r.o) (__month_lengths)
/Applications/ArmGNUToolchain/15.2.rel1/arm-none-eabi/bin/../lib/gcc/arm-none-eabi/15.2.1/../../../../arm-none-eabi/lib/thumb/v6-m/nofp/libg.a(libc_a-tzcalc_limits.o)
                              /Applications/ArmGNUToolchain/15.2.rel1/arm-none-eabi/bin/../lib/gcc/arm-none-eabi/15.2.1/../../../../arm-none-eabi/lib/thumb/v6-m/nofp/libg.a(libc_a-lcltime_r.o) (__tzcalc_limits)
/Applications/ArmGNUToolchain/15.2.rel1/arm-none-eabi/bin/../lib/gcc/arm-none-eabi/15.2.1/../../../../arm-none-eabi/lib/thumb/v6-m/nofp/libg.a(libc_a-tzlock.o)
[...]
Memory Configuration

Name             Origin             Length             Attributes
FLASH            0x10000000         0x00200000         xr
RAM              0x20000000         0x00040000         xrw
SCRATCH_X        0x20040000         0x00001000         xrw
SCRATCH_Y        0x20041000         0x00001000         xrw
*default*        0x00000000         0xffffffff

Linker script and memory map

LOAD /Applications/ArmGNUToolchain/15.2.rel1/arm-none-eabi/bin/../lib/gcc/arm-none-eabi/15.2.1/thumb/v6-m/nofp/crti.o
LOAD /Applications/ArmGNUToolchain/15.2.rel1/arm-none-eabi/bin/../lib/gcc/arm-none-eabi/15.2.1/thumb/v6-m/nofp/crtbegin.o
LOAD /Applications/ArmGNUToolchain/15.2.rel1/arm-none-eabi/bin/../lib/gcc/arm-none-eabi/15.2.1/../../../../arm-none-eabi/lib/thumb/v6-m/nofp/crt0.o

.flash_begin    0x10000000        0x0
                0x10000000                        __flash_binary_start = .

.boot2          0x10000000      0x100
                0x10000000                        __boot2_start__ = .
 *(.boot2)
 .boot2         0x10000000      0x100 pico-sdk/src/rp2040/boot_stage2/CMakeFiles/bs2_default_library.dir/./bs2_default_padded_checksummed.S.o
                0x10000100                        __boot2_end__ = .
                0x00000001                        ASSERT (((__boot2_end__ - __boot2_start__) == 0x100), ERROR: Pico second stage bootloader must be 256 bytes in size)

.text           0x10000100     0xad5c
                0x10000100                        __logical_binary_start = .
 *(.vectors)
 .vectors       0x10000100       0xd4 CMakeFiles/picoarc.dir/Users/naoru/Developer/pico/pico-sdk/src/rp2_common/pico_crt0/crt0.S.o
                0x10000100                __VECTOR_TABLE
                0x10000100                __vectors
                0x100001c0                isr_irq13
                0x100001c0                isr_irq27
                0x100001c0                isr_irq31
                0x100001c0                isr_irq5
                0x100001c0                isr_irq11
                0x100001c0                isr_irq23
                0x100001c0                isr_irq18
                0x100001c0                isr_irq9
                0x100001c0                __unhandled_user_irq
                0x100001c0                isr_irq25
                0x100001c0                isr_irq4
                0x100001c0                isr_irq16
                0x100001c0                isr_irq29
                0x100001c0                isr_irq26
                0x100001c0                isr_irq3
                0x100001c0                isr_irq12
                0x100001c0                isr_irq30
                0x100001c0                isr_irq28
                0x100001c0                isr_irq19
                0x100001c0                isr_irq0
                0x100001c0                isr_irq6
                0x100001c0                isr_irq22
                0x100001c0                isr_irq17
                0x100001c0                isr_irq14
                0x100001c0                __vectors_end
                0x100001c0                __default_isrs_start
                0x100001c0                isr_irq2
                0x100001c0                isr_irq10
                0x100001c0                isr_irq8
                0x100001c0                isr_irq24
                0x100001c0                isr_irq1
                0x100001c0                isr_irq7
                0x100001c0                isr_irq21
                0x100001c0                isr_irq20
                0x100001c0                isr_irq15
                0x100001c6                unhandled_user_irq_num_in_r0
                0x100001c8                isr_invalid
                0x100001ca                isr_nmi
                0x100001cc                isr_hardfault
                0x100001ce                isr_svcall
                0x100001d0                isr_pendsv
                0x100001d2                isr_systick
                0x100001d4                __default_isrs_end
 *(.binary_info_header)
 .binary_info_header
                0x100001d4       0x14 CMakeFiles/picoarc.dir/Users/naoru/Developer/pico/pico-sdk/src/rp2_common/pico_crt0/crt0.S.o
                0x100001e8                        __binary_info_header_end = .
 *(.embedded_block)
                0x100001e8                        __embedded_block_end = .
 *(.reset)
 .reset         0x100001e8       0x9c CMakeFiles/picoarc.dir/Users/naoru/Developer/pico/pico-sdk/src/rp2_common/pico_crt0/crt0.S.o
                0x100001e8                _entry_point
 *(.init)
 .init          0x10000284        0x4 /Applications/ArmGNUToolchain/15.2.rel1/arm-none-eabi/bin/../lib/gcc/arm-none-eabi/15.2.1/thumb/v6-m/nofp/crti.o
                0x10000284                _init
 *(EXCLUDE_FILE(*libm.a: *libc.a:*lib_a-mem*.o *libgcc.a:) .text*)
 .text.register_tm_clones
                0x10000288       0x28 /Applications/ArmGNUToolchain/15.2.rel1/arm-none-eabi/bin/../lib/gcc/arm-none-eabi/15.2.1/thumb/v6-m/nofp/crtbegin.o
 .text.frame_dummy
                0x100002b0       0x24 /Applications/ArmGNUToolchain/15.2.rel1/arm-none-eabi/bin/../lib/gcc/arm-none-eabi/15.2.1/thumb/v6-m/nofp/crtbegin.o
 .text.startup.main
                0x100002d4      0x128 CMakeFiles/picoarc.dir/src/main.c.o
                0x100002d4                main
 .text.arc_init
                0x100003fc       0xb8 CMakeFiles/picoarc.dir/src/arc.c.o
                0x100003fc                arc_init
 .text.arc_task
                0x100004b4      0x940 CMakeFiles/picoarc.dir/src/arc.c.o
                0x100004b4                arc_task
 .text.cec_gpio_irq
                0x10000df4       0x78 CMakeFiles/picoarc.dir/src/cec.c.o
 .text.wait_idle.constprop.0
                0x10000e6c      0x11c CMakeFiles/picoarc.dir/src/cec.c.o
 .text.send_local_ack_slot
                0x10000f88      0x140 CMakeFiles/picoarc.dir/src/cec.c.o
 .text.tx_start_symbols.part.0.constprop.0
                0x100010c8      0x134 CMakeFiles/picoarc.dir/src/cec.c.o
 .text.sample_ack_slot
                0x100011fc      0x3c0 CMakeFiles/picoarc.dir/src/cec.c.o
 .text.cec_send_frame_internal.constprop.1
                0x100015bc      0x448 CMakeFiles/picoarc.dir/src/cec.c.o
 .text.cec_init
                0x10001a04      0x170 CMakeFiles/picoarc.dir/src/cec.c.o
                0x10001a04                cec_init
 .text.cec_bus_is_high
                0x10001b74       0x1c CMakeFiles/picoarc.dir/src/cec.c.o
                0x10001b74                cec_bus_is_high
 .text.cec_set_logical_address
                0x10001b90       0x14 CMakeFiles/picoarc.dir/src/cec.c.o
                0x10001b90                cec_set_logical_address
 .text.cec_send_with_retry
                0x10001ba4       0x2c CMakeFiles/picoarc.dir/src/cec.c.o
                0x10001ba4                cec_send_with_retry
 .text.cec_poll
                0x10001bd0      0x240 CMakeFiles/picoarc.dir/src/cec.c.o
                0x10001bd0                cec_poll
 .text.cec_passive_reset
                0x10001e10       0x54 CMakeFiles/picoarc.dir/src/cec.c.o
                0x10001e10                cec_passive_reset
 .text.cec_receive_frame_passive
                0x10001e64      0x278 CMakeFiles/picoarc.dir/src/cec.c.o
                0x10001e64                cec_receive_frame_passive
 .text.append_bmc_bit
                0x100020dc       0x88 CMakeFiles/picoarc.dir/src/spdif.c.o
 .text.encode_subframe_fast
                0x10002164       0xdc CMakeFiles/picoarc.dir/src/spdif.c.o
 .text.audio_core_main
                0x10002240      0x364 CMakeFiles/picoarc.dir/src/spdif.c.o
 .text.spdif_start
                0x100025a4      0xb1c CMakeFiles/picoarc.dir/src/spdif.c.o
                0x100025a4                spdif_start
 .text.spdif_set_mode
                0x100030c0        0xc CMakeFiles/picoarc.dir/src/spdif.c.o
                0x100030c0                spdif_set_mode
 .text.spdif_get_mode
                0x100030cc        0xc CMakeFiles/picoarc.dir/src/spdif.c.o
                0x100030cc                spdif_get_mode
 .text.spdif_mode_name
                0x100030d8       0x18 CMakeFiles/picoarc.dir/src/spdif.c.o
                0x100030d8                spdif_mode_name
 .text.spdif_write_pcm
                0x100030f0       0x74 CMakeFiles/picoarc.dir/src/spdif.c.o
                0x100030f0                spdif_write_pcm
 .text.spdif_buffered_frames
                0x10003164       0x20 CMakeFiles/picoarc.dir/src/spdif.c.o
                0x10003164                spdif_buffered_frames
 .text.spdif_clear_usb_buffer
                0x10003184       0x24 CMakeFiles/picoarc.dir/src/spdif.c.o
                0x10003184                spdif_clear_usb_buffer
 .text.spdif_take_usb_stats
                0x100031a8       0x40 CMakeFiles/picoarc.dir/src/spdif.c.o
                0x100031a8                spdif_take_usb_stats
 .text.usb_audio_set_cec_audio_status
                0x100031e8       0x44 CMakeFiles/picoarc.dir/src/usb_audio.c.o
                0x100031e8                usb_audio_set_cec_audio_status
 .text.usb_audio_is_streaming
                0x1000322c        0xc CMakeFiles/picoarc.dir/src/usb_audio.c.o
                0x1000322c                usb_audio_is_streaming
 .text.tud_audio_get_req_entity_cb
                0x10003238       0xd4 CMakeFiles/picoarc.dir/src/usb_audio.c.o
                0x10003238                tud_audio_get_req_entity_cb
 .text.tud_audio_set_req_entity_cb
                0x1000330c       0x58 CMakeFiles/picoarc.dir/src/usb_audio.c.o
                0x1000330c                tud_audio_set_req_entity_cb
 .text.tud_audio_set_itf_cb
                0x10003364       0xe8 CMakeFiles/picoarc.dir/src/usb_audio.c.o
                0x10003364                tud_audio_set_itf_cb
 .text.tud_audio_set_itf_close_EP_cb
                0x1000344c       0x58 CMakeFiles/picoarc.dir/src/usb_audio.c.o
                0x1000344c                tud_audio_set_itf_close_EP_cb
 .text.tud_audio_feedback_params_cb
                0x100034a4       0x10 CMakeFiles/picoarc.dir/src/usb_audio.c.o
                0x100034a4                tud_audio_feedback_params_cb
 .text.usb_audio_task
                0x100034b4      0x214 CMakeFiles/picoarc.dir/src/usb_audio.c.o
                0x100034b4                usb_audio_task
 .text.tud_descriptor_device_cb
                0x100036c8        0x8 CMakeFiles/picoarc.dir/src/usb_descriptors.c.o
                0x100036c8                tud_descriptor_device_cb
 .text.tud_descriptor_configuration_cb
                0x100036d0        0x8 CMakeFiles/picoarc.dir/src/usb_descriptors.c.o
                0x100036d0                tud_descriptor_configuration_cb
 .text.tud_descriptor_string_cb
                0x100036d8       0x88 CMakeFiles/picoarc.dir/src/usb_descriptors.c.o
                0x100036d8                tud_descriptor_string_cb
 .text.gpio_default_irq_handler
                0x10003760      0x2c0 CMakeFiles/picoarc.dir/Users/naoru/Developer/pico/pico-sdk/src/rp2_common/hardware_gpio/gpio.c.o
 .text.gpio_set_function
                0x10003a20       0x30 CMakeFiles/picoarc.dir/Users/naoru/Developer/pico/pico-sdk/src/rp2_common/hardware_gpio/gpio.c.o
                0x10003a20                gpio_set_function
 .text.gpio_set_irq_enabled
                0x10003a50       0x54 CMakeFiles/picoarc.dir/Users/naoru/Developer/pico/pico-sdk/src/rp2_common/hardware_gpio/gpio.c.o
                0x10003a50                gpio_set_irq_enabled
 .text.gpio_set_irq_enabled_with_callback
                0x10003aa4       0xb0 CMakeFiles/picoarc.dir/Users/naoru/Developer/pico/pico-sdk/src/rp2_common/hardware_gpio/gpio.c.o
                0x10003aa4                gpio_set_irq_enabled_with_callback
 .text.gpio_init
                0x10003b54       0x3c CMakeFiles/picoarc.dir/Users/naoru/Developer/pico/pico-sdk/src/rp2_common/hardware_gpio/gpio.c.o
                0x10003b54                gpio_init
 .text.rp2040_chip_version
                0x10003b90        0xc CMakeFiles/picoarc.dir/Users/naoru/Developer/pico/pico-sdk/src/rp2040/pico_platform/platform.c.o
                0x10003b90                rp2040_chip_version
 .text.panic    0x10003b9c       0x30 CMakeFiles/picoarc.dir/Users/naoru/Developer/pico/pico-sdk/src/rp2_common/pico_platform_panic/panic.c.o
                0x10003b9c                panic
 .text.hw_claim_lock
                0x10003bcc       0x18 CMakeFiles/picoarc.dir/Users/naoru/Developer/pico/pico-sdk/src/common/hardware_claim/claim.c.o
                0x10003bcc                hw_claim_lock
 .text.hw_claim_unlock
                0x10003be4       0x14 CMakeFiles/picoarc.dir/Users/naoru/Developer/pico/pico-sdk/src/common/hardware_claim/claim.c.o
                0x10003be4                hw_claim_unlock
 .text.hw_claim_or_assert
                0x10003bf8       0x50 CMakeFiles/picoarc.dir/Users/naoru/Developer/pico/pico-sdk/src/common/hardware_claim/claim.c.o
                0x10003bf8                hw_claim_or_assert
 .text.hw_claim_unused_from_range
                0x10003c48       0x88 CMakeFiles/picoarc.dir/Users/naoru/Developer/pico/pico-sdk/src/common/hardware_claim/claim.c.o
                0x10003c48                hw_claim_unused_from_range
 .text.next_striped_spin_lock_num
                0x10003cd0       0x18 CMakeFiles/picoarc.dir/Users/naoru/Developer/pico/pico-sdk/src/rp2_common/hardware_sync/sync.c.o
                0x10003cd0                next_striped_spin_lock_num
 .text.spin_lock_claim_unused
                0x10003ce8       0x20 CMakeFiles/picoarc.dir/Users/naoru/Developer/pico/pico-sdk/src/rp2_common/hardware_sync/sync.c.o
                0x10003ce8                spin_lock_claim_unused
 .text.spin_locks_reset
                0x10003d08       0x1c CMakeFiles/picoarc.dir/Users/naoru/Developer/pico/pico-sdk/src/rp2_common/hardware_sync_spin_lock/sync_spin_lock.c.o
                0x10003d08                spin_locks_reset
 .text.runtime_init_per_core_irq_priorities
                0x10003d24       0x48 CMakeFiles/picoarc.dir/Users/naoru/Developer/pico/pico-sdk/src/rp2_common/hardware_irq/irq.c.o
                0x10003d24                runtime_init_per_core_irq_priorities
 .text.irq_set_enabled
                0x10003d6c       0x24 CMakeFiles/picoarc.dir/Users/naoru/Developer/pico/pico-sdk/src/rp2_common/hardware_irq/irq.c.o
                0x10003d6c                irq_set_enabled
 .text.irq_is_enabled
                0x10003d90       0x18 CMakeFiles/picoarc.dir/Users/naoru/Developer/pico/pico-sdk/src/rp2_common/hardware_irq/irq.c.o
                0x10003d90                irq_is_enabled
 .text.irq_set_exclusive_handler
                0x10003da8       0x54 CMakeFiles/picoarc.dir/Users/naoru/Developer/pico/pico-sdk/src/rp2_common/hardware_irq/irq.c.o
                0x10003da8                irq_set_exclusive_handler
 .text.irq_add_shared_handler
                0x10003dfc      0x1cc CMakeFiles/picoarc.dir/Users/naoru/Developer/pico/pico-sdk/src/rp2_common/hardware_irq/irq.c.o
                0x10003dfc                irq_add_shared_handler
 .text.irq_remove_handler
                0x10003fc8      0x1c8 CMakeFiles/picoarc.dir/Users/naoru/Developer/pico/pico-sdk/src/rp2_common/hardware_irq/irq.c.o
                0x10003fc8                irq_remove_handler
 .text.irq_add_tail_to_free_list
                0x10004190       0xb4 CMakeFiles/picoarc.dir/Users/naoru/Developer/pico/pico-sdk/src/rp2_common/hardware_irq/irq.c.o
                0x10004190                irq_add_tail_to_free_list
 .text.lock_init
                0x10004244       0x10 CMakeFiles/picoarc.dir/Users/naoru/Developer/pico/pico-sdk/src/common/pico_sync/lock_core.c.o
                0x10004244                lock_init
 .text.runtime_init_mutex
                0x10004254       0x50 CMakeFiles/picoarc.dir/Users/naoru/Developer/pico/pico-sdk/src/common/pico_sync/mutex.c.o
                0x10004254                runtime_init_mutex
 .text.mutex_init
                0x100042a4       0x1c CMakeFiles/picoarc.dir/Users/naoru/Developer/pico/pico-sdk/src/common/pico_sync/mutex.c.o
                0x100042a4                mutex_init
 .text.critical_section_init
                0x100042c0       0x1c CMakeFiles/picoarc.dir/Users/naoru/Developer/pico/pico-sdk/src/common/pico_sync/critical_section.c.o
                0x100042c0                critical_section_init
 .text.sleep_until_callback
                0x100042dc       0x30 CMakeFiles/picoarc.dir/Users/naoru/Developer/pico/pico-sdk/src/common/pico_time/time.c.o
 .text.alarm_pool_irq_handler
                0x1000430c      0x2f4 CMakeFiles/picoarc.dir/Users/naoru/Developer/pico/pico-sdk/src/common/pico_time/time.c.o
 .text.runtime_init_default_alarm_pool
                0x10004600       0xd8 CMakeFiles/picoarc.dir/Users/naoru/Developer/pico/pico-sdk/src/common/pico_time/time.c.o
                0x10004600                runtime_init_default_alarm_pool
 .text.alarm_pool_get_default
                0x100046d8        0x8 CMakeFiles/picoarc.dir/Users/naoru/Developer/pico/pico-sdk/src/common/pico_time/time.c.o
                0x100046d8                alarm_pool_get_default
 .text.alarm_pool_add_alarm_at_force_in_context
                0x100046e0       0xbc CMakeFiles/picoarc.dir/Users/naoru/Developer/pico/pico-sdk/src/common/pico_time/time.c.o
                0x100046e0                alarm_pool_add_alarm_at_force_in_context
 .text.alarm_pool_cancel_alarm
                0x1000479c       0x74 CMakeFiles/picoarc.dir/Users/naoru/Developer/pico/pico-sdk/src/common/pico_time/time.c.o
                0x1000479c                alarm_pool_cancel_alarm
 .text.alarm_pool_core_num
                0x10004810        0x4 CMakeFiles/picoarc.dir/Users/naoru/Developer/pico/pico-sdk/src/common/pico_time/time.c.o
                0x10004810                alarm_pool_core_num
 .text.sleep_ms
                0x10004814       0xfc CMakeFiles/picoarc.dir/Users/naoru/Developer/pico/pico-sdk/src/common/pico_time/time.c.o
                0x10004814                sleep_ms
 .text.best_effort_wfe_or_timeout
                0x10004910      0x100 CMakeFiles/picoarc.dir/Users/naoru/Developer/pico/pico-sdk/src/common/pico_time/time.c.o
                0x10004910                best_effort_wfe_or_timeout
 .text.timer_hardware_alarm_claim
                0x10004a10       0x14 CMakeFiles/picoarc.dir/Users/naoru/Developer/pico/pico-sdk/src/rp2_common/hardware_timer/timer.c.o
                0x10004a10                timer_hardware_alarm_claim
 .text.timer_time_us_64
                0x10004a24       0x10 CMakeFiles/picoarc.dir/Users/naoru/Developer/pico/pico-sdk/src/rp2_common/hardware_timer/timer.c.o
                0x10004a24                timer_time_us_64
 .text.time_us_64
                0x10004a34       0x14 CMakeFiles/picoarc.dir/Users/naoru/Developer/pico/pico-sdk/src/rp2_common/hardware_timer/timer.c.o
                0x10004a34                time_us_64
 .text.busy_wait_until
                0x10004a48       0x20 CMakeFiles/picoarc.dir/Users/naoru/Developer/pico/pico-sdk/src/rp2_common/hardware_timer/timer.c.o
                0x10004a48                busy_wait_until
 .text.clock_configure_int_divider
                0x10004a68       0xec CMakeFiles/picoarc.dir/Users/naoru/Developer/pico/pico-sdk/src/rp2_common/hardware_clocks/clocks.c.o
                0x10004a68                clock_configure_int_divider
 .text.clock_configure_undivided
                0x10004b54       0xe0 CMakeFiles/picoarc.dir/Users/naoru/Developer/pico/pico-sdk/src/rp2_common/hardware_clocks/clocks.c.o
                0x10004b54                clock_configure_undivided
 .text.clock_get_hz
                0x10004c34        0xc CMakeFiles/picoarc.dir/Users/naoru/Developer/pico/pico-sdk/src/rp2_common/hardware_clocks/clocks.c.o
                0x10004c34                clock_get_hz
 .text.pll_init
                0x10004c40       0xb0 CMakeFiles/picoarc.dir/Users/naoru/Developer/pico/pico-sdk/src/rp2_common/hardware_pll/pll.c.o
                0x10004c40                pll_init
 .text.watchdog_reboot
                0x10004cf0       0x9c CMakeFiles/picoarc.dir/Users/naoru/Developer/pico/pico-sdk/src/rp2_common/hardware_watchdog/watchdog.c.o
                0x10004cf0                watchdog_reboot
 .text.tick_start
                0x10004d8c       0x10 CMakeFiles/picoarc.dir/Users/naoru/Developer/pico/pico-sdk/src/rp2_common/hardware_ticks/ticks.c.o
                0x10004d8c                tick_start
 .text.rom_func_lookup
                0x10004d9c       0x10 CMakeFiles/picoarc.dir/Users/naoru/Developer/pico/pico-sdk/src/rp2_common/pico_bootrom/bootrom.c.o
                0x10004d9c                rom_func_lookup
 .text.rom_data_lookup
                0x10004dac       0x10 CMakeFiles/picoarc.dir/Users/naoru/Developer/pico/pico-sdk/src/rp2_common/pico_bootrom/bootrom.c.o
                0x10004dac                rom_data_lookup
 .text.rom_funcs_lookup
                0x10004dbc       0x44 CMakeFiles/picoarc.dir/Users/naoru/Developer/pico/pico-sdk/src/rp2_common/pico_bootrom/bootrom.c.o
                0x10004dbc                rom_funcs_lookup
 .text.rom_reset_usb_boot_extra
                0x10004e00       0x24 CMakeFiles/picoarc.dir/Users/naoru/Developer/pico/pico-sdk/src/rp2_common/pico_bootrom/bootrom.c.o
                0x10004e00                rom_reset_usb_boot_extra
 .text.xosc_init
                0x10004e24       0x28 CMakeFiles/picoarc.dir/Users/naoru/Developer/pico/pico-sdk/src/rp2_common/hardware_xosc/xosc.c.o
                0x10004e24                xosc_init
 .text.first_per_core_initializer
                0x10004e4c        0x4 CMakeFiles/picoarc.dir/Users/naoru/Developer/pico/pico-sdk/src/rp2_common/pico_runtime/runtime.c.o
 .text.hard_assertion_failure
                0x10004e50        0xc CMakeFiles/picoarc.dir/Users/naoru/Developer/pico/pico-sdk/src/rp2_common/pico_runtime/runtime.c.o
                0x10004e50                hard_assertion_failure
 .text.runtime_run_initializers
                0x10004e5c       0x28 CMakeFiles/picoarc.dir/Users/naoru/Developer/pico/pico-sdk/src/rp2_common/pico_runtime/runtime.c.o
                0x10004e5c                runtime_run_initializers
 .text.runtime_run_per_core_initializers
                0x10004e84       0x28 CMakeFiles/picoarc.dir/Users/naoru/Developer/pico/pico-sdk/src/rp2_common/pico_runtime/runtime.c.o
                0x10004e84                runtime_run_per_core_initializers
 .text.runtime_init_early_resets
                0x10004eac       0x2c CMakeFiles/picoarc.dir/Users/naoru/Developer/pico/pico-sdk/src/rp2_common/pico_runtime_init/runtime_init.c.o
                0x10004eac                runtime_init_early_resets
 .text.runtime_init_usb_power_down
                0x10004ed8       0x1c CMakeFiles/picoarc.dir/Users/naoru/Developer/pico/pico-sdk/src/rp2_common/pico_runtime_init/runtime_init.c.o
                0x10004ed8                runtime_init_usb_power_down
 .text.runtime_init_post_clock_resets
                0x10004ef4       0x20 CMakeFiles/picoarc.dir/Users/naoru/Developer/pico/pico-sdk/src/rp2_common/pico_runtime_init/runtime_init.c.o
                0x10004ef4                runtime_init_post_clock_resets
 .text.runtime_init_rp2040_gpio_ie_disable
                0x10004f14       0x14 CMakeFiles/picoarc.dir/Users/naoru/Developer/pico/pico-sdk/src/rp2_common/pico_runtime_init/runtime_init.c.o
                0x10004f14                runtime_init_rp2040_gpio_ie_disable
 .text.runtime_init_spin_locks_reset
                0x10004f28        0x8 CMakeFiles/picoarc.dir/Users/naoru/Developer/pico/pico-sdk/src/rp2_common/pico_runtime_init/runtime_init.c.o
                0x10004f28                runtime_init_spin_locks_reset
 .text.runtime_init_install_ram_vector_table
                0x10004f30       0xb8 CMakeFiles/picoarc.dir/Users/naoru/Developer/pico/pico-sdk/src/rp2_common/pico_runtime_init/runtime_init.c.o
                0x10004f30                runtime_init_install_ram_vector_table
 .text.runtime_init_clocks
                0x10004fe8       0xd8 CMakeFiles/picoarc.dir/Users/naoru/Developer/pico/pico-sdk/src/rp2_common/pico_runtime_init/runtime_init_clocks.c.o
                0x10004fe8                runtime_init_clocks
 .text          0x100050c0       0x10 CMakeFiles/picoarc.dir/Users/naoru/Developer/pico/pico-sdk/src/rp2_common/pico_bit_ops/bit_ops_aeabi.S.o
 .text.__wrap___aeabi_idiv
                0x100050d0       0x50 CMakeFiles/picoarc.dir/Users/naoru/Developer/pico/pico-sdk/src/rp2_common/pico_divider/divider_hardware.S.o
                0x100050d0                __wrap___aeabi_idivmod
                0x100050d0                divmod_s32s32
                0x100050d0                div_s32s32
                0x100050d0                __wrap___aeabi_idiv
                0x100050d8                divmod_s32s32_unsafe
                0x10005104                divmod_s32s32_savestate
 .text.__wrap___aeabi_uidiv
                0x10005120       0x4c CMakeFiles/picoarc.dir/Users/naoru/Developer/pico/pico-sdk/src/rp2_common/pico_divider/divider_hardware.S.o
                0x10005120                __wrap___aeabi_uidiv
                0x10005120                __wrap___aeabi_uidivmod
                0x10005120                div_u32u32
                0x10005120                divmod_u32u32
                0x10005128                divmod_u32u32_unsafe
                0x10005150                divmod_u32u32_savestate
 .text.__wrap___aeabi_ldiv
                0x1000516c      0x424 CMakeFiles/picoarc.dir/Users/naoru/Developer/pico/pico-sdk/src/rp2_common/pico_divider/divider_hardware.S.o
                0x1000516c                __wrap___aeabi_ldivmod
                0x1000516c                div_s64s64
                0x1000516c                divmod_s64s64
                0x1000519c                divmod_u64u64
                0x1000519c                div_u64u64
                0x1000519c                __wrap___aeabi_uldivmod
                0x100051ac                divmod_u64u64_savestate
                0x100051cc                divmod_s64s64_unsafe
                0x10005254                divmod_u64u64_unsafe
 .text.__wrap___aeabi_darithmetic
                0x10005590       0x80 CMakeFiles/picoarc.dir/Users/naoru/Developer/pico/pico-sdk/src/rp2_common/pico_double/double_aeabi_rp2040.S.o
                0x10005590                __wrap___aeabi_drsub
                0x10005596                __wrap___aeabi_dsub
                0x100055a8                __wrap___aeabi_dadd
                0x100055ba                __wrap___aeabi_ddiv
                0x100055f6                __wrap___aeabi_dmul
 .text.__wrap___aeabi_cdcmple
                0x10005610       0x6c CMakeFiles/picoarc.dir/Users/naoru/Developer/pico/pico-sdk/src/rp2_common/pico_double/double_aeabi_rp2040.S.o
                0x10005610                __wrap___aeabi_cdrcmple
                0x10005620                __wrap___aeabi_cdcmple
                0x10005620                __wrap___aeabi_cdcmpeq
 .text.__wrap___aeabi_dcmplt
                0x1000567c        0xc CMakeFiles/picoarc.dir/Users/naoru/Developer/pico/pico-sdk/src/rp2_common/pico_double/double_aeabi_rp2040.S.o
                0x1000567c                __wrap___aeabi_dcmplt
 .text.__wrap___aeabi_dcmple
                0x10005688       0x10 CMakeFiles/picoarc.dir/Users/naoru/Developer/pico/pico-sdk/src/rp2_common/pico_double/double_aeabi_rp2040.S.o
                0x10005688                __wrap___aeabi_dcmple
 .text.__wrap___aeabi_dcmpge
                0x10005698       0x10 CMakeFiles/picoarc.dir/Users/naoru/Developer/pico/pico-sdk/src/rp2_common/pico_double/double_aeabi_rp2040.S.o
                0x10005698                __wrap___aeabi_dcmpge
 .text.__wrap___aeabi_dcmpgt
                0x100056a8        0xa CMakeFiles/picoarc.dir/Users/naoru/Developer/pico/pico-sdk/src/rp2_common/pico_double/double_aeabi_rp2040.S.o
                0x100056a8                __wrap___aeabi_dcmpgt
 .text.__wrap___aeabi_dcmpun
                0x100056b2       0x18 CMakeFiles/picoarc.dir/Users/naoru/Developer/pico/pico-sdk/src/rp2_common/pico_double/double_aeabi_rp2040.S.o
                0x100056b2                __wrap___aeabi_dcmpun
 *fill*         0x100056ca        0x2 
 .text.__wrap___aeabi_i2d
                0x100056cc       0x38 CMakeFiles/picoarc.dir/Users/naoru/Developer/pico/pico-sdk/src/rp2_common/pico_double/double_aeabi_rp2040.S.o
                0x100056cc                __wrap___aeabi_ui2d
                0x100056cc                uint2double
                0x100056d4                __wrap___aeabi_i2d
                0x100056d4                int2double
 .text.__wrap___aeabi_d2iz
                0x10005704       0x48 CMakeFiles/picoarc.dir/Users/naoru/Developer/pico/pico-sdk/src/rp2_common/pico_double/double_aeabi_rp2040.S.o
                0x10005704                __wrap___aeabi_d2iz
                0x10005704                double2int_z
 .text.__wrap___aeabi_d2uiz
                0x1000574c       0x18 CMakeFiles/picoarc.dir/Users/naoru/Developer/pico/pico-sdk/src/rp2_common/pico_double/double_aeabi_rp2040.S.o
                0x1000574c                double2uint_z
                0x1000574c                double2uint
                0x1000574c                __wrap___aeabi_d2uiz
 .text.__aeabi_double_init
                0x10005764       0xa4 CMakeFiles/picoarc.dir/Users/naoru/Developer/pico/pico-sdk/src/rp2_common/pico_double/double_init_rom_rp2040.c.o
                0x10005764                __aeabi_double_init
 .text.double_table_shim_on_use_helper
                0x10005808       0x2c CMakeFiles/picoarc.dir/Users/naoru/Developer/pico/pico-sdk/src/rp2_common/pico_double/double_v1_rom_shim_rp2040.S.o
                0x10005808                double_table_shim_on_use_helper
 .text.__wrap___aeabi_dsub
                0x10005834       0x10 CMakeFiles/picoarc.dir/Users/naoru/Developer/pico/pico-sdk/src/rp2_common/pico_double/double_v1_rom_shim_rp2040.S.o
                0x10005834                drsub_shim
                0x1000583a                dsub_shim
 .text.dadd_shim
                0x10005844      0x15c CMakeFiles/picoarc.dir/Users/naoru/Developer/pico/pico-sdk/src/rp2_common/pico_double/double_v1_rom_shim_rp2040.S.o
                0x10005844                dadd_shim
 .text.dmul_shim
                0x100059a0      0x15c CMakeFiles/picoarc.dir/Users/naoru/Developer/pico/pico-sdk/src/rp2_common/pico_double/double_v1_rom_shim_rp2040.S.o
                0x100059a0                dmul_shim
 .text.ddiv_shim
                0x10005afc      0x1b0 CMakeFiles/picoarc.dir/Users/naoru/Developer/pico/pico-sdk/src/rp2_common/pico_double/double_v1_rom_shim_rp2040.S.o
                0x10005afc                ddiv_shim
 .text.double2uint_shim
                0x10005cac        0xe CMakeFiles/picoarc.dir/Users/naoru/Developer/pico/pico-sdk/src/rp2_common/pico_double/double_v1_rom_shim_rp2040.S.o
                0x10005cac                double2uint_shim
                0x10005cae                double2ufix_shim
 *fill*         0x10005cba        0x2 
 .text.double2uint64_shim
                0x10005cbc       0x70 CMakeFiles/picoarc.dir/Users/naoru/Developer/pico/pico-sdk/src/rp2_common/pico_double/double_v1_rom_shim_rp2040.S.o
                0x10005cbc                double2uint64_shim
                0x10005cbe                double2ufix64_shim
                0x10005cde                d2fix_a
 .text.dunpacks
                0x10005d2c       0x3c CMakeFiles/picoarc.dir/Users/naoru/Developer/pico/pico-sdk/src/rp2_common/pico_double/double_v1_rom_shim_rp2040.S.o
                0x10005d2c                dunpacks
 .text.__aeabi_lmul
                0x10005d68       0x32 CMakeFiles/picoarc.dir/Users/naoru/Developer/pico/pico-sdk/src/rp2_common/pico_int64_ops/pico_int64_ops_aeabi.S.o
                0x10005d68                __wrap___aeabi_lmul
 *fill*         0x10005d9a        0x2 
 .text.__wrap___aeabi_farithmetic
                0x10005d9c       0x48 CMakeFiles/picoarc.dir/Users/naoru/Developer/pico/pico-sdk/src/rp2_common/pico_float/float_aeabi_rp2040.S.o
                0x10005d9c                __wrap___aeabi_frsub
                0x10005da2                __wrap___aeabi_fsub
                0x10005da8                __wrap___aeabi_fadd
                0x10005dae                __wrap___aeabi_fdiv
                0x10005dd6                __wrap___aeabi_fmul
 .text.__wrap___aeabi_ui2f
                0x10005de4        0xa CMakeFiles/picoarc.dir/Users/naoru/Developer/pico/pico-sdk/src/rp2_common/pico_float/float_aeabi_rp2040.S.o
                0x10005de4                uint2float
                0x10005de4                __wrap___aeabi_ui2f
 *fill*         0x10005dee        0x2 
 .text.__wrap___aeabi_i2f
                0x10005df0       0x44 CMakeFiles/picoarc.dir/Users/naoru/Developer/pico/pico-sdk/src/rp2_common/pico_float/float_aeabi_rp2040.S.o
                0x10005df0                int2float
                0x10005df0                __wrap___aeabi_i2f
 .text.__wrap___aeabi_f2uiz
                0x10005e34        0xc CMakeFiles/picoarc.dir/Users/naoru/Developer/pico/pico-sdk/src/rp2_common/pico_float/float_aeabi_rp2040.S.o
                0x10005e34                float2uint
                0x10005e34                float2uint_z
                0x10005e34                __wrap___aeabi_f2uiz
 .text.__aeabi_float_init
                0x10005e40       0x68 CMakeFiles/picoarc.dir/Users/naoru/Developer/pico/pico-sdk/src/rp2_common/pico_float/float_init_rom_rp2040.c.o
                0x10005e40                __aeabi_float_init
 .text.float_table_shim_on_use_helper
                0x10005ea8       0x2c CMakeFiles/picoarc.dir/Users/naoru/Developer/pico/pico-sdk/src/rp2_common/pico_float/float_v1_rom_shim_rp2040.S.o
                0x10005ea8                float_table_shim_on_use_helper
 .text          0x10005ed4       0x10 CMakeFiles/picoarc.dir/Users/naoru/Developer/pico/pico-sdk/src/rp2_common/pico_mem_ops/mem_ops_aeabi.S.o
                0x10005ed4                __aeabi_mem_init
 .text.memset   0x10005ee4        0xc CMakeFiles/picoarc.dir/Users/naoru/Developer/pico/pico-sdk/src/rp2_common/pico_mem_ops/mem_ops_aeabi.S.o
                0x10005ee4                __wrap_memset
 .text.memcpy   0x10005ef0        0xc CMakeFiles/picoarc.dir/Users/naoru/Developer/pico/pico-sdk/src/rp2_common/pico_mem_ops/mem_ops_aeabi.S.o
                0x10005ef0                __wrap___aeabi_memcpy
                0x10005ef0                __wrap_memcpy
 .text._out_null
                0x10005efc        0x4 CMakeFiles/picoarc.dir/Users/naoru/Developer/pico/pico-sdk/src/rp2_common/pico_printf/printf.c.o
 .text._out_rev
                0x10005f00       0xa8 CMakeFiles/picoarc.dir/Users/naoru/Developer/pico/pico-sdk/src/rp2_common/pico_printf/printf.c.o
 .text._ntoa_format
                0x10005fa8      0x1d8 CMakeFiles/picoarc.dir/Users/naoru/Developer/pico/pico-sdk/src/rp2_common/pico_printf/printf.c.o
 .text._out_char
                0x10006180       0x10 CMakeFiles/picoarc.dir/Users/naoru/Developer/pico/pico-sdk/src/rp2_common/pico_printf/printf.c.o
 .text._out_fct
                0x10006190       0x10 CMakeFiles/picoarc.dir/Users/naoru/Developer/pico/pico-sdk/src/rp2_common/pico_printf/printf.c.o
 .text._ftoa    0x100061a0      0x474 CMakeFiles/picoarc.dir/Users/naoru/Developer/pico/pico-sdk/src/rp2_common/pico_printf/printf.c.o
 .text._etoa    0x10006614      0x560 CMakeFiles/picoarc.dir/Users/naoru/Developer/pico/pico-sdk/src/rp2_common/pico_printf/printf.c.o
 .text._vsnprintf
                0x10006b74      0xab8 CMakeFiles/picoarc.dir/Users/naoru/Developer/pico/pico-sdk/src/rp2_common/pico_printf/printf.c.o
 .text.vfctprintf
                0x1000762c       0x20 CMakeFiles/picoarc.dir/Users/naoru/Developer/pico/pico-sdk/src/rp2_common/pico_printf/printf.c.o
                0x1000762c                vfctprintf
 .text.weak_raw_vprintf
                0x1000764c       0x30 CMakeFiles/picoarc.dir/Users/naoru/Developer/pico/pico-sdk/src/rp2_common/pico_printf/printf.c.o
                0x1000764c                weak_raw_vprintf
 .text._exit    0x1000767c        0x4 CMakeFiles/picoarc.dir/Users/naoru/Developer/pico/pico-sdk/src/rp2_common/pico_clib_interface/newlib_interface.c.o
                0x1000767c                _exit
 .text.exit     0x10007680        0x8 CMakeFiles/picoarc.dir/Users/naoru/Developer/pico/pico-sdk/src/rp2_common/pico_clib_interface/newlib_interface.c.o
                0x10007680                exit
 .text.runtime_init
                0x10007688       0x2c CMakeFiles/picoarc.dir/Users/naoru/Developer/pico/pico-sdk/src/rp2_common/pico_clib_interface/newlib_interface.c.o
                0x10007688                runtime_init
 .text.stdio_out_chars_no_crlf
                0x100076b4       0x10 CMakeFiles/picoarc.dir/Users/naoru/Developer/pico/pico-sdk/src/rp2_common/pico_stdio/stdio.c.o
 .text.stdio_out_chars_crlf
                0x100076c4       0x90 CMakeFiles/picoarc.dir/Users/naoru/Developer/pico/pico-sdk/src/rp2_common/pico_stdio/stdio.c.o
 .text.stdio_buffered_printer
                0x10007754       0x64 CMakeFiles/picoarc.dir/Users/naoru/Developer/pico/pico-sdk/src/rp2_common/pico_stdio/stdio.c.o
 .text.stdio_put_string
                0x100077b8       0xf4 CMakeFiles/picoarc.dir/Users/naoru/Developer/pico/pico-sdk/src/rp2_common/pico_stdio/stdio.c.o
                0x100077b8                stdio_put_string
 .text.stdio_set_driver_enabled
                0x100078ac       0x30 CMakeFiles/picoarc.dir/Users/naoru/Developer/pico/pico-sdk/src/rp2_common/pico_stdio/stdio.c.o
                0x100078ac                stdio_set_driver_enabled
 .text.stdio_init_all
                0x100078dc        0x8 CMakeFiles/picoarc.dir/Users/naoru/Developer/pico/pico-sdk/src/rp2_common/pico_stdio/stdio.c.o
                0x100078dc                stdio_init_all
 .text.__wrap_putchar
                0x100078e4       0x94 CMakeFiles/picoarc.dir/Users/naoru/Developer/pico/pico-sdk/src/rp2_common/pico_stdio/stdio.c.o
                0x100078e4                stdio_putchar
                0x100078e4                __wrap_putchar
 .text.__wrap_puts
                0x10007978       0x3c CMakeFiles/picoarc.dir/Users/naoru/Developer/pico/pico-sdk/src/rp2_common/pico_stdio/stdio.c.o
                0x10007978                __wrap_puts
                0x10007978                stdio_puts
 .text.__wrap_vprintf
                0x100079b4       0xc8 CMakeFiles/picoarc.dir/Users/naoru/Developer/pico/pico-sdk/src/rp2_common/pico_stdio/stdio.c.o
                0x100079b4                __wrap_vprintf
                0x100079b4                stdio_vprintf
 .text.__wrap_printf
                0x10007a7c       0x18 CMakeFiles/picoarc.dir/Users/naoru/Developer/pico/pico-sdk/src/rp2_common/pico_stdio/stdio.c.o
                0x10007a7c                stdio_printf
                0x10007a7c                __wrap_printf
 .text.resetd_init
                0x10007a94        0x4 CMakeFiles/picoarc.dir/Users/naoru/Developer/pico/pico-sdk/src/rp2_common/pico_stdio_usb/reset_interface.c.o
 .text.resetd_reset
                0x10007a98        0xc CMakeFiles/picoarc.dir/Users/naoru/Developer/pico/pico-sdk/src/rp2_common/pico_stdio_usb/reset_interface.c.o
 .text.resetd_open
                0x10007aa4       0x28 CMakeFiles/picoarc.dir/Users/naoru/Developer/pico/pico-sdk/src/rp2_common/pico_stdio_usb/reset_interface.c.o
 .text.resetd_xfer_cb
                0x10007acc        0x4 CMakeFiles/picoarc.dir/Users/naoru/Developer/pico/pico-sdk/src/rp2_common/pico_stdio_usb/reset_interface.c.o
 .text.resetd_control_xfer_cb
                0x10007ad0       0x54 CMakeFiles/picoarc.dir/Users/naoru/Developer/pico/pico-sdk/src/rp2_common/pico_stdio_usb/reset_interface.c.o
 .text.usbd_app_driver_get_cb
                0x10007b24        0xc CMakeFiles/picoarc.dir/Users/naoru/Developer/pico/pico-sdk/src/rp2_common/pico_stdio_usb/reset_interface.c.o
                0x10007b24                usbd_app_driver_get_cb
 .text.tud_cdc_line_coding_cb
                0x10007b30       0x2c CMakeFiles/picoarc.dir/Users/naoru/Developer/pico/pico-sdk/src/rp2_common/pico_stdio_usb/reset_interface.c.o
                0x10007b30                tud_cdc_line_coding_cb
 .text.stdio_usb_set_chars_available_callback
                0x10007b5c       0x14 CMakeFiles/picoarc.dir/Users/naoru/Developer/pico/pico-sdk/src/rp2_common/pico_stdio_usb/stdio_usb.c.o
                0x10007b5c                stdio_usb_set_chars_available_callback
 .text.stdio_usb_in_chars
                0x10007b70       0x8c CMakeFiles/picoarc.dir/Users/naoru/Developer/pico/pico-sdk/src/rp2_common/pico_stdio_usb/stdio_usb.c.o
                0x10007b70                stdio_usb_in_chars
 .text.stdio_usb_out_flush
                0x10007bfc       0x4c CMakeFiles/picoarc.dir/Users/naoru/Developer/pico/pico-sdk/src/rp2_common/pico_stdio_usb/stdio_usb.c.o
 .text.stdio_usb_out_chars
                0x10007c48       0xf8 CMakeFiles/picoarc.dir/Users/naoru/Developer/pico/pico-sdk/src/rp2_common/pico_stdio_usb/stdio_usb.c.o
 .text.stdio_usb_init
                0x10007d40       0x44 CMakeFiles/picoarc.dir/Users/naoru/Developer/pico/pico-sdk/src/rp2_common/pico_stdio_usb/stdio_usb.c.o
                0x10007d40                stdio_usb_init
 .text.startup._retrieve_unique_id_on_boot
                0x10007d84       0x10 CMakeFiles/picoarc.dir/Users/naoru/Developer/pico/pico-sdk/src/rp2_common/pico_unique_id/unique_id.c.o
 .text.pico_get_unique_board_id_string
                0x10007d94      0x1e0 CMakeFiles/picoarc.dir/Users/naoru/Developer/pico/pico-sdk/src/rp2_common/pico_unique_id/unique_id.c.o
                0x10007d94                pico_get_unique_board_id_string
 .text.flash_get_unique_id
                0x10007f74       0x3c CMakeFiles/picoarc.dir/Users/naoru/Developer/pico/pico-sdk/src/rp2_common/hardware_flash/flash.c.o
                0x10007f74                flash_get_unique_id
 .text.dcd_init
                0x10007fb0       0x90 CMakeFiles/picoarc.dir/Users/naoru/Developer/pico/pico-sdk/lib/tinyusb/src/portable/raspberrypi/rp2040/dcd_rp2040.c.o
                0x10007fb0                dcd_init
 .text.dcd_int_enable
                0x10008040        0xc CMakeFiles/picoarc.dir/Users/naoru/Developer/pico/pico-sdk/lib/tinyusb/src/portable/raspberrypi/rp2040/dcd_rp2040.c.o
                0x10008040                dcd_int_enable
 .text.dcd_set_address
                0x1000804c       0x14 CMakeFiles/picoarc.dir/Users/naoru/Developer/pico/pico-sdk/lib/tinyusb/src/portable/raspberrypi/rp2040/dcd_rp2040.c.o
                0x1000804c                dcd_set_address
 .text.dcd_sof_enable
                0x10008060       0x1c CMakeFiles/picoarc.dir/Users/naoru/Developer/pico/pico-sdk/lib/tinyusb/src/portable/raspberrypi/rp2040/dcd_rp2040.c.o
                0x10008060                dcd_sof_enable
 .text.dcd_edpt0_status_complete
                0x1000807c       0x1c CMakeFiles/picoarc.dir/Users/naoru/Developer/pico/pico-sdk/lib/tinyusb/src/portable/raspberrypi/rp2040/dcd_rp2040.c.o
                0x1000807c                dcd_edpt0_status_complete
 .text.dcd_edpt_open
                0x10008098      0x114 CMakeFiles/picoarc.dir/Users/naoru/Developer/pico/pico-sdk/lib/tinyusb/src/portable/raspberrypi/rp2040/dcd_rp2040.c.o
                0x10008098                dcd_edpt_open
 .text.dcd_edpt_iso_alloc
                0x100081ac       0xc0 CMakeFiles/picoarc.dir/Users/naoru/Developer/pico/pico-sdk/lib/tinyusb/src/portable/raspberrypi/rp2040/dcd_rp2040.c.o
                0x100081ac                dcd_edpt_iso_alloc
 .text.dcd_edpt_iso_activate
                0x1000826c       0x48 CMakeFiles/picoarc.dir/Users/naoru/Developer/pico/pico-sdk/lib/tinyusb/src/portable/raspberrypi/rp2040/dcd_rp2040.c.o
                0x1000826c                dcd_edpt_iso_activate
 .text.dcd_edpt_close_all
                0x100082b4        0x8 CMakeFiles/picoarc.dir/Users/naoru/Developer/pico/pico-sdk/lib/tinyusb/src/portable/raspberrypi/rp2040/dcd_rp2040.c.o
                0x100082b4                dcd_edpt_close_all
 .text.dcd_edpt_xfer
                0x100082bc       0x24 CMakeFiles/picoarc.dir/Users/naoru/Developer/pico/pico-sdk/lib/tinyusb/src/portable/raspberrypi/rp2040/dcd_rp2040.c.o
                0x100082bc                dcd_edpt_xfer
 .text.dcd_edpt_stall
                0x100082e0       0x3c CMakeFiles/picoarc.dir/Users/naoru/Developer/pico/pico-sdk/lib/tinyusb/src/portable/raspberrypi/rp2040/dcd_rp2040.c.o
                0x100082e0                dcd_edpt_stall
 .text.dcd_edpt_clear_stall
                0x1000831c       0x30 CMakeFiles/picoarc.dir/Users/naoru/Developer/pico/pico-sdk/lib/tinyusb/src/portable/raspberrypi/rp2040/dcd_rp2040.c.o
                0x1000831c                dcd_edpt_clear_stall
 .text.rp2040_usb_init
                0x1000834c       0x40 CMakeFiles/picoarc.dir/Users/naoru/Developer/pico/pico-sdk/lib/tinyusb/src/portable/raspberrypi/rp2040/rp2040_usb.c.o
                0x1000834c                rp2040_usb_init
 .text.hw_endpoint_xfer_start
                0x1000838c       0x40 CMakeFiles/picoarc.dir/Users/naoru/Developer/pico/pico-sdk/lib/tinyusb/src/portable/raspberrypi/rp2040/rp2040_usb.c.o
                0x1000838c                hw_endpoint_xfer_start
 .text.tud_vendor_control_xfer_cb
                0x100083cc        0x4 CMakeFiles/picoarc.dir/Users/naoru/Developer/pico/pico-sdk/lib/tinyusb/src/device/usbd.c.o
                0x100083cc                tud_vendor_control_xfer_cb
 .text.tud_event_hook_cb
                0x100083d0        0x4 CMakeFiles/picoarc.dir/Users/naoru/Developer/pico/pico-sdk/lib/tinyusb/src/device/usbd.c.o
                0x100083d0                tud_event_hook_cb
 .text.tud_sof_cb
                0x100083d4        0x4 CMakeFiles/picoarc.dir/Users/naoru/Developer/pico/pico-sdk/lib/tinyusb/src/device/usbd.c.o
                0x100083d4                tud_sof_cb
 .text.tud_descriptor_bos_cb
                0x100083d8        0x4 CMakeFiles/picoarc.dir/Users/naoru/Developer/pico/pico-sdk/lib/tinyusb/src/device/usbd.c.o
                0x100083d8                tud_descriptor_bos_cb
 .text.tud_descriptor_device_qualifier_cb
                0x100083dc        0x4 CMakeFiles/picoarc.dir/Users/naoru/Developer/pico/pico-sdk/lib/tinyusb/src/device/usbd.c.o
                0x100083dc                tud_descriptor_device_qualifier_cb
 .text.tud_descriptor_other_speed_configuration_cb
                0x100083e0        0x4 CMakeFiles/picoarc.dir/Users/naoru/Developer/pico/pico-sdk/lib/tinyusb/src/device/usbd.c.o
                0x100083e0                tud_descriptor_other_speed_configuration_cb
 .text.tud_mount_cb
                0x100083e4        0x4 CMakeFiles/picoarc.dir/Users/naoru/Developer/pico/pico-sdk/lib/tinyusb/src/device/usbd.c.o
                0x100083e4                tud_mount_cb
 .text.tud_umount_cb
                0x100083e8        0x4 CMakeFiles/picoarc.dir/Users/naoru/Developer/pico/pico-sdk/lib/tinyusb/src/device/usbd.c.o
                0x100083e8                tud_umount_cb
 .text.tud_suspend_cb
                0x100083ec        0x4 CMakeFiles/picoarc.dir/Users/naoru/Developer/pico/pico-sdk/lib/tinyusb/src/device/usbd.c.o
                0x100083ec                tud_suspend_cb
 .text.tud_resume_cb
                0x100083f0        0x4 CMakeFiles/picoarc.dir/Users/naoru/Developer/pico/pico-sdk/lib/tinyusb/src/device/usbd.c.o
                0x100083f0                tud_resume_cb
 .text.tud_speed_get
                0x100083f4        0xc CMakeFiles/picoarc.dir/Users/naoru/Developer/pico/pico-sdk/lib/tinyusb/src/device/usbd.c.o
                0x100083f4                tud_speed_get
 .text.tud_mounted
                0x10008400       0x10 CMakeFiles/picoarc.dir/Users/naoru/Developer/pico/pico-sdk/lib/tinyusb/src/device/usbd.c.o
                0x10008400                tud_mounted
 .text.tud_suspended
                0x10008410       0x10 CMakeFiles/picoarc.dir/Users/naoru/Developer/pico/pico-sdk/lib/tinyusb/src/device/usbd.c.o
                0x10008410                tud_suspended
 .text.tud_rhport_init
                0x10008420       0xf0 CMakeFiles/picoarc.dir/Users/naoru/Developer/pico/pico-sdk/lib/tinyusb/src/device/usbd.c.o
                0x10008420                tud_rhport_init
 .text.tud_task_ext
                0x10008510      0x7fc CMakeFiles/picoarc.dir/Users/naoru/Developer/pico/pico-sdk/lib/tinyusb/src/device/usbd.c.o
                0x10008510                tud_task_ext
 .text.usbd_open_edpt_pair
                0x10008d0c       0x98 CMakeFiles/picoarc.dir/Users/naoru/Developer/pico/pico-sdk/lib/tinyusb/src/device/usbd.c.o
                0x10008d0c                usbd_open_edpt_pair
 .text.usbd_edpt_open
                0x10008da4       0x34 CMakeFiles/picoarc.dir/Users/naoru/Developer/pico/pico-sdk/lib/tinyusb/src/device/usbd.c.o
                0x10008da4                usbd_edpt_open
 .text.usbd_edpt_claim
                0x10008dd8       0x28 CMakeFiles/picoarc.dir/Users/naoru/Developer/pico/pico-sdk/lib/tinyusb/src/device/usbd.c.o
                0x10008dd8                usbd_edpt_claim
 .text.usbd_edpt_release
                0x10008e00       0x28 CMakeFiles/picoarc.dir/Users/naoru/Developer/pico/pico-sdk/lib/tinyusb/src/device/usbd.c.o
                0x10008e00                usbd_edpt_release
 .text.usbd_edpt_xfer
                0x10008e28       0x50 CMakeFiles/picoarc.dir/Users/naoru/Developer/pico/pico-sdk/lib/tinyusb/src/device/usbd.c.o
                0x10008e28                usbd_edpt_xfer
 .text.usbd_edpt_clear_stall
                0x10008e78       0x38 CMakeFiles/picoarc.dir/Users/naoru/Developer/pico/pico-sdk/lib/tinyusb/src/device/usbd.c.o
                0x10008e78                usbd_edpt_clear_stall
 .text.usbd_sof_enable
                0x10008eb0       0x50 CMakeFiles/picoarc.dir/Users/naoru/Developer/pico/pico-sdk/lib/tinyusb/src/device/usbd.c.o
                0x10008eb0                usbd_sof_enable
 .text.usbd_edpt_iso_alloc
                0x10008f00       0x18 CMakeFiles/picoarc.dir/Users/naoru/Developer/pico/pico-sdk/lib/tinyusb/src/device/usbd.c.o
                0x10008f00                usbd_edpt_iso_alloc
 .text.usbd_edpt_iso_activate
                0x10008f18       0x5c CMakeFiles/picoarc.dir/Users/naoru/Developer/pico/pico-sdk/lib/tinyusb/src/device/usbd.c.o
                0x10008f18                usbd_edpt_iso_activate
 .text.tud_control_status
                0x10008f74       0x2c CMakeFiles/picoarc.dir/Users/naoru/Developer/pico/pico-sdk/lib/tinyusb/src/device/usbd_control.c.o
                0x10008f74                tud_control_status
 .text.tud_control_xfer
                0x10008fa0       0xa0 CMakeFiles/picoarc.dir/Users/naoru/Developer/pico/pico-sdk/lib/tinyusb/src/device/usbd_control.c.o
                0x10008fa0                tud_control_xfer
 .text.usbd_control_reset
                0x10009040       0x14 CMakeFiles/picoarc.dir/Users/naoru/Developer/pico/pico-sdk/lib/tinyusb/src/device/usbd_control.c.o
                0x10009040                usbd_control_reset
 .text.usbd_control_set_complete_callback
                0x10009054        0xc CMakeFiles/picoarc.dir/Users/naoru/Developer/pico/pico-sdk/lib/tinyusb/src/device/usbd_control.c.o
                0x10009054                usbd_control_set_complete_callback
 .text.usbd_control_set_request
                0x10009060       0x1c CMakeFiles/picoarc.dir/Users/naoru/Developer/pico/pico-sdk/lib/tinyusb/src/device/usbd_control.c.o
                0x10009060                usbd_control_set_request
 .text.usbd_control_xfer_cb
                0x1000907c       0xe8 CMakeFiles/picoarc.dir/Users/naoru/Developer/pico/pico-sdk/lib/tinyusb/src/device/usbd_control.c.o
                0x1000907c                usbd_control_xfer_cb
 .text.tud_audio_rx_done_pre_read_cb
                0x10009164        0x4 CMakeFiles/picoarc.dir/Users/naoru/Developer/pico/pico-sdk/lib/tinyusb/src/class/audio/audio_device.c.o
                0x10009164                tud_audio_rx_done_pre_read_cb
 .text.tud_audio_rx_done_post_read_cb
                0x10009168        0x4 CMakeFiles/picoarc.dir/Users/naoru/Developer/pico/pico-sdk/lib/tinyusb/src/class/audio/audio_device.c.o
                0x10009168                tud_audio_rx_done_post_read_cb
 .text.tud_audio_fb_done_cb
                0x1000916c        0x4 CMakeFiles/picoarc.dir/Users/naoru/Developer/pico/pico-sdk/lib/tinyusb/src/class/audio/audio_device.c.o
                0x1000916c                tud_audio_fb_done_cb
 .text.tud_audio_feedback_format_correction_cb
                0x10009170        0x4 CMakeFiles/picoarc.dir/Users/naoru/Developer/pico/pico-sdk/lib/tinyusb/src/class/audio/audio_device.c.o
                0x10009170                tud_audio_feedback_format_correction_cb
 .text.tud_audio_set_req_ep_cb
                0x10009174        0x4 CMakeFiles/picoarc.dir/Users/naoru/Developer/pico/pico-sdk/lib/tinyusb/src/class/audio/audio_device.c.o
                0x10009174                tud_audio_set_req_ep_cb
 .text.tud_audio_set_req_itf_cb
                0x10009178        0x4 CMakeFiles/picoarc.dir/Users/naoru/Developer/pico/pico-sdk/lib/tinyusb/src/class/audio/audio_device.c.o
                0x10009178                tud_audio_set_req_itf_cb
 .text.tud_audio_get_req_ep_cb
                0x1000917c        0x4 CMakeFiles/picoarc.dir/Users/naoru/Developer/pico/pico-sdk/lib/tinyusb/src/class/audio/audio_device.c.o
                0x1000917c                tud_audio_get_req_ep_cb
 .text.tud_audio_get_req_itf_cb
                0x10009180        0x4 CMakeFiles/picoarc.dir/Users/naoru/Developer/pico/pico-sdk/lib/tinyusb/src/class/audio/audio_device.c.o
                0x10009180                tud_audio_get_req_itf_cb
 .text.tud_audio_n_available
                0x10009184       0x20 CMakeFiles/picoarc.dir/Users/naoru/Developer/pico/pico-sdk/lib/tinyusb/src/class/audio/audio_device.c.o
                0x10009184                tud_audio_n_available
 .text.tud_audio_n_read
                0x100091a4       0x20 CMakeFiles/picoarc.dir/Users/naoru/Developer/pico/pico-sdk/lib/tinyusb/src/class/audio/audio_device.c.o
                0x100091a4                tud_audio_n_read
 .text.audiod_init
                0x100091c4       0x68 CMakeFiles/picoarc.dir/Users/naoru/Developer/pico/pico-sdk/lib/tinyusb/src/class/audio/audio_device.c.o
                0x100091c4                audiod_init
 .text.audiod_deinit
                0x1000922c        0x4 CMakeFiles/picoarc.dir/Users/naoru/Developer/pico/pico-sdk/lib/tinyusb/src/class/audio/audio_device.c.o
                0x1000922c                audiod_deinit
 .text.audiod_reset
                0x10009230       0x1c CMakeFiles/picoarc.dir/Users/naoru/Developer/pico/pico-sdk/lib/tinyusb/src/class/audio/audio_device.c.o
                0x10009230                audiod_reset
 .text.audiod_open
                0x1000924c       0xd8 CMakeFiles/picoarc.dir/Users/naoru/Developer/pico/pico-sdk/lib/tinyusb/src/class/audio/audio_device.c.o
                0x1000924c                audiod_open
 .text.audiod_control_xfer_cb
                0x10009324      0x658 CMakeFiles/picoarc.dir/Users/naoru/Developer/pico/pico-sdk/lib/tinyusb/src/class/audio/audio_device.c.o
                0x10009324                audiod_control_xfer_cb
 .text.audiod_xfer_cb
                0x1000997c      0x1b8 CMakeFiles/picoarc.dir/Users/naoru/Developer/pico/pico-sdk/lib/tinyusb/src/class/audio/audio_device.c.o
                0x1000997c                audiod_xfer_cb
 .text.tud_audio_n_fb_set
                0x10009b34       0x68 CMakeFiles/picoarc.dir/Users/naoru/Developer/pico/pico-sdk/lib/tinyusb/src/class/audio/audio_device.c.o
                0x10009b34                tud_audio_n_fb_set
 .text.tud_audio_buffer_and_schedule_control_xfer
                0x10009b9c      0x110 CMakeFiles/picoarc.dir/Users/naoru/Developer/pico/pico-sdk/lib/tinyusb/src/class/audio/audio_device.c.o
                0x10009b9c                tud_audio_buffer_and_schedule_control_xfer
 .text._prep_out_transaction.isra.0
                0x10009cac       0x70 CMakeFiles/picoarc.dir/Users/naoru/Developer/pico/pico-sdk/lib/tinyusb/src/class/cdc/cdc_device.c.o
 .text.tud_cdc_n_connected
                0x10009d1c       0x34 CMakeFiles/picoarc.dir/Users/naoru/Developer/pico/pico-sdk/lib/tinyusb/src/class/cdc/cdc_device.c.o
                0x10009d1c                tud_cdc_n_connected
 .text.tud_cdc_n_available
                0x10009d50       0x1c CMakeFiles/picoarc.dir/Users/naoru/Developer/pico/pico-sdk/lib/tinyusb/src/class/cdc/cdc_device.c.o
                0x10009d50                tud_cdc_n_available
 .text.tud_cdc_n_read
                0x10009d6c       0x9c CMakeFiles/picoarc.dir/Users/naoru/Developer/pico/pico-sdk/lib/tinyusb/src/class/cdc/cdc_device.c.o
                0x10009d6c                tud_cdc_n_read
 .text.tud_cdc_n_write_flush
                0x10009e08       0x7c CMakeFiles/picoarc.dir/Users/naoru/Developer/pico/pico-sdk/lib/tinyusb/src/class/cdc/cdc_device.c.o
                0x10009e08                tud_cdc_n_write_flush
 .text.tud_cdc_n_write
                0x10009e84       0x44 CMakeFiles/picoarc.dir/Users/naoru/Developer/pico/pico-sdk/lib/tinyusb/src/class/cdc/cdc_device.c.o
                0x10009e84                tud_cdc_n_write
 .text.tud_cdc_n_write_available
                0x10009ec8       0x1c CMakeFiles/picoarc.dir/Users/naoru/Developer/pico/pico-sdk/lib/tinyusb/src/class/cdc/cdc_device.c.o
                0x10009ec8                tud_cdc_n_write_available
 .text.cdcd_init
                0x10009ee4       0x7c CMakeFiles/picoarc.dir/Users/naoru/Developer/pico/pico-sdk/lib/tinyusb/src/class/cdc/cdc_device.c.o
                0x10009ee4                cdcd_init
 .text.cdcd_deinit
                0x10009f60       0x30 CMakeFiles/picoarc.dir/Users/naoru/Developer/pico/pico-sdk/lib/tinyusb/src/class/cdc/cdc_device.c.o
                0x10009f60                cdcd_deinit
 .text.cdcd_reset
                0x10009f90       0x48 CMakeFiles/picoarc.dir/Users/naoru/Developer/pico/pico-sdk/lib/tinyusb/src/class/cdc/cdc_device.c.o
                0x10009f90                cdcd_reset
 .text.cdcd_open
                0x10009fd8       0xa8 CMakeFiles/picoarc.dir/Users/naoru/Developer/pico/pico-sdk/lib/tinyusb/src/class/cdc/cdc_device.c.o
                0x10009fd8                cdcd_open
 .text.cdcd_control_xfer_cb
                0x1000a080       0xf0 CMakeFiles/picoarc.dir/Users/naoru/Developer/pico/pico-sdk/lib/tinyusb/src/class/cdc/cdc_device.c.o
                0x1000a080                cdcd_control_xfer_cb
 .text.cdcd_xfer_cb
                0x1000a170       0xf8 CMakeFiles/picoarc.dir/Users/naoru/Developer/pico/pico-sdk/lib/tinyusb/src/class/cdc/cdc_device.c.o
                0x1000a170                cdcd_xfer_cb
 .text.tusb_rhport_init
                0x1000a268       0x4c CMakeFiles/picoarc.dir/Users/naoru/Developer/pico/pico-sdk/lib/tinyusb/src/tusb.c.o
                0x1000a268                tusb_rhport_init
 .text.tu_edpt_claim
                0x1000a2b4       0x50 CMakeFiles/picoarc.dir/Users/naoru/Developer/pico/pico-sdk/lib/tinyusb/src/tusb.c.o
                0x1000a2b4                tu_edpt_claim
 .text.tu_edpt_release
                0x1000a304       0x38 CMakeFiles/picoarc.dir/Users/naoru/Developer/pico/pico-sdk/lib/tinyusb/src/tusb.c.o
                0x1000a304                tu_edpt_release
 .text.tu_edpt_validate
                0x1000a33c       0x74 CMakeFiles/picoarc.dir/Users/naoru/Developer/pico/pico-sdk/lib/tinyusb/src/tusb.c.o
                0x1000a33c                tu_edpt_validate
 .text.tu_edpt_bind_driver
                0x1000a3b0       0x34 CMakeFiles/picoarc.dir/Users/naoru/Developer/pico/pico-sdk/lib/tinyusb/src/tusb.c.o
                0x1000a3b0                tu_edpt_bind_driver
 .text.tu_fifo_config
                0x1000a3e4       0x6c CMakeFiles/picoarc.dir/Users/naoru/Developer/pico/pico-sdk/lib/tinyusb/src/common/tusb_fifo.c.o
                0x1000a3e4                tu_fifo_config
 .text.tu_fifo_count
                0x1000a450       0x2c CMakeFiles/picoarc.dir/Users/naoru/Developer/pico/pico-sdk/lib/tinyusb/src/common/tusb_fifo.c.o
                0x1000a450                tu_fifo_count
 .text.tu_fifo_empty
                0x1000a47c       0x10 CMakeFiles/picoarc.dir/Users/naoru/Developer/pico/pico-sdk/lib/tinyusb/src/common/tusb_fifo.c.o
                0x1000a47c                tu_fifo_empty
 .text.tu_fifo_remaining
                0x1000a48c       0x2c CMakeFiles/picoarc.dir/Users/naoru/Developer/pico/pico-sdk/lib/tinyusb/src/common/tusb_fifo.c.o
                0x1000a48c                tu_fifo_remaining
 .text.tu_fifo_read
                0x1000a4b8       0x9c CMakeFiles/picoarc.dir/Users/naoru/Developer/pico/pico-sdk/lib/tinyusb/src/common/tusb_fifo.c.o
                0x1000a4b8                tu_fifo_read
 .text.tu_fifo_read_n
                0x1000a554       0xec CMakeFiles/picoarc.dir/Users/naoru/Developer/pico/pico-sdk/lib/tinyusb/src/common/tusb_fifo.c.o
                0x1000a554                tu_fifo_read_n
 .text.tu_fifo_write
                0x1000a640       0xa4 CMakeFiles/picoarc.dir/Users/naoru/Developer/pico/pico-sdk/lib/tinyusb/src/common/tusb_fifo.c.o
                0x1000a640                tu_fifo_write
 .text.tu_fifo_write_n
                0x1000a6e4      0x168 CMakeFiles/picoarc.dir/Users/naoru/Developer/pico/pico-sdk/lib/tinyusb/src/common/tusb_fifo.c.o
                0x1000a6e4                tu_fifo_write_n
 .text.tu_fifo_clear
                0x1000a84c       0x40 CMakeFiles/picoarc.dir/Users/naoru/Developer/pico/pico-sdk/lib/tinyusb/src/common/tusb_fifo.c.o
                0x1000a84c                tu_fifo_clear
 .text.tu_fifo_set_overwritable
                0x1000a88c       0x48 CMakeFiles/picoarc.dir/Users/naoru/Developer/pico/pico-sdk/lib/tinyusb/src/common/tusb_fifo.c.o
                0x1000a88c                tu_fifo_set_overwritable
 .text.core1_trampoline
                0x1000a8d4        0x4 CMakeFiles/picoarc.dir/Users/naoru/Developer/pico/pico-sdk/src/rp2_common/pico_multicore/multicore.c.o
 .text.core1_wrapper
                0x1000a8d8        0xc CMakeFiles/picoarc.dir/Users/naoru/Developer/pico/pico-sdk/src/rp2_common/pico_multicore/multicore.c.o
                0x1000a8d8                core1_wrapper
 .text.multicore_launch_core1_raw
                0x1000a8e4       0x88 CMakeFiles/picoarc.dir/Users/naoru/Developer/pico/pico-sdk/src/rp2_common/pico_multicore/multicore.c.o
                0x1000a8e4                multicore_launch_core1_raw
 .text.multicore_launch_core1
                0x1000a96c       0x5c CMakeFiles/picoarc.dir/Users/naoru/Developer/pico/pico-sdk/src/rp2_common/pico_multicore/multicore.c.o
                0x1000a96c                multicore_launch_core1
 .text.dma_claim_unused_channel
                0x1000a9c8       0x20 CMakeFiles/picoarc.dir/Users/naoru/Developer/pico/pico-sdk/src/rp2_common/hardware_dma/dma.c.o
                0x1000a9c8                dma_claim_unused_channel
 .text.pio_claim_unused_sm
                0x1000a9e8       0x38 CMakeFiles/picoarc.dir/Users/naoru/Developer/pico/pico-sdk/src/rp2_common/hardware_pio/pio.c.o
                0x1000a9e8                pio_claim_unused_sm
 .text.pio_add_program
                0x1000aa20       0xf8 CMakeFiles/picoarc.dir/Users/naoru/Developer/pico/pico-sdk/src/rp2_common/hardware_pio/pio.c.o
                0x1000aa20                pio_add_program
 .text.pio_sm_set_pins
                0x1000ab18       0x90 CMakeFiles/picoarc.dir/Users/naoru/Developer/pico/pico-sdk/src/rp2_common/hardware_pio/pio.c.o
                0x1000ab18                pio_sm_set_pins
 .text.pio_sm_set_consecutive_pindirs
                0x1000aba8       0xb0 CMakeFiles/picoarc.dir/Users/naoru/Developer/pico/pico-sdk/src/rp2_common/hardware_pio/pio.c.o
                0x1000aba8                pio_sm_set_consecutive_pindirs
 .text.pio_sm_init
                0x1000ac58       0xa8 CMakeFiles/picoarc.dir/Users/naoru/Developer/pico/pico-sdk/src/rp2_common/hardware_pio/pio.c.o
                0x1000ac58                pio_sm_init
 .text.strlen   0x1000ad00       0x60 /Applications/ArmGNUToolchain/15.2.rel1/arm-none-eabi/bin/../lib/gcc/arm-none-eabi/15.2.1/../../../../arm-none-eabi/lib/thumb/v6-m/nofp/libg.a(libc_a-strlen-stub.o)
                0x1000ad00                strlen
 *(.fini)
 .fini          0x1000ad60        0x4 /Applications/ArmGNUToolchain/15.2.rel1/arm-none-eabi/bin/../lib/gcc/arm-none-eabi/15.2.1/thumb/v6-m/nofp/crti.o
                0x1000ad60                _fini
 *fill*         0x1000ad64        0x4 
 .fini.__stub   0x1000ad68       0xb0 linker stubs
 *crtbegin.o(.ctors)
 *crtbegin?.o(.ctors)
 *(EXCLUDE_FILE(*crtend.o *crtend?.o) .ctors)
 *(SORT_BY_NAME(.ctors.*))
 *(.ctors)
 *crtbegin.o(.dtors)
 *crtbegin?.o(.dtors)
 *(EXCLUDE_FILE(*crtend.o *crtend?.o) .dtors)
 *(SORT_BY_NAME(.dtors.*))
 *(.dtors)
                0x1000ae18                        . = ALIGN (0x4)
                0x1000ae18                        PROVIDE (__preinit_array_start = .)
 *(SORT_BY_NAME(.preinit_array.*))
 .preinit_array.00100
                0x1000ae18        0x4 CMakeFiles/picoarc.dir/Users/naoru/Developer/pico/pico-sdk/src/rp2_common/pico_runtime_init/runtime_init.c.o
                0x1000ae18                __pre_init_runtime_init_early_resets
 .preinit_array.00101
                0x1000ae1c        0x4 CMakeFiles/picoarc.dir/Users/naoru/Developer/pico/pico-sdk/src/rp2_common/pico_runtime_init/runtime_init.c.o
                0x1000ae1c                __pre_init_runtime_init_usb_power_down
 .preinit_array.00275
                0x1000ae20        0x4 CMakeFiles/picoarc.dir/Users/naoru/Developer/pico/pico-sdk/src/rp2_common/pico_bit_ops/bit_ops_aeabi.S.o
 .preinit_array.00300
                0x1000ae24        0x4 CMakeFiles/picoarc.dir/Users/naoru/Developer/pico/pico-sdk/src/rp2_common/pico_mem_ops/mem_ops_aeabi.S.o
 .preinit_array.00350
                0x1000ae28        0x4 CMakeFiles/picoarc.dir/Users/naoru/Developer/pico/pico-sdk/src/rp2_common/pico_double/double_aeabi_rp2040.S.o
 .preinit_array.00350
                0x1000ae2c        0x4 CMakeFiles/picoarc.dir/Users/naoru/Developer/pico/pico-sdk/src/rp2_common/pico_float/float_aeabi_rp2040.S.o
 .preinit_array.00500
                0x1000ae30        0x4 CMakeFiles/picoarc.dir/Users/naoru/Developer/pico/pico-sdk/src/rp2_common/pico_runtime_init/runtime_init.c.o
                0x1000ae30                __pre_init_runtime_init_clocks
 .preinit_array.00600
                0x1000ae34        0x4 CMakeFiles/picoarc.dir/Users/naoru/Developer/pico/pico-sdk/src/rp2_common/pico_runtime_init/runtime_init.c.o
                0x1000ae34                __pre_init_runtime_init_post_clock_resets
 .preinit_array.00700
                0x1000ae38        0x4 CMakeFiles/picoarc.dir/Users/naoru/Developer/pico/pico-sdk/src/rp2_common/pico_runtime_init/runtime_init.c.o
                0x1000ae38                __pre_init_runtime_init_rp2040_gpio_ie_disable
 .preinit_array.01000
                0x1000ae3c        0x4 CMakeFiles/picoarc.dir/Users/naoru/Developer/pico/pico-sdk/src/rp2_common/pico_runtime_init/runtime_init.c.o
                0x1000ae3c                __pre_init_runtime_init_spin_locks_reset
 .preinit_array.01100
                0x1000ae40        0x4 CMakeFiles/picoarc.dir/Users/naoru/Developer/pico/pico-sdk/src/common/pico_sync/mutex.c.o
                0x1000ae40                __pre_init_runtime_init_mutex
 .preinit_array.10080
                0x1000ae44        0x4 CMakeFiles/picoarc.dir/Users/naoru/Developer/pico/pico-sdk/src/rp2_common/pico_runtime_init/runtime_init.c.o
                0x1000ae44                __pre_init_runtime_init_install_ram_vector_table
 .preinit_array.11000
                0x1000ae48        0x4 CMakeFiles/picoarc.dir/Users/naoru/Developer/pico/pico-sdk/src/common/pico_time/time.c.o
                0x1000ae48                __pre_init_runtime_init_default_alarm_pool
 .preinit_array.YYYYY
                0x1000ae4c        0x4 CMakeFiles/picoarc.dir/Users/naoru/Developer/pico/pico-sdk/src/rp2_common/pico_runtime/runtime.c.o
                0x1000ae4c                __pre_init_first_per_core_initializer
 .preinit_array.ZZZZZ.01200
                0x1000ae50        0x4 CMakeFiles/picoarc.dir/Users/naoru/Developer/pico/pico-sdk/src/rp2_common/hardware_irq/irq.c.o
                0x1000ae50                __pre_init_runtime_init_per_core_irq_priorities
 *(.preinit_array)
                0x1000ae54                        PROVIDE (__preinit_array_end = .)
                0x1000ae54                        . = ALIGN (0x4)
                0x1000ae54                        PROVIDE (__init_array_start = .)
 *(SORT_BY_NAME(.init_array.*))
 .init_array.01000
                0x1000ae54        0x4 CMakeFiles/picoarc.dir/Users/naoru/Developer/pico/pico-sdk/src/rp2_common/pico_unique_id/unique_id.c.o
 *(.init_array)
 .init_array    0x1000ae58        0x4 /Applications/ArmGNUToolchain/15.2.rel1/arm-none-eabi/bin/../lib/gcc/arm-none-eabi/15.2.1/thumb/v6-m/nofp/crtbegin.o
                0x1000ae5c                        PROVIDE (__init_array_end = .)
                0x1000ae5c                        . = ALIGN (0x4)
                [!provide]                        PROVIDE (__fini_array_start = .)
 *(SORT_BY_NAME(.fini_array.*))
 *(.fini_array)
                [!provide]                        PROVIDE (__fini_array_end = .)
 *(.eh_frame*)
 .eh_frame      0x1000ae5c        0x0 /Applications/ArmGNUToolchain/15.2.rel1/arm-none-eabi/bin/../lib/gcc/arm-none-eabi/15.2.1/thumb/v6-m/nofp/crtbegin.o
                0x1000ae5c                        . = ALIGN (0x4)

.glue_7         0x1000ae5c        0x0
 .glue_7        0x1000ae5c        0x0 linker stubs

.glue_7t        0x1000ae5c        0x0
 .glue_7t       0x1000ae5c        0x0 linker stubs

.vfp11_veneer   0x1000ae5c        0x0
 .vfp11_veneer  0x1000ae5c        0x0 linker stubs

.v4_bx          0x1000ae5c        0x0
 .v4_bx         0x1000ae5c        0x0 linker stubs

.iplt           0x1000ae5c        0x0
 .iplt          0x1000ae5c        0x0 /Applications/ArmGNUToolchain/15.2.rel1/arm-none-eabi/bin/../lib/gcc/arm-none-eabi/15.2.1/thumb/v6-m/nofp/crtbegin.o

.rodata         0x1000ae60     0x18d0
 *(EXCLUDE_FILE(*libm.a: *libc.a:*lib_a-mem*.o *libgcc.a:) .rodata*)
 .rodata.main.str1.4
                0x1000ae60      0xd60 CMakeFiles/picoarc.dir/src/main.c.o
                                 0x3b (size before relaxing)
 .rodata.arc_init.str1.4
                0x1000bbc0        0x0 CMakeFiles/picoarc.dir/src/arc.c.o
                                 0x3a (size before relaxing)
 .rodata.arc_task.str1.4
                0x1000bbc0        0x0 CMakeFiles/picoarc.dir/src/arc.c.o
                                0x5c3 (size before relaxing)
 .rodata.arc_task
                0x1000bbc0      0x164 CMakeFiles/picoarc.dir/src/arc.c.o
 .rodata.str1.4
                0x1000bd24        0x0 CMakeFiles/picoarc.dir/src/arc.c.o
                                0x4a6 (size before relaxing)
 .rodata.CSWTCH.78
                0x1000bd24      0x198 CMakeFiles/picoarc.dir/src/arc.c.o
 .rodata.CSWTCH.76
                0x1000bebc        0xc CMakeFiles/picoarc.dir/src/arc.c.o
 .rodata.CSWTCH.74
                0x1000bec8       0x20 CMakeFiles/picoarc.dir/src/arc.c.o
 .rodata.CSWTCH.72
                0x1000bee8       0x14 CMakeFiles/picoarc.dir/src/arc.c.o
 .rodata.CSWTCH.70
                0x1000befc      0x318 CMakeFiles/picoarc.dir/src/arc.c.o
 .rodata.cec_tx_program
                0x1000c214        0x8 CMakeFiles/picoarc.dir/src/cec.c.o
 .rodata.cec_tx_program_instructions
                0x1000c21c       0x10 CMakeFiles/picoarc.dir/src/cec.c.o
 .rodata.spdif_mode_name.str1.4
                0x1000c22c        0x0 CMakeFiles/picoarc.dir/src/spdif.c.o
                                  0x8 (size before relaxing)
 .rodata.str1.4
                0x1000c22c        0x0 CMakeFiles/picoarc.dir/src/spdif.c.o
                                 0x1e (size before relaxing)
 .rodata.CSWTCH.145
                0x1000c22c        0xc CMakeFiles/picoarc.dir/src/spdif.c.o
 .rodata.CSWTCH.122
                0x1000c238        0x3 CMakeFiles/picoarc.dir/src/spdif.c.o
 *fill*         0x1000c23b        0x1 
 .rodata.sine_1khz_48k
                0x1000c23c       0x60 CMakeFiles/picoarc.dir/src/spdif.c.o
 .rodata.spdif_tx_program
                0x1000c29c        0x8 CMakeFiles/picoarc.dir/src/spdif.c.o
 .rodata.spdif_tx_program_instructions
                0x1000c2a4        0x2 CMakeFiles/picoarc.dir/src/spdif.c.o
 .rodata.tud_audio_set_itf_cb.str1.4
                0x1000c2a6        0x0 CMakeFiles/picoarc.dir/src/usb_audio.c.o
                                 0x2b (size before relaxing)
 .rodata.tud_audio_set_itf_close_EP_cb.str1.4
                0x1000c2a6        0x0 CMakeFiles/picoarc.dir/src/usb_audio.c.o
                                 0x24 (size before relaxing)
 .rodata.usb_audio_task.str1.4
                0x1000c2a6        0x0 CMakeFiles/picoarc.dir/src/usb_audio.c.o
                                 0x81 (size before relaxing)
 *fill*         0x1000c2a6        0x2 
 .rodata        0x1000c2a8       0x18 CMakeFiles/picoarc.dir/src/usb_audio.c.o
 .rodata.str1.4
                0x1000c2c0        0x0 CMakeFiles/picoarc.dir/src/usb_descriptors.c.o
                                 0x4a (size before relaxing)
 .rodata.string_desc_arr
                0x1000c2c0       0x1c CMakeFiles/picoarc.dir/src/usb_descriptors.c.o
 .rodata.__compound_literal.0
                0x1000c2dc        0x2 CMakeFiles/picoarc.dir/src/usb_descriptors.c.o
 *fill*         0x1000c2de        0x2 
 .rodata.desc_configuration
                0x1000c2e0       0xe3 CMakeFiles/picoarc.dir/src/usb_descriptors.c.o
                0x1000c2e0                desc_configuration
 *fill*         0x1000c3c3        0x1 
 .rodata.desc_device
                0x1000c3c4       0x12 CMakeFiles/picoarc.dir/src/usb_descriptors.c.o
                0x1000c3c4                desc_device
 .rodata.panic.str1.4
                0x1000c3d6        0x0 CMakeFiles/picoarc.dir/Users/naoru/Developer/pico/pico-sdk/src/rp2_common/pico_platform_panic/panic.c.o
                                 0x12 (size before relaxing)
 .rodata.spin_lock_claim_unused.str1.4
                0x1000c3d6        0x0 CMakeFiles/picoarc.dir/Users/naoru/Developer/pico/pico-sdk/src/rp2_common/hardware_sync/sync.c.o
                                 0x1b (size before relaxing)
 .rodata.timer_hardware_alarm_claim.str1.4
                0x1000c3d6        0x0 CMakeFiles/picoarc.dir/Users/naoru/Developer/pico/pico-sdk/src/rp2_common/hardware_timer/timer.c.o
                                 0x22 (size before relaxing)
 .rodata.hard_assertion_failure.str1.4
                0x1000c3d6        0x0 CMakeFiles/picoarc.dir/Users/naoru/Developer/pico/pico-sdk/src/rp2_common/pico_runtime/runtime.c.o
                                  0xc (size before relaxing)
 .rodata.str1.4
                0x1000c3d6        0x0 CMakeFiles/picoarc.dir/Users/naoru/Developer/pico/pico-sdk/src/rp2_common/pico_standard_binary_info/standard_binary_info.c.o
                                 0x3c (size before relaxing)
 *fill*         0x1000c3d6        0x2 
 .rodata.__bi_84
                0x1000c3d8        0xc CMakeFiles/picoarc.dir/Users/naoru/Developer/pico/pico-sdk/src/rp2_common/pico_standard_binary_info/standard_binary_info.c.o
 .rodata.__bi_78
                0x1000c3e4        0xc CMakeFiles/picoarc.dir/Users/naoru/Developer/pico/pico-sdk/src/rp2_common/pico_standard_binary_info/standard_binary_info.c.o
 .rodata.__bi_54
                0x1000c3f0        0xc CMakeFiles/picoarc.dir/Users/naoru/Developer/pico/pico-sdk/src/rp2_common/pico_standard_binary_info/standard_binary_info.c.o
 .rodata.__bi_48
                0x1000c3fc        0xc CMakeFiles/picoarc.dir/Users/naoru/Developer/pico/pico-sdk/src/rp2_common/pico_standard_binary_info/standard_binary_info.c.o
 .rodata.__bi_42
                0x1000c408        0xc CMakeFiles/picoarc.dir/Users/naoru/Developer/pico/pico-sdk/src/rp2_common/pico_standard_binary_info/standard_binary_info.c.o
 .rodata.__bi_34
                0x1000c414        0xc CMakeFiles/picoarc.dir/Users/naoru/Developer/pico/pico-sdk/src/rp2_common/pico_standard_binary_info/standard_binary_info.c.o
 .rodata.__bi_26
                0x1000c420        0xc CMakeFiles/picoarc.dir/Users/naoru/Developer/pico/pico-sdk/src/rp2_common/pico_standard_binary_info/standard_binary_info.c.o
 .rodata._ftoa.str1.4
                0x1000c42c        0x0 CMakeFiles/picoarc.dir/Users/naoru/Developer/pico/pico-sdk/src/rp2_common/pico_printf/printf.c.o
                                 0x15 (size before relaxing)
 .rodata._vsnprintf
                0x1000c42c      0x19c CMakeFiles/picoarc.dir/Users/naoru/Developer/pico/pico-sdk/src/rp2_common/pico_printf/printf.c.o
 .rodata.pow10.0
                0x1000c5c8       0x50 CMakeFiles/picoarc.dir/Users/naoru/Developer/pico/pico-sdk/src/rp2_common/pico_printf/printf.c.o
 .rodata.crlf_str.0
                0x1000c618        0x2 CMakeFiles/picoarc.dir/Users/naoru/Developer/pico/pico-sdk/src/rp2_common/pico_stdio/stdio.c.o
 *fill*         0x1000c61a        0x2 
 .rodata._resetd_driver
                0x1000c61c       0x20 CMakeFiles/picoarc.dir/Users/naoru/Developer/pico/pico-sdk/src/rp2_common/pico_stdio_usb/reset_interface.c.o
 .rodata.str1.4
                0x1000c63c        0x0 CMakeFiles/picoarc.dir/Users/naoru/Developer/pico/pico-sdk/src/rp2_common/pico_stdio_usb/stdio_usb.c.o
                                 0x13 (size before relaxing)
 .rodata.__bi_202.0
                0x1000c63c        0xc CMakeFiles/picoarc.dir/Users/naoru/Developer/pico/pico-sdk/src/rp2_common/pico_stdio_usb/stdio_usb.c.o
 .rodata.str1.4
                0x1000c648        0x0 CMakeFiles/picoarc.dir/Users/naoru/Developer/pico/pico-sdk/lib/tinyusb/src/portable/raspberrypi/rp2040/dcd_rp2040.c.o
                                 0x14 (size before relaxing)
 .rodata.str1.4
                0x1000c648        0x0 CMakeFiles/picoarc.dir/Users/naoru/Developer/pico/pico-sdk/lib/tinyusb/src/portable/raspberrypi/rp2040/rp2040_usb.c.o
                                 0x48 (size before relaxing)
 .rodata.tud_task_ext
                0x1000c648       0x8c CMakeFiles/picoarc.dir/Users/naoru/Developer/pico/pico-sdk/lib/tinyusb/src/device/usbd.c.o
 .rodata        0x1000c6d4       0x1c CMakeFiles/picoarc.dir/Users/naoru/Developer/pico/pico-sdk/lib/tinyusb/src/device/usbd.c.o
 .rodata._usbd_driver
                0x1000c6f0       0x40 CMakeFiles/picoarc.dir/Users/naoru/Developer/pico/pico-sdk/lib/tinyusb/src/device/usbd.c.o
 .rodata.dma_claim_unused_channel.str1.4
                0x1000c730        0x0 CMakeFiles/picoarc.dir/Users/naoru/Developer/pico/pico-sdk/src/rp2_common/hardware_dma/dma.c.o
                                 0x1e (size before relaxing)
 .rodata.pio_claim_unused_sm.str1.4
                0x1000c730        0x0 CMakeFiles/picoarc.dir/Users/naoru/Developer/pico/pico-sdk/src/rp2_common/hardware_pio/pio.c.o
                                 0x24 (size before relaxing)
                0x1000c730                        . = ALIGN (0x4)
 *(SORT_BY_ALIGNMENT(SORT_BY_NAME(.flashdata*)))
                0x1000c730                        . = ALIGN (0x4)

.ARM.extab
 *(.ARM.extab* .gnu.linkonce.armextab.*)
                0x1000c730                        __exidx_start = .

.ARM.exidx
 *(.ARM.exidx* .gnu.linkonce.armexidx.*)
                0x1000c730                        __exidx_end = .
                0x1000c730                        . = ALIGN (0x4)
                0x1000c730                        __binary_info_start = .

.binary_info    0x1000c730       0x20
 *(.binary_info.keep.*)
 .binary_info.keep.__bi_ptr84
                0x1000c730        0x4 CMakeFiles/picoarc.dir/Users/naoru/Developer/pico/pico-sdk/src/rp2_common/pico_standard_binary_info/standard_binary_info.c.o
 .binary_info.keep.__bi_ptr78
                0x1000c734        0x4 CMakeFiles/picoarc.dir/Users/naoru/Developer/pico/pico-sdk/src/rp2_common/pico_standard_binary_info/standard_binary_info.c.o
 .binary_info.keep.__bi_ptr54
                0x1000c738        0x4 CMakeFiles/picoarc.dir/Users/naoru/Developer/pico/pico-sdk/src/rp2_common/pico_standard_binary_info/standard_binary_info.c.o
 .binary_info.keep.__bi_ptr48
                0x1000c73c        0x4 CMakeFiles/picoarc.dir/Users/naoru/Developer/pico/pico-sdk/src/rp2_common/pico_standard_binary_info/standard_binary_info.c.o
 .binary_info.keep.__bi_ptr42
                0x1000c740        0x4 CMakeFiles/picoarc.dir/Users/naoru/Developer/pico/pico-sdk/src/rp2_common/pico_standard_binary_info/standard_binary_info.c.o
 .binary_info.keep.__bi_ptr34
                0x1000c744        0x4 CMakeFiles/picoarc.dir/Users/naoru/Developer/pico/pico-sdk/src/rp2_common/pico_standard_binary_info/standard_binary_info.c.o
 .binary_info.keep.__bi_ptr26
                0x1000c748        0x4 CMakeFiles/picoarc.dir/Users/naoru/Developer/pico/pico-sdk/src/rp2_common/pico_standard_binary_info/standard_binary_info.c.o
 *(.binary_info.*)
 .binary_info.__bi_ptr202
                0x1000c74c        0x4 CMakeFiles/picoarc.dir/Users/naoru/Developer/pico/pico-sdk/src/rp2_common/pico_stdio_usb/stdio_usb.c.o
                0x1000c750                        __binary_info_end = .
                0x1000c750                        . = ALIGN (0x4)

.ram_vector_table
                0x20000000       0xc0
 *(.ram_vector_table)
 .ram_vector_table
                0x20000000       0xc0 CMakeFiles/picoarc.dir/Users/naoru/Developer/pico/pico-sdk/src/rp2_common/pico_runtime_init/runtime_init.c.o
                0x20000000                ram_vector_table

.uninitialized_data
                0x200000c0        0x0
                0x200000c0                        . = ALIGN (0x4)
 *(.uninitialized_data*)

.data           0x200000c0      0xfb8 load address 0x1000c750
                0x200000c0                        __data_start__ = .
 *(vtable)
 *(.time_critical*)
 .time_critical.mutex_try_enter_block_until
                0x200000c0       0x98 CMakeFiles/picoarc.dir/Users/naoru/Developer/pico/pico-sdk/src/common/pico_sync/mutex.c.o
                0x200000c0                mutex_try_enter_block_until
 .time_critical.mutex_enter_timeout_ms
                0x20000158       0x8c CMakeFiles/picoarc.dir/Users/naoru/Developer/pico/pico-sdk/src/common/pico_sync/mutex.c.o
                0x20000158                mutex_enter_timeout_ms
 .time_critical.mutex_exit
                0x200001e4       0x28 CMakeFiles/picoarc.dir/Users/naoru/Developer/pico/pico-sdk/src/common/pico_sync/mutex.c.o
                0x200001e4                mutex_exit
 .time_critical.flash_init_boot2_copyout
                0x2000020c       0x30 CMakeFiles/picoarc.dir/Users/naoru/Developer/pico/pico-sdk/src/rp2_common/hardware_flash/flash.c.o
 .time_critical.flash_enable_xip_via_boot2
                0x2000023c        0xc CMakeFiles/picoarc.dir/Users/naoru/Developer/pico/pico-sdk/src/rp2_common/hardware_flash/flash.c.o
 .time_critical.flash_save_hardware_state
                0x20000248       0x20 CMakeFiles/picoarc.dir/Users/naoru/Developer/pico/pico-sdk/src/rp2_common/hardware_flash/flash.c.o
 .time_critical.flash_restore_hardware_state
                0x20000268       0x20 CMakeFiles/picoarc.dir/Users/naoru/Developer/pico/pico-sdk/src/rp2_common/hardware_flash/flash.c.o
 .time_critical.flash_cs_force
                0x20000288       0x38 CMakeFiles/picoarc.dir/Users/naoru/Developer/pico/pico-sdk/src/rp2_common/hardware_flash/flash.c.o
 .time_critical.flash_do_cmd
                0x200002c0      0x124 CMakeFiles/picoarc.dir/Users/naoru/Developer/pico/pico-sdk/src/rp2_common/hardware_flash/flash.c.o
                0x200002c0                flash_do_cmd
 .time_critical.reset_non_control_endpoints
                0x200003e4       0x68 CMakeFiles/picoarc.dir/Users/naoru/Developer/pico/pico-sdk/lib/tinyusb/src/portable/raspberrypi/rp2040/dcd_rp2040.c.o
 .time_critical.hw_handle_buff_status
                0x2000044c       0x88 CMakeFiles/picoarc.dir/Users/naoru/Developer/pico/pico-sdk/lib/tinyusb/src/portable/raspberrypi/rp2040/dcd_rp2040.c.o
 .time_critical.dcd_rp2040_irq
                0x200004d4      0x53c CMakeFiles/picoarc.dir/Users/naoru/Developer/pico/pico-sdk/lib/tinyusb/src/portable/raspberrypi/rp2040/dcd_rp2040.c.o
 .time_critical.prepare_ep_buffer
                0x20000a10       0xc4 CMakeFiles/picoarc.dir/Users/naoru/Developer/pico/pico-sdk/lib/tinyusb/src/portable/raspberrypi/rp2040/rp2040_usb.c.o
 .time_critical.sync_ep_buffer
                0x20000ad4       0xa0 CMakeFiles/picoarc.dir/Users/naoru/Developer/pico/pico-sdk/lib/tinyusb/src/portable/raspberrypi/rp2040/rp2040_usb.c.o
 .time_critical._hw_endpoint_xfer_sync
                0x20000b74       0x28 CMakeFiles/picoarc.dir/Users/naoru/Developer/pico/pico-sdk/lib/tinyusb/src/portable/raspberrypi/rp2040/rp2040_usb.c.o
 .time_critical.e15_is_bulkin_ep
                0x20000b9c       0x28 CMakeFiles/picoarc.dir/Users/naoru/Developer/pico/pico-sdk/lib/tinyusb/src/portable/raspberrypi/rp2040/rp2040_usb.c.o
 .time_critical.e15_is_critical_frame_period
                0x20000bc4       0x30 CMakeFiles/picoarc.dir/Users/naoru/Developer/pico/pico-sdk/lib/tinyusb/src/portable/raspberrypi/rp2040/rp2040_usb.c.o
 .time_critical.hw_endpoint_reset_transfer
                0x20000bf4        0xc CMakeFiles/picoarc.dir/Users/naoru/Developer/pico/pico-sdk/lib/tinyusb/src/portable/raspberrypi/rp2040/rp2040_usb.c.o
                0x20000bf4                hw_endpoint_reset_transfer
 .time_critical._hw_endpoint_buffer_control_update32
                0x20000c00       0x50 CMakeFiles/picoarc.dir/Users/naoru/Developer/pico/pico-sdk/lib/tinyusb/src/portable/raspberrypi/rp2040/rp2040_usb.c.o
                0x20000c00                _hw_endpoint_buffer_control_update32
 .time_critical.hw_endpoint_start_next_buffer
                0x20000c50       0x68 CMakeFiles/picoarc.dir/Users/naoru/Developer/pico/pico-sdk/lib/tinyusb/src/portable/raspberrypi/rp2040/rp2040_usb.c.o
                0x20000c50                hw_endpoint_start_next_buffer
 .time_critical.hw_endpoint_xfer_continue
                0x20000cb8       0x40 CMakeFiles/picoarc.dir/Users/naoru/Developer/pico/pico-sdk/lib/tinyusb/src/portable/raspberrypi/rp2040/rp2040_usb.c.o
                0x20000cb8                hw_endpoint_xfer_continue
 .time_critical.tinyusb
                0x20000cf8      0x1d8 CMakeFiles/picoarc.dir/Users/naoru/Developer/pico/pico-sdk/lib/tinyusb/src/device/usbd.c.o
                0x20000cf8                dcd_event_handler
 .time_critical.tinyusb
                0x20000ed0       0x44 CMakeFiles/picoarc.dir/Users/naoru/Developer/pico/pico-sdk/lib/tinyusb/src/class/audio/audio_device.c.o
                0x20000ed0                tud_audio_feedback_interval_isr
                0x20000ed4                audiod_sof_isr
 *(.text*)
 .text          0x20000f14        0x4 /Applications/ArmGNUToolchain/15.2.rel1/arm-none-eabi/bin/../lib/gcc/arm-none-eabi/15.2.1/thumb/v6-m/nofp/libgcc.a(_dvmd_tls.o)
                0x20000f14                __aeabi_ldiv0
                0x20000f14                __aeabi_idiv0
 .text.__stub   0x20000f18       0x90 linker stubs
                0x20000fa8                        . = ALIGN (0x4)
 *(.rodata*)
                0x20000fa8                        . = ALIGN (0x4)
 *(.data*)
 .data.own_logical_address_mask
                0x20000fa8        0x2 CMakeFiles/picoarc.dir/src/cec.c.o
 .data.current_mode
                0x20000faa        0x1 CMakeFiles/picoarc.dir/src/spdif.c.o
 .data.striped_spin_lock_num
                0x20000fab        0x1 CMakeFiles/picoarc.dir/Users/naoru/Developer/pico/pico-sdk/src/rp2_common/hardware_sync/sync.c.o
 .data          0x20000fac       0x48 CMakeFiles/picoarc.dir/Users/naoru/Developer/pico/pico-sdk/src/rp2_common/hardware_irq/irq_handler_chain.S.o
                0x20000fac                irq_handler_chain_slots
                0x20000fdc                irq_handler_chain_first_slot
                0x20000fe6                irq_handler_chain_remove_tail
 .data.default_alarm_pool
                0x20000ff4       0x18 CMakeFiles/picoarc.dir/Users/naoru/Developer/pico/pico-sdk/src/common/pico_time/time.c.o
 *fill*         0x2000100c        0x4 
 .data.aeabi_bits_funcs
                0x20001010       0x10 CMakeFiles/picoarc.dir/Users/naoru/Developer/pico/pico-sdk/src/rp2_common/pico_bit_ops/bit_ops_aeabi.S.o
                0x20001010                aeabi_bits_funcs
                0x20001020                aeabi_bits_funcs_end
 .data.aeabi_mem_funcs
                0x20001020       0x10 CMakeFiles/picoarc.dir/Users/naoru/Developer/pico/pico-sdk/src/rp2_common/pico_mem_ops/mem_ops_aeabi.S.o
                0x20001020                aeabi_mem_funcs
                0x20001030                aeabi_mem_funcs_end
 .data.stdio_usb
                0x20001030       0x18 CMakeFiles/picoarc.dir/Users/naoru/Developer/pico/pico-sdk/src/rp2_common/pico_stdio_usb/stdio_usb.c.o
                0x20001030                stdio_usb
 .data._usbd_qdef
                0x20001048       0x1c CMakeFiles/picoarc.dir/Users/naoru/Developer/pico/pico-sdk/lib/tinyusb/src/device/usbd.c.o
                0x20001048                _usbd_qdef
 .data._usbd_rhport
                0x20001064        0x1 CMakeFiles/picoarc.dir/Users/naoru/Developer/pico/pico-sdk/lib/tinyusb/src/device/usbd.c.o
                0x20001068                        . = ALIGN (0x4)
 *fill*         0x20001065        0x3 
 *(.after_data.*)
                0x20001068                        . = ALIGN (0x4)
                0x20001068                        PROVIDE (__mutex_array_start = .)
 *(SORT_BY_NAME(.mutex_array.*))
 *(.mutex_array)
 .mutex_array   0x20001068        0x8 CMakeFiles/picoarc.dir/Users/naoru/Developer/pico/pico-sdk/src/rp2_common/pico_malloc/malloc.c.o
 .mutex_array   0x20001070        0x8 CMakeFiles/picoarc.dir/Users/naoru/Developer/pico/pico-sdk/src/rp2_common/pico_stdio/stdio.c.o
                0x20001078                        PROVIDE (__mutex_array_end = .)
                0x20001078                        . = ALIGN (0x4)
 *(.jcr)
                0x20001078                        . = ALIGN (0x4)

.tm_clone_table
                0x20001078        0x0 load address 0x1000d708
 .tm_clone_table
                0x20001078        0x0 /Applications/ArmGNUToolchain/15.2.rel1/arm-none-eabi/bin/../lib/gcc/arm-none-eabi/15.2.1/thumb/v6-m/nofp/crtbegin.o
 .tm_clone_table
                0x20001078        0x0 /Applications/ArmGNUToolchain/15.2.rel1/arm-none-eabi/bin/../lib/gcc/arm-none-eabi/15.2.1/thumb/v6-m/nofp/crtend.o

.igot.plt       0x20001078        0x0 load address 0x1000d708
 .igot.plt      0x20001078        0x0 /Applications/ArmGNUToolchain/15.2.rel1/arm-none-eabi/bin/../lib/gcc/arm-none-eabi/15.2.1/thumb/v6-m/nofp/crtbegin.o

.tdata          0x20001078        0x0 load address 0x1000d708
                0x20001078                        . = ALIGN (0x4)
 *(.tdata .tdata.* .gnu.linkonce.td.*)
                0x20001078                        __tdata_end = .
                0x20001078                        PROVIDE (__data_end__ = .)
                0x1000c750                        __etext = LOADADDR (.data)

.tbss           0x20001078        0x0 load address 0x1000d708
                0x20001078                        . = ALIGN (0x4)
                0x20001078                        __bss_start__ = .
                0x20001078                        __tls_base = .
 *(.tbss .tbss.* .gnu.linkonce.tb.*)
 *(.tcommon)
                0x20001078                        __tls_end = .

.bss            0x20001078     0xe008 load address 0x1000d708
                0x20001078                        . = ALIGN (0x4)
                0x20001078                        __tbss_end = .
 *(SORT_BY_ALIGNMENT(SORT_BY_NAME(.bss*)))
 .bss._audiod_fct
                0x20001078       0x5c CMakeFiles/picoarc.dir/Users/naoru/Developer/pico/pico-sdk/lib/tinyusb/src/class/audio/audio_device.c.o
 *fill*         0x200010d4        0x4 
 .bss._cdcd_itf
                0x200010d8      0x248 CMakeFiles/picoarc.dir/Users/naoru/Developer/pico/pico-sdk/lib/tinyusb/src/class/cdc/cdc_device.c.o
 .bss.cec_tx_busy_until_us
                0x20001320        0x8 CMakeFiles/picoarc.dir/src/cec.c.o
 .bss.cec_tx_words
                0x20001328       0x50 CMakeFiles/picoarc.dir/src/cec.c.o
 .bss.default_alarm_pool_entries
                0x20001378      0x180 CMakeFiles/picoarc.dir/Users/naoru/Developer/pico/pico-sdk/src/common/pico_time/time.c.o
 .bss.dma_words
                0x200014f8     0x1800 CMakeFiles/picoarc.dir/src/spdif.c.o
 .bss.last_avail_time.1
                0x20002cf8        0x8 CMakeFiles/picoarc.dir/Users/naoru/Developer/pico/pico-sdk/src/rp2_common/pico_stdio_usb/stdio_usb.c.o
 .bss.next_diag_log_us
                0x20002d00        0x8 CMakeFiles/picoarc.dir/src/usb_audio.c.o
 .bss.next_feedback_us
                0x20002d08        0x8 CMakeFiles/picoarc.dir/src/usb_audio.c.o
 .bss.next_probe
                0x20002d10        0x8 CMakeFiles/picoarc.dir/src/arc.c.o
 .bss.next_stream_audio_log_us
                0x20002d18        0x8 CMakeFiles/picoarc.dir/src/arc.c.o
 .bss.sd_table  0x20002d20      0x100 CMakeFiles/picoarc.dir/Users/naoru/Developer/pico/pico-sdk/src/rp2_common/pico_double/double_init_rom_rp2040.c.o
                0x20002d20                sd_table
 .bss.sf_table  0x20002e20      0x100 CMakeFiles/picoarc.dir/Users/naoru/Developer/pico/pico-sdk/src/rp2_common/pico_float/float_init_rom_rp2040.c.o
                0x20002e20                sf_table
 .bss._app_driver
                0x20002f20        0x4 CMakeFiles/picoarc.dir/Users/naoru/Developer/pico/pico-sdk/lib/tinyusb/src/device/usbd.c.o
 .bss._cdcd_epbuf
                0x20002f24       0x80 CMakeFiles/picoarc.dir/Users/naoru/Developer/pico/pico-sdk/lib/tinyusb/src/class/cdc/cdc_device.c.o
 .bss._cdcd_fifo_cfg
                0x20002fa4        0x1 CMakeFiles/picoarc.dir/Users/naoru/Developer/pico/pico-sdk/lib/tinyusb/src/class/cdc/cdc_device.c.o
 *fill*         0x20002fa5        0x3 
 .bss._ctrl_epbuf
                0x20002fa8       0x40 CMakeFiles/picoarc.dir/Users/naoru/Developer/pico/pico-sdk/lib/tinyusb/src/device/usbd_control.c.o
 .bss._ctrl_xfer