Archive member included to satisfy reference by file (symbol)

/Applications/ArmGNUToolchain/15.2.rel1/arm-none-eabi/bin/../lib/gcc/arm-none-eabi/15.2.1/thumb/v6-m/nofp/libgcc.a(_dvmd_tls.o)
                              CMakeFiles/picoarc.dir/Users/naoru/Developer/pico/pico-sdk/src/rp2_common/pico_divider/divider_hardware.S.o (__aeabi_idiv0)
/Applications/ArmGNUToolchain/15.2.rel1/arm-none-eabi/bin/../lib/gcc/arm-none-eabi/15.2.1/../../../../arm-none-eabi/lib/thumb/v6-m/nofp/libg.a(libc_a-calloc.o)
                              CMakeFiles/picoarc.dir/Users/naoru/Developer/pico/pico-sdk/src/rp2_common/pico_malloc/malloc.c.o (calloc)
/Applications/ArmGNUToolchain/15.2.rel1/arm-none-eabi/bin/../lib/gcc/arm-none-eabi/15.2.1/../../../../arm-none-eabi/lib/thumb/v6-m/nofp/libg.a(libc_a-callocr.o)
                              /Applications/ArmGNUToolchain/15.2.rel1/arm-none-eabi/bin/../lib/gcc/arm-none-eabi/15.2.1/../../../../arm-none-eabi/lib/thumb/v6-m/nofp/libg.a(libc_a-calloc.o) (_calloc_r)
/Applications/ArmGNUToolchain/15.2.rel1/arm-none-eabi/bin/../lib/gcc/arm-none-eabi/15.2.1/../../../../arm-none-eabi/lib/thumb/v6-m/nofp/libg.a(libc_a-malloc.o)
                              CMakeFiles/picoarc.dir/Users/naoru/Developer/pico/pico-sdk/src/rp2_common/pico_malloc/malloc.c.o (malloc)
/Applications/ArmGNUToolchain/15.2.rel1/arm-none-eabi/bin/../lib/gcc/arm-none-eabi/15.2.1/../../../../arm-none-eabi/lib/thumb/v6-m/nofp/libg.a(libc_a-mallocr.o)
                              /Applications/ArmGNUToolchain/15.2.rel1/arm-none-eabi/bin/../lib/gcc/arm-none-eabi/15.2.1/../../../../arm-none-eabi/lib/thumb/v6-m/nofp/libg.a(libc_a-callocr.o) (_malloc_r)
/Applications/ArmGNUToolchain/15.2.rel1/arm-none-eabi/bin/../lib/gcc/arm-none-eabi/15.2.1/../../../../arm-none-eabi/lib/thumb/v6-m/nofp/libg.a(libc_a-mlock.o)
                              /Applications/ArmGNUToolchain/15.2.rel1/arm-none-eabi/bin/../lib/gcc/arm-none-eabi/15.2.1/../../../../arm-none-eabi/lib/thumb/v6-m/nofp/libg.a(libc_a-mallocr.o) (__malloc_lock)
/Applications/ArmGNUToolchain/15.2.rel1/arm-none-eabi/bin/../lib/gcc/arm-none-eabi/15.2.1/../../../../arm-none-eabi/lib/thumb/v6-m/nofp/libg.a(libc_a-realloc.o)
                              CMakeFiles/picoarc.dir/Users/naoru/Developer/pico/pico-sdk/src/rp2_common/pico_malloc/malloc.c.o (realloc)
/Applications/ArmGNUToolchain/15.2.rel1/arm-none-eabi/bin/../lib/gcc/arm-none-eabi/15.2.1/../../../../arm-none-eabi/lib/thumb/v6-m/nofp/libg.a(libc_a-reallocr.o)
                              /Applications/ArmGNUToolchain/15.2.rel1/arm-none-eabi/bin/../lib/gcc/arm-none-eabi/15.2.1/../../../../arm-none-eabi/lib/thumb/v6-m/nofp/libg.a(libc_a-realloc.o) (_realloc_r)
/Applications/ArmGNUToolchain/15.2.rel1/arm-none-eabi/bin/../lib/gcc/arm-none-eabi/15.2.1/../../../../arm-none-eabi/lib/thumb/v6-m/nofp/libg.a(libc_a-memcmp.o)
                              CMakeFiles/picoarc.dir/Users/naoru/Developer/pico/pico-sdk/src/rp2_common/pico_atomic/atomic.c.o (memcmp)
/Applications/ArmGNUToolchain/15.2.rel1/arm-none-eabi/bin/../lib/gcc/arm-none-eabi/15.2.1/../../../../arm-none-eabi/lib/thumb/v6-m/nofp/libg.a(libc_a-memmove.o)
                              /Applications/ArmGNUToolchain/15.2.rel1/arm-none-eabi/bin/../lib/gcc/arm-none-eabi/15.2.1/../../../../arm-none-eabi/lib/thumb/v6-m/nofp/libg.a(libc_a-reallocr.o) (memmove)
/Applications/ArmGNUToolchain/15.2.rel1/arm-none-eabi/bin/../lib/gcc/arm-none-eabi/15.2.1/../../../../arm-none-eabi/lib/thumb/v6-m/nofp/libg.a(libc_a-lcltime_r.o)
                              CMakeFiles/picoarc.dir/Users/naoru/Developer/pico/pico-sdk/src/common/pico_util/datetime.c.o (localtime_r)
/Applications/ArmGNUToolchain/15.2.rel1/arm-none-eabi/bin/../lib/gcc/arm-none-eabi/15.2.1/../../../../arm-none-eabi/lib/thumb/v6-m/nofp/libg.a(libc_a-mktime.o)
                              CMakeFiles/picoarc.dir/Users/naoru/Developer/pico/pico-sdk/src/common/pico_util/datetime.c.o (mktime)
/Applications/ArmGNUToolchain/15.2.rel1/arm-none-eabi/bin/../lib/gcc/arm-none-eabi/15.2.1/../../../../arm-none-eabi/lib/thumb/v6-m/nofp/libg.a(libc_a-month_lengths.o)
                              /Applications/ArmGNUToolchain/15.2.rel1/arm-none-eabi/bin/../lib/gcc/arm-none-eabi/15.2.1/../../../../arm-none-eabi/lib/thumb/v6-m/nofp/libg.a(libc_a-lcltime_r.o) (__month_lengths)
/Applications/ArmGNUToolchain/15.2.rel1/arm-none-eabi/bin/../lib/gcc/arm-none-eabi/15.2.1/../../../../arm-none-eabi/lib/thumb/v6-m/nofp/libg.a(libc_a-tzcalc_limits.o)
                              /Applications/ArmGNUToolchain/15.2.rel1/arm-none-eabi/bin/../lib/gcc/arm-none-eabi/15.2.1/../../../../arm-none-eabi/lib/thumb/v6-m/nofp/libg.a(libc_a-lcltime_r.o) (__tzcalc_limits)
/Applications/ArmGNUToolchain/15.2.rel1/arm-none-eabi/bin/../lib/gcc/arm-none-eabi/15.2.1/../../../../arm-none-eabi/lib/thumb/v6-m/nofp/libg.a(libc_a-tzlock.o)
[...]
Memory Configuration

Name             Origin             Length             Attributes
FLASH            0x10000000         0x00200000         xr
RAM              0x20000000         0x00040000         xrw
SCRATCH_X        0x20040000         0x00001000         xrw
SCRATCH_Y        0x20041000         0x00001000         xrw
*default*        0x00000000         0xffffffff

Linker script and memory map

LOAD /Applications/ArmGNUToolchain/15.2.rel1/arm-none-eabi/bin/../lib/gcc/arm-none-eabi/15.2.1/thumb/v6-m/nofp/crti.o
LOAD /Applications/ArmGNUToolchain/15.2.rel1/arm-none-eabi/bin/../lib/gcc/arm-none-eabi/15.2.1/thumb/v6-m/nofp/crtbegin.o
LOAD /Applications/ArmGNUToolchain/15.2.rel1/arm-none-eabi/bin/../lib/gcc/arm-none-eabi/15.2.1/../../../../arm-none-eabi/lib/thumb/v6-m/nofp/crt0.o

.flash_begin    0x10000000        0x0
                0x10000000                        __flash_binary_start = .

.boot2          0x10000000      0x100
                0x10000000                        __boot2_start__ = .
 *(.boot2)
 .boot2         0x10000000      0x100 pico-sdk/src/rp2040/boot_stage2/CMakeFiles/bs2_default_library.dir/./bs2_default_padded_checksummed.S.o
                0x10000100                        __boot2_end__ = .
                0x00000001                        ASSERT (((__boot2_end__ - __boot2_start__) == 0x100), ERROR: Pico second stage bootloader must be 256 bytes in size)

.text           0x10000100     0xa464
                0x10000100                        __logical_binary_start = .
 *(.vectors)
 .vectors       0x10000100       0xd4 CMakeFiles/picoarc.dir/Users/naoru/Developer/pico/pico-sdk/src/rp2_common/pico_crt0/crt0.S.o
                0x10000100                __VECTOR_TABLE
                0x10000100                __vectors
                0x100001c0                isr_irq13
                0x100001c0                isr_irq27
                0x100001c0                isr_irq31
                0x100001c0                isr_irq5
                0x100001c0                isr_irq11
                0x100001c0                isr_irq23
                0x100001c0                isr_irq18
                0x100001c0                isr_irq9
                0x100001c0                __unhandled_user_irq
                0x100001c0                isr_irq25
                0x100001c0                isr_irq4
                0x100001c0                isr_irq16
                0x100001c0                isr_irq29
                0x100001c0                isr_irq26
                0x100001c0                isr_irq3
                0x100001c0                isr_irq12
                0x100001c0                isr_irq30
                0x100001c0                isr_irq28
                0x100001c0                isr_irq19
                0x100001c0                isr_irq0
                0x100001c0                isr_irq6
                0x100001c0                isr_irq22
                0x100001c0                isr_irq17
                0x100001c0                isr_irq14
                0x100001c0                __vectors_end
                0x100001c0                __default_isrs_start
                0x100001c0                isr_irq2
                0x100001c0                isr_irq10
                0x100001c0                isr_irq8
                0x100001c0                isr_irq24
                0x100001c0                isr_irq1
                0x100001c0                isr_irq7
                0x100001c0                isr_irq21
                0x100001c0                isr_irq20
                0x100001c0                isr_irq15
                0x100001c6                unhandled_user_irq_num_in_r0
                0x100001c8                isr_invalid
                0x100001ca                isr_nmi
                0x100001cc                isr_hardfault
                0x100001ce                isr_svcall
                0x100001d0                isr_pendsv
                0x100001d2                isr_systick
                0x100001d4                __default_isrs_end
 *(.binary_info_header)
 .binary_info_header
                0x100001d4       0x14 CMakeFiles/picoarc.dir/Users/naoru/Developer/pico/pico-sdk/src/rp2_common/pico_crt0/crt0.S.o
                0x100001e8                        __binary_info_header_end = .
 *(.embedded_block)
                0x100001e8                        __embedded_block_end = .
 *(.reset)
 .reset         0x100001e8       0x9c CMakeFiles/picoarc.dir/Users/naoru/Developer/pico/pico-sdk/src/rp2_common/pico_crt0/crt0.S.o
                0x100001e8                _entry_point
 *(.init)
 .init          0x10000284        0x4 /Applications/ArmGNUToolchain/15.2.rel1/arm-none-eabi/bin/../lib/gcc/arm-none-eabi/15.2.1/thumb/v6-m/nofp/crti.o
                0x10000284                _init
 *(EXCLUDE_FILE(*libm.a: *libc.a:*lib_a-mem*.o *libgcc.a:) .text*)
 .text.register_tm_clones
                0x10000288       0x28 /Applications/ArmGNUToolchain/15.2.rel1/arm-none-eabi/bin/../lib/gcc/arm-none-eabi/15.2.1/thumb/v6-m/nofp/crtbegin.o
 .text.frame_dummy
                0x100002b0       0x24 /Applications/ArmGNUToolchain/15.2.rel1/arm-none-eabi/bin/../lib/gcc/arm-none-eabi/15.2.1/thumb/v6-m/nofp/crtbegin.o
 .text.startup.main
                0x100002d4       0xec CMakeFiles/picoarc.dir/src/main.c.o
                0x100002d4                main
 .text.arc_init
                0x100003c0       0x80 CMakeFiles/picoarc.dir/src/arc.c.o
                0x100003c0                arc_init
 .text.arc_task
                0x10000440      0x4a4 CMakeFiles/picoarc.dir/src/arc.c.o
                0x10000440                arc_task
 .text.cec_gpio_irq
                0x100008e4       0x78 CMakeFiles/picoarc.dir/src/cec.c.o
 .text.tx_start_symbols.part.0.constprop.0
                0x1000095c      0x134 CMakeFiles/picoarc.dir/src/cec.c.o
 .text.cec_init
                0x10000a90      0x170 CMakeFiles/picoarc.dir/src/cec.c.o
                0x10000a90                cec_init
 .text.cec_bus_is_high
                0x10000c00       0x1c CMakeFiles/picoarc.dir/src/cec.c.o
                0x10000c00                cec_bus_is_high
 .text.cec_set_logical_address
                0x10000c1c       0x10 CMakeFiles/picoarc.dir/src/cec.c.o
                0x10000c1c                cec_set_logical_address
 .text.cec_send_frame
                0x10000c2c      0x52c CMakeFiles/picoarc.dir/src/cec.c.o
                0x10000c2c                cec_send_frame
 .text.cec_send_with_retry
                0x10001158       0x2c CMakeFiles/picoarc.dir/src/cec.c.o
                0x10001158                cec_send_with_retry
 .text.cec_poll
                0x10001184      0x2b4 CMakeFiles/picoarc.dir/src/cec.c.o
                0x10001184                cec_poll
 .text.cec_passive_reset
                0x10001438       0x50 CMakeFiles/picoarc.dir/src/cec.c.o
                0x10001438                cec_passive_reset
 .text.cec_receive_frame_passive
                0x10001488      0x27c CMakeFiles/picoarc.dir/src/cec.c.o
                0x10001488                cec_receive_frame_passive
 .text.append_bmc_bit
                0x10001704       0x88 CMakeFiles/picoarc.dir/src/spdif.c.o
 .text.encode_subframe_fast
                0x1000178c       0xdc CMakeFiles/picoarc.dir/src/spdif.c.o
 .text.audio_core_main
                0x10001868      0x364 CMakeFiles/picoarc.dir/src/spdif.c.o
 .text.spdif_start
                0x10001bcc      0xb1c CMakeFiles/picoarc.dir/src/spdif.c.o
                0x10001bcc                spdif_start
 .text.spdif_set_mode
                0x100026e8        0xc CMakeFiles/picoarc.dir/src/spdif.c.o
                0x100026e8                spdif_set_mode
 .text.spdif_get_mode
                0x100026f4        0xc CMakeFiles/picoarc.dir/src/spdif.c.o
                0x100026f4                spdif_get_mode
 .text.spdif_mode_name
                0x10002700       0x18 CMakeFiles/picoarc.dir/src/spdif.c.o
                0x10002700                spdif_mode_name
 .text.spdif_write_pcm
                0x10002718       0x74 CMakeFiles/picoarc.dir/src/spdif.c.o
                0x10002718                spdif_write_pcm
 .text.spdif_buffered_frames
                0x1000278c       0x20 CMakeFiles/picoarc.dir/src/spdif.c.o
                0x1000278c                spdif_buffered_frames
 .text.spdif_clear_usb_buffer
                0x100027ac       0x24 CMakeFiles/picoarc.dir/src/spdif.c.o
                0x100027ac                spdif_clear_usb_buffer
 .text.spdif_take_usb_stats
                0x100027d0       0x40 CMakeFiles/picoarc.dir/src/spdif.c.o
                0x100027d0                spdif_take_usb_stats
 .text.usb_audio_set_cec_audio_status
                0x10002810       0x44 CMakeFiles/picoarc.dir/src/usb_audio.c.o
                0x10002810                usb_audio_set_cec_audio_status
 .text.tud_audio_get_req_entity_cb
                0x10002854       0xd4 CMakeFiles/picoarc.dir/src/usb_audio.c.o
                0x10002854                tud_audio_get_req_entity_cb
 .text.tud_audio_set_req_entity_cb
                0x10002928       0x58 CMakeFiles/picoarc.dir/src/usb_audio.c.o
                0x10002928                tud_audio_set_req_entity_cb
 .text.tud_audio_set_itf_cb
                0x10002980       0xe8 CMakeFiles/picoarc.dir/src/usb_audio.c.o
                0x10002980                tud_audio_set_itf_cb
 .text.tud_audio_set_itf_close_EP_cb
                0x10002a68       0x58 CMakeFiles/picoarc.dir/src/usb_audio.c.o
                0x10002a68                tud_audio_set_itf_close_EP_cb
 .text.tud_audio_feedback_params_cb
                0x10002ac0       0x10 CMakeFiles/picoarc.dir/src/usb_audio.c.o
                0x10002ac0                tud_audio_feedback_params_cb
 .text.usb_audio_task
                0x10002ad0      0x214 CMakeFiles/picoarc.dir/src/usb_audio.c.o
                0x10002ad0                usb_audio_task
 .text.tud_descriptor_device_cb
                0x10002ce4        0x8 CMakeFiles/picoarc.dir/src/usb_descriptors.c.o
                0x10002ce4                tud_descriptor_device_cb
 .text.tud_descriptor_configuration_cb
                0x10002cec        0x8 CMakeFiles/picoarc.dir/src/usb_descriptors.c.o
                0x10002cec                tud_descriptor_configuration_cb
 .text.tud_descriptor_string_cb
                0x10002cf4       0x88 CMakeFiles/picoarc.dir/src/usb_descriptors.c.o
                0x10002cf4                tud_descriptor_string_cb
 .text.gpio_default_irq_handler
                0x10002d7c      0x2c0 CMakeFiles/picoarc.dir/Users/naoru/Developer/pico/pico-sdk/src/rp2_common/hardware_gpio/gpio.c.o
 .text.gpio_set_function
                0x1000303c       0x30 CMakeFiles/picoarc.dir/Users/naoru/Developer/pico/pico-sdk/src/rp2_common/hardware_gpio/gpio.c.o
                0x1000303c                gpio_set_function
 .text.gpio_set_irq_enabled
                0x1000306c       0x54 CMakeFiles/picoarc.dir/Users/naoru/Developer/pico/pico-sdk/src/rp2_common/hardware_gpio/gpio.c.o
                0x1000306c                gpio_set_irq_enabled
 .text.gpio_set_irq_enabled_with_callback
                0x100030c0       0xb0 CMakeFiles/picoarc.dir/Users/naoru/Developer/pico/pico-sdk/src/rp2_common/hardware_gpio/gpio.c.o
                0x100030c0                gpio_set_irq_enabled_with_callback
 .text.gpio_init
                0x10003170       0x3c CMakeFiles/picoarc.dir/Users/naoru/Developer/pico/pico-sdk/src/rp2_common/hardware_gpio/gpio.c.o
                0x10003170                gpio_init
 .text.rp2040_chip_version
                0x100031ac        0xc CMakeFiles/picoarc.dir/Users/naoru/Developer/pico/pico-sdk/src/rp2040/pico_platform/platform.c.o
                0x100031ac                rp2040_chip_version
 .text.panic    0x100031b8       0x30 CMakeFiles/picoarc.dir/Users/naoru/Developer/pico/pico-sdk/src/rp2_common/pico_platform_panic/panic.c.o
                0x100031b8                panic
 .text.hw_claim_lock
                0x100031e8       0x18 CMakeFiles/picoarc.dir/Users/naoru/Developer/pico/pico-sdk/src/common/hardware_claim/claim.c.o
                0x100031e8                hw_claim_lock
 .text.hw_claim_unlock
                0x10003200       0x14 CMakeFiles/picoarc.dir/Users/naoru/Developer/pico/pico-sdk/src/common/hardware_claim/claim.c.o
                0x10003200                hw_claim_unlock
 .text.hw_claim_or_assert
                0x10003214       0x50 CMakeFiles/picoarc.dir/Users/naoru/Developer/pico/pico-sdk/src/common/hardware_claim/claim.c.o
                0x10003214                hw_claim_or_assert
 .text.hw_claim_unused_from_range
                0x10003264       0x88 CMakeFiles/picoarc.dir/Users/naoru/Developer/pico/pico-sdk/src/common/hardware_claim/claim.c.o
                0x10003264                hw_claim_unused_from_range
 .text.next_striped_spin_lock_num
                0x100032ec       0x18 CMakeFiles/picoarc.dir/Users/naoru/Developer/pico/pico-sdk/src/rp2_common/hardware_sync/sync.c.o
                0x100032ec                next_striped_spin_lock_num
 .text.spin_lock_claim_unused
                0x10003304       0x20 CMakeFiles/picoarc.dir/Users/naoru/Developer/pico/pico-sdk/src/rp2_common/hardware_sync/sync.c.o
                0x10003304                spin_lock_claim_unused
 .text.spin_locks_reset
                0x10003324       0x1c CMakeFiles/picoarc.dir/Users/naoru/Developer/pico/pico-sdk/src/rp2_common/hardware_sync_spin_lock/sync_spin_lock.c.o
                0x10003324                spin_locks_reset
 .text.runtime_init_per_core_irq_priorities
                0x10003340       0x48 CMakeFiles/picoarc.dir/Users/naoru/Developer/pico/pico-sdk/src/rp2_common/hardware_irq/irq.c.o
                0x10003340                runtime_init_per_core_irq_priorities
 .text.irq_set_enabled
                0x10003388       0x24 CMakeFiles/picoarc.dir/Users/naoru/Developer/pico/pico-sdk/src/rp2_common/hardware_irq/irq.c.o
                0x10003388                irq_set_enabled
 .text.irq_is_enabled
                0x100033ac       0x18 CMakeFiles/picoarc.dir/Users/naoru/Developer/pico/pico-sdk/src/rp2_common/hardware_irq/irq.c.o
                0x100033ac                irq_is_enabled
 .text.irq_set_exclusive_handler
                0x100033c4       0x54 CMakeFiles/picoarc.dir/Users/naoru/Developer/pico/pico-sdk/src/rp2_common/hardware_irq/irq.c.o
                0x100033c4                irq_set_exclusive_handler
 .text.irq_add_shared_handler
                0x10003418      0x1cc CMakeFiles/picoarc.dir/Users/naoru/Developer/pico/pico-sdk/src/rp2_common/hardware_irq/irq.c.o
                0x10003418                irq_add_shared_handler
 .text.irq_remove_handler
                0x100035e4      0x1c8 CMakeFiles/picoarc.dir/Users/naoru/Developer/pico/pico-sdk/src/rp2_common/hardware_irq/irq.c.o
                0x100035e4                irq_remove_handler
 .text.irq_add_tail_to_free_list
                0x100037ac       0xb4 CMakeFiles/picoarc.dir/Users/naoru/Developer/pico/pico-sdk/src/rp2_common/hardware_irq/irq.c.o
                0x100037ac                irq_add_tail_to_free_list
 .text.lock_init
                0x10003860       0x10 CMakeFiles/picoarc.dir/Users/naoru/Developer/pico/pico-sdk/src/common/pico_sync/lock_core.c.o
                0x10003860                lock_init
 .text.runtime_init_mutex
                0x10003870       0x50 CMakeFiles/picoarc.dir/Users/naoru/Developer/pico/pico-sdk/src/common/pico_sync/mutex.c.o
                0x10003870                runtime_init_mutex
 .text.mutex_init
                0x100038c0       0x1c CMakeFiles/picoarc.dir/Users/naoru/Developer/pico/pico-sdk/src/common/pico_sync/mutex.c.o
                0x100038c0                mutex_init
 .text.critical_section_init
                0x100038dc       0x1c CMakeFiles/picoarc.dir/Users/naoru/Developer/pico/pico-sdk/src/common/pico_sync/critical_section.c.o
                0x100038dc                critical_section_init
 .text.sleep_until_callback
                0x100038f8       0x30 CMakeFiles/picoarc.dir/Users/naoru/Developer/pico/pico-sdk/src/common/pico_time/time.c.o
 .text.alarm_pool_irq_handler
                0x10003928      0x2f4 CMakeFiles/picoarc.dir/Users/naoru/Developer/pico/pico-sdk/src/common/pico_time/time.c.o
 .text.runtime_init_default_alarm_pool
                0x10003c1c       0xd8 CMakeFiles/picoarc.dir/Users/naoru/Developer/pico/pico-sdk/src/common/pico_time/time.c.o
                0x10003c1c                runtime_init_default_alarm_pool
 .text.alarm_pool_get_default
                0x10003cf4        0x8 CMakeFiles/picoarc.dir/Users/naoru/Developer/pico/pico-sdk/src/common/pico_time/time.c.o
                0x10003cf4                alarm_pool_get_default
 .text.alarm_pool_add_alarm_at_force_in_context
                0x10003cfc       0xbc CMakeFiles/picoarc.dir/Users/naoru/Developer/pico/pico-sdk/src/common/pico_time/time.c.o
                0x10003cfc                alarm_pool_add_alarm_at_force_in_context
 .text.alarm_pool_cancel_alarm
                0x10003db8       0x74 CMakeFiles/picoarc.dir/Users/naoru/Developer/pico/pico-sdk/src/common/pico_time/time.c.o
                0x10003db8                alarm_pool_cancel_alarm
 .text.alarm_pool_core_num
                0x10003e2c        0x4 CMakeFiles/picoarc.dir/Users/naoru/Developer/pico/pico-sdk/src/common/pico_time/time.c.o
                0x10003e2c                alarm_pool_core_num
 .text.sleep_us
                0x10003e30       0xec CMakeFiles/picoarc.dir/Users/naoru/Developer/pico/pico-sdk/src/common/pico_time/time.c.o
                0x10003e30                sleep_us
 .text.sleep_ms
                0x10003f1c       0xfc CMakeFiles/picoarc.dir/Users/naoru/Developer/pico/pico-sdk/src/common/pico_time/time.c.o
                0x10003f1c                sleep_ms
 .text.best_effort_wfe_or_timeout
                0x10004018      0x100 CMakeFiles/picoarc.dir/Users/naoru/Developer/pico/pico-sdk/src/common/pico_time/time.c.o
                0x10004018                best_effort_wfe_or_timeout
 .text.timer_hardware_alarm_claim
                0x10004118       0x14 CMakeFiles/picoarc.dir/Users/naoru/Developer/pico/pico-sdk/src/rp2_common/hardware_timer/timer.c.o
                0x10004118                timer_hardware_alarm_claim
 .text.timer_time_us_64
                0x1000412c       0x10 CMakeFiles/picoarc.dir/Users/naoru/Developer/pico/pico-sdk/src/rp2_common/hardware_timer/timer.c.o
                0x1000412c                timer_time_us_64
 .text.time_us_64
                0x1000413c       0x14 CMakeFiles/picoarc.dir/Users/naoru/Developer/pico/pico-sdk/src/rp2_common/hardware_timer/timer.c.o
                0x1000413c                time_us_64
 .text.busy_wait_until
                0x10004150       0x20 CMakeFiles/picoarc.dir/Users/naoru/Developer/pico/pico-sdk/src/rp2_common/hardware_timer/timer.c.o
                0x10004150                busy_wait_until
 .text.clock_configure_int_divider
                0x10004170       0xec CMakeFiles/picoarc.dir/Users/naoru/Developer/pico/pico-sdk/src/rp2_common/hardware_clocks/clocks.c.o
                0x10004170                clock_configure_int_divider
 .text.clock_configure_undivided
                0x1000425c       0xe0 CMakeFiles/picoarc.dir/Users/naoru/Developer/pico/pico-sdk/src/rp2_common/hardware_clocks/clocks.c.o
                0x1000425c                clock_configure_undivided
 .text.clock_get_hz
                0x1000433c        0xc CMakeFiles/picoarc.dir/Users/naoru/Developer/pico/pico-sdk/src/rp2_common/hardware_clocks/clocks.c.o
                0x1000433c                clock_get_hz
 .text.pll_init
                0x10004348       0xb0 CMakeFiles/picoarc.dir/Users/naoru/Developer/pico/pico-sdk/src/rp2_common/hardware_pll/pll.c.o
                0x10004348                pll_init
 .text.watchdog_reboot
                0x100043f8       0x9c CMakeFiles/picoarc.dir/Users/naoru/Developer/pico/pico-sdk/src/rp2_common/hardware_watchdog/watchdog.c.o
                0x100043f8                watchdog_reboot
 .text.tick_start
                0x10004494       0x10 CMakeFiles/picoarc.dir/Users/naoru/Developer/pico/pico-sdk/src/rp2_common/hardware_ticks/ticks.c.o
                0x10004494                tick_start
 .text.rom_func_lookup
                0x100044a4       0x10 CMakeFiles/picoarc.dir/Users/naoru/Developer/pico/pico-sdk/src/rp2_common/pico_bootrom/bootrom.c.o
                0x100044a4                rom_func_lookup
 .text.rom_data_lookup
                0x100044b4       0x10 CMakeFiles/picoarc.dir/Users/naoru/Developer/pico/pico-sdk/src/rp2_common/pico_bootrom/bootrom.c.o
                0x100044b4                rom_data_lookup
 .text.rom_funcs_lookup
                0x100044c4       0x44 CMakeFiles/picoarc.dir/Users/naoru/Developer/pico/pico-sdk/src/rp2_common/pico_bootrom/bootrom.c.o
                0x100044c4                rom_funcs_lookup
 .text.rom_reset_usb_boot_extra
                0x10004508       0x24 CMakeFiles/picoarc.dir/Users/naoru/Developer/pico/pico-sdk/src/rp2_common/pico_bootrom/bootrom.c.o
                0x10004508                rom_reset_usb_boot_extra
 .text.xosc_init
                0x1000452c       0x28 CMakeFiles/picoarc.dir/Users/naoru/Developer/pico/pico-sdk/src/rp2_common/hardware_xosc/xosc.c.o
                0x1000452c                xosc_init
 .text.first_per_core_initializer
                0x10004554        0x4 CMakeFiles/picoarc.dir/Users/naoru/Developer/pico/pico-sdk/src/rp2_common/pico_runtime/runtime.c.o
 .text.hard_assertion_failure
                0x10004558        0xc CMakeFiles/picoarc.dir/Users/naoru/Developer/pico/pico-sdk/src/rp2_common/pico_runtime/runtime.c.o
                0x10004558                hard_assertion_failure
 .text.runtime_run_initializers
                0x10004564       0x28 CMakeFiles/picoarc.dir/Users/naoru/Developer/pico/pico-sdk/src/rp2_common/pico_runtime/runtime.c.o
                0x10004564                runtime_run_initializers
 .text.runtime_run_per_core_initializers
                0x1000458c       0x28 CMakeFiles/picoarc.dir/Users/naoru/Developer/pico/pico-sdk/src/rp2_common/pico_runtime/runtime.c.o
                0x1000458c                runtime_run_per_core_initializers
 .text.runtime_init_early_resets
                0x100045b4       0x2c CMakeFiles/picoarc.dir/Users/naoru/Developer/pico/pico-sdk/src/rp2_common/pico_runtime_init/runtime_init.c.o
                0x100045b4                runtime_init_early_resets
 .text.runtime_init_usb_power_down
                0x100045e0       0x1c CMakeFiles/picoarc.dir/Users/naoru/Developer/pico/pico-sdk/src/rp2_common/pico_runtime_init/runtime_init.c.o
                0x100045e0                runtime_init_usb_power_down
 .text.runtime_init_post_clock_resets
                0x100045fc       0x20 CMakeFiles/picoarc.dir/Users/naoru/Developer/pico/pico-sdk/src/rp2_common/pico_runtime_init/runtime_init.c.o
                0x100045fc                runtime_init_post_clock_resets
 .text.runtime_init_rp2040_gpio_ie_disable
                0x1000461c       0x14 CMakeFiles/picoarc.dir/Users/naoru/Developer/pico/pico-sdk/src/rp2_common/pico_runtime_init/runtime_init.c.o
                0x1000461c                runtime_init_rp2040_gpio_ie_disable
 .text.runtime_init_spin_locks_reset
                0x10004630        0x8 CMakeFiles/picoarc.dir/Users/naoru/Developer/pico/pico-sdk/src/rp2_common/pico_runtime_init/runtime_init.c.o
                0x10004630                runtime_init_spin_locks_reset
 .text.runtime_init_install_ram_vector_table
                0x10004638       0xb8 CMakeFiles/picoarc.dir/Users/naoru/Developer/pico/pico-sdk/src/rp2_common/pico_runtime_init/runtime_init.c.o
                0x10004638                runtime_init_install_ram_vector_table
 .text.runtime_init_clocks
                0x100046f0       0xd8 CMakeFiles/picoarc.dir/Users/naoru/Developer/pico/pico-sdk/src/rp2_common/pico_runtime_init/runtime_init_clocks.c.o
                0x100046f0                runtime_init_clocks
 .text          0x100047c8       0x10 CMakeFiles/picoarc.dir/Users/naoru/Developer/pico/pico-sdk/src/rp2_common/pico_bit_ops/bit_ops_aeabi.S.o
 .text.__wrap___aeabi_idiv
                0x100047d8       0x50 CMakeFiles/picoarc.dir/Users/naoru/Developer/pico/pico-sdk/src/rp2_common/pico_divider/divider_hardware.S.o
                0x100047d8                __wrap___aeabi_idivmod
                0x100047d8                divmod_s32s32
                0x100047d8                div_s32s32
                0x100047d8                __wrap___aeabi_idiv
                0x100047e0                divmod_s32s32_unsafe
                0x1000480c                divmod_s32s32_savestate
 .text.__wrap___aeabi_uidiv
                0x10004828       0x4c CMakeFiles/picoarc.dir/Users/naoru/Developer/pico/pico-sdk/src/rp2_common/pico_divider/divider_hardware.S.o
                0x10004828                __wrap___aeabi_uidiv
                0x10004828                __wrap___aeabi_uidivmod
                0x10004828                div_u32u32
                0x10004828                divmod_u32u32
                0x10004830                divmod_u32u32_unsafe
                0x10004858                divmod_u32u32_savestate
 .text.__wrap___aeabi_ldiv
                0x10004874      0x424 CMakeFiles/picoarc.dir/Users/naoru/Developer/pico/pico-sdk/src/rp2_common/pico_divider/divider_hardware.S.o
                0x10004874                __wrap___aeabi_ldivmod
                0x10004874                div_s64s64
                0x10004874                divmod_s64s64
                0x100048a4                divmod_u64u64
                0x100048a4                div_u64u64
                0x100048a4                __wrap___aeabi_uldivmod
                0x100048b4                divmod_u64u64_savestate
                0x100048d4                divmod_s64s64_unsafe
                0x1000495c                divmod_u64u64_unsafe
 .text.__wrap___aeabi_darithmetic
                0x10004c98       0x80 CMakeFiles/picoarc.dir/Users/naoru/Developer/pico/pico-sdk/src/rp2_common/pico_double/double_aeabi_rp2040.S.o
                0x10004c98                __wrap___aeabi_drsub
                0x10004c9e                __wrap___aeabi_dsub
                0x10004cb0                __wrap___aeabi_dadd
                0x10004cc2                __wrap___aeabi_ddiv
                0x10004cfe                __wrap___aeabi_dmul
 .text.__wrap___aeabi_cdcmple
                0x10004d18       0x6c CMakeFiles/picoarc.dir/Users/naoru/Developer/pico/pico-sdk/src/rp2_common/pico_double/double_aeabi_rp2040.S.o
                0x10004d18                __wrap___aeabi_cdrcmple
                0x10004d28                __wrap___aeabi_cdcmple
                0x10004d28                __wrap___aeabi_cdcmpeq
 .text.__wrap___aeabi_dcmplt
                0x10004d84        0xc CMakeFiles/picoarc.dir/Users/naoru/Developer/pico/pico-sdk/src/rp2_common/pico_double/double_aeabi_rp2040.S.o
                0x10004d84                __wrap___aeabi_dcmplt
 .text.__wrap___aeabi_dcmple
                0x10004d90       0x10 CMakeFiles/picoarc.dir/Users/naoru/Developer/pico/pico-sdk/src/rp2_common/pico_double/double_aeabi_rp2040.S.o
                0x10004d90                __wrap___aeabi_dcmple
 .text.__wrap___aeabi_dcmpge
                0x10004da0       0x10 CMakeFiles/picoarc.dir/Users/naoru/Developer/pico/pico-sdk/src/rp2_common/pico_double/double_aeabi_rp2040.S.o
                0x10004da0                __wrap___aeabi_dcmpge
 .text.__wrap___aeabi_dcmpgt
                0x10004db0        0xa CMakeFiles/picoarc.dir/Users/naoru/Developer/pico/pico-sdk/src/rp2_common/pico_double/double_aeabi_rp2040.S.o
                0x10004db0                __wrap___aeabi_dcmpgt
 .text.__wrap___aeabi_dcmpun
                0x10004dba       0x18 CMakeFiles/picoarc.dir/Users/naoru/Developer/pico/pico-sdk/src/rp2_common/pico_double/double_aeabi_rp2040.S.o
                0x10004dba                __wrap___aeabi_dcmpun
 *fill*         0x10004dd2        0x2 
 .text.__wrap___aeabi_i2d
                0x10004dd4       0x38 CMakeFiles/picoarc.dir/Users/naoru/Developer/pico/pico-sdk/src/rp2_common/pico_double/double_aeabi_rp2040.S.o
                0x10004dd4                __wrap___aeabi_ui2d
                0x10004dd4                uint2double
                0x10004ddc                __wrap___aeabi_i2d
                0x10004ddc                int2double
 .text.__wrap___aeabi_d2iz
                0x10004e0c       0x48 CMakeFiles/picoarc.dir/Users/naoru/Developer/pico/pico-sdk/src/rp2_common/pico_double/double_aeabi_rp2040.S.o
                0x10004e0c                __wrap___aeabi_d2iz
                0x10004e0c                double2int_z
 .text.__wrap___aeabi_d2uiz
                0x10004e54       0x18 CMakeFiles/picoarc.dir/Users/naoru/Developer/pico/pico-sdk/src/rp2_common/pico_double/double_aeabi_rp2040.S.o
                0x10004e54                double2uint_z
                0x10004e54                double2uint
                0x10004e54                __wrap___aeabi_d2uiz
 .text.__aeabi_double_init
                0x10004e6c       0xa4 CMakeFiles/picoarc.dir/Users/naoru/Developer/pico/pico-sdk/src/rp2_common/pico_double/double_init_rom_rp2040.c.o
                0x10004e6c                __aeabi_double_init
 .text.double_table_shim_on_use_helper
                0x10004f10       0x2c CMakeFiles/picoarc.dir/Users/naoru/Developer/pico/pico-sdk/src/rp2_common/pico_double/double_v1_rom_shim_rp2040.S.o
                0x10004f10                double_table_shim_on_use_helper
 .text.__wrap___aeabi_dsub
                0x10004f3c       0x10 CMakeFiles/picoarc.dir/Users/naoru/Developer/pico/pico-sdk/src/rp2_common/pico_double/double_v1_rom_shim_rp2040.S.o
                0x10004f3c                drsub_shim
                0x10004f42                dsub_shim
 .text.dadd_shim
                0x10004f4c      0x15c CMakeFiles/picoarc.dir/Users/naoru/Developer/pico/pico-sdk/src/rp2_common/pico_double/double_v1_rom_shim_rp2040.S.o
                0x10004f4c                dadd_shim
 .text.dmul_shim
                0x100050a8      0x15c CMakeFiles/picoarc.dir/Users/naoru/Developer/pico/pico-sdk/src/rp2_common/pico_double/double_v1_rom_shim_rp2040.S.o
                0x100050a8                dmul_shim
 .text.ddiv_shim
                0x10005204      0x1b0 CMakeFiles/picoarc.dir/Users/naoru/Developer/pico/pico-sdk/src/rp2_common/pico_double/double_v1_rom_shim_rp2040.S.o
                0x10005204                ddiv_shim
 .text.double2uint_shim
                0x100053b4        0xe CMakeFiles/picoarc.dir/Users/naoru/Developer/pico/pico-sdk/src/rp2_common/pico_double/double_v1_rom_shim_rp2040.S.o
                0x100053b4                double2uint_shim
                0x100053b6                double2ufix_shim
 *fill*         0x100053c2        0x2 
 .text.double2uint64_shim
                0x100053c4       0x70 CMakeFiles/picoarc.dir/Users/naoru/Developer/pico/pico-sdk/src/rp2_common/pico_double/double_v1_rom_shim_rp2040.S.o
                0x100053c4                double2uint64_shim
                0x100053c6                double2ufix64_shim
                0x100053e6                d2fix_a
 .text.dunpacks
                0x10005434       0x3c CMakeFiles/picoarc.dir/Users/naoru/Developer/pico/pico-sdk/src/rp2_common/pico_double/double_v1_rom_shim_rp2040.S.o
                0x10005434                dunpacks
 .text.__aeabi_lmul
                0x10005470       0x32 CMakeFiles/picoarc.dir/Users/naoru/Developer/pico/pico-sdk/src/rp2_common/pico_int64_ops/pico_int64_ops_aeabi.S.o
                0x10005470                __wrap___aeabi_lmul
 *fill*         0x100054a2        0x2 
 .text.__wrap___aeabi_farithmetic
                0x100054a4       0x48 CMakeFiles/picoarc.dir/Users/naoru/Developer/pico/pico-sdk/src/rp2_common/pico_float/float_aeabi_rp2040.S.o
                0x100054a4                __wrap___aeabi_frsub
                0x100054aa                __wrap___aeabi_fsub
                0x100054b0                __wrap___aeabi_fadd
                0x100054b6                __wrap___aeabi_fdiv
                0x100054de                __wrap___aeabi_fmul
 .text.__wrap___aeabi_ui2f
                0x100054ec        0xa CMakeFiles/picoarc.dir/Users/naoru/Developer/pico/pico-sdk/src/rp2_common/pico_float/float_aeabi_rp2040.S.o
                0x100054ec                uint2float
                0x100054ec                __wrap___aeabi_ui2f
 *fill*         0x100054f6        0x2 
 .text.__wrap___aeabi_i2f
                0x100054f8       0x44 CMakeFiles/picoarc.dir/Users/naoru/Developer/pico/pico-sdk/src/rp2_common/pico_float/float_aeabi_rp2040.S.o
                0x100054f8                int2float
                0x100054f8                __wrap___aeabi_i2f
 .text.__wrap___aeabi_f2uiz
                0x1000553c        0xc CMakeFiles/picoarc.dir/Users/naoru/Developer/pico/pico-sdk/src/rp2_common/pico_float/float_aeabi_rp2040.S.o
                0x1000553c                float2uint
                0x1000553c                float2uint_z
                0x1000553c                __wrap___aeabi_f2uiz
 .text.__aeabi_float_init
                0x10005548       0x68 CMakeFiles/picoarc.dir/Users/naoru/Developer/pico/pico-sdk/src/rp2_common/pico_float/float_init_rom_rp2040.c.o
                0x10005548                __aeabi_float_init
 .text.float_table_shim_on_use_helper
                0x100055b0       0x2c CMakeFiles/picoarc.dir/Users/naoru/Developer/pico/pico-sdk/src/rp2_common/pico_float/float_v1_rom_shim_rp2040.S.o
                0x100055b0                float_table_shim_on_use_helper
 .text          0x100055dc       0x10 CMakeFiles/picoarc.dir/Users/naoru/Developer/pico/pico-sdk/src/rp2_common/pico_mem_ops/mem_ops_aeabi.S.o
                0x100055dc                __aeabi_mem_init
 .text.memset   0x100055ec        0xc CMakeFiles/picoarc.dir/Users/naoru/Developer/pico/pico-sdk/src/rp2_common/pico_mem_ops/mem_ops_aeabi.S.o
                0x100055ec                __wrap_memset
 .text.memcpy   0x100055f8        0xc CMakeFiles/picoarc.dir/Users/naoru/Developer/pico/pico-sdk/src/rp2_common/pico_mem_ops/mem_ops_aeabi.S.o
                0x100055f8                __wrap___aeabi_memcpy
                0x100055f8                __wrap_memcpy
 .text._out_null
                0x10005604        0x4 CMakeFiles/picoarc.dir/Users/naoru/Developer/pico/pico-sdk/src/rp2_common/pico_printf/printf.c.o
 .text._out_rev
                0x10005608       0xa8 CMakeFiles/picoarc.dir/Users/naoru/Developer/pico/pico-sdk/src/rp2_common/pico_printf/printf.c.o
 .text._ntoa_format
                0x100056b0      0x1d8 CMakeFiles/picoarc.dir/Users/naoru/Developer/pico/pico-sdk/src/rp2_common/pico_printf/printf.c.o
 .text._out_char
                0x10005888       0x10 CMakeFiles/picoarc.dir/Users/naoru/Developer/pico/pico-sdk/src/rp2_common/pico_printf/printf.c.o
 .text._out_fct
                0x10005898       0x10 CMakeFiles/picoarc.dir/Users/naoru/Developer/pico/pico-sdk/src/rp2_common/pico_printf/printf.c.o
 .text._ftoa    0x100058a8      0x474 CMakeFiles/picoarc.dir/Users/naoru/Developer/pico/pico-sdk/src/rp2_common/pico_printf/printf.c.o
 .text._etoa    0x10005d1c      0x560 CMakeFiles/picoarc.dir/Users/naoru/Developer/pico/pico-sdk/src/rp2_common/pico_printf/printf.c.o
 .text._vsnprintf
                0x1000627c      0xab8 CMakeFiles/picoarc.dir/Users/naoru/Developer/pico/pico-sdk/src/rp2_common/pico_printf/printf.c.o
 .text.vfctprintf
                0x10006d34       0x20 CMakeFiles/picoarc.dir/Users/naoru/Developer/pico/pico-sdk/src/rp2_common/pico_printf/printf.c.o
                0x10006d34                vfctprintf
 .text.weak_raw_vprintf
                0x10006d54       0x30 CMakeFiles/picoarc.dir/Users/naoru/Developer/pico/pico-sdk/src/rp2_common/pico_printf/printf.c.o
                0x10006d54                weak_raw_vprintf
 .text._exit    0x10006d84        0x4 CMakeFiles/picoarc.dir/Users/naoru/Developer/pico/pico-sdk/src/rp2_common/pico_clib_interface/newlib_interface.c.o
                0x10006d84                _exit
 .text.exit     0x10006d88        0x8 CMakeFiles/picoarc.dir/Users/naoru/Developer/pico/pico-sdk/src/rp2_common/pico_clib_interface/newlib_interface.c.o
                0x10006d88                exit
 .text.runtime_init
                0x10006d90       0x2c CMakeFiles/picoarc.dir/Users/naoru/Developer/pico/pico-sdk/src/rp2_common/pico_clib_interface/newlib_interface.c.o
                0x10006d90                runtime_init
 .text.stdio_out_chars_no_crlf
                0x10006dbc       0x10 CMakeFiles/picoarc.dir/Users/naoru/Developer/pico/pico-sdk/src/rp2_common/pico_stdio/stdio.c.o
 .text.stdio_out_chars_crlf
                0x10006dcc       0x90 CMakeFiles/picoarc.dir/Users/naoru/Developer/pico/pico-sdk/src/rp2_common/pico_stdio/stdio.c.o
 .text.stdio_buffered_printer
                0x10006e5c       0x64 CMakeFiles/picoarc.dir/Users/naoru/Developer/pico/pico-sdk/src/rp2_common/pico_stdio/stdio.c.o
 .text.stdio_put_string
                0x10006ec0       0xf4 CMakeFiles/picoarc.dir/Users/naoru/Developer/pico/pico-sdk/src/rp2_common/pico_stdio/stdio.c.o
                0x10006ec0                stdio_put_string
 .text.stdio_set_driver_enabled
                0x10006fb4       0x30 CMakeFiles/picoarc.dir/Users/naoru/Developer/pico/pico-sdk/src/rp2_common/pico_stdio/stdio.c.o
                0x10006fb4                stdio_set_driver_enabled
 .text.stdio_init_all
                0x10006fe4        0x8 CMakeFiles/picoarc.dir/Users/naoru/Developer/pico/pico-sdk/src/rp2_common/pico_stdio/stdio.c.o
                0x10006fe4                stdio_init_all
 .text.__wrap_putchar
                0x10006fec       0x94 CMakeFiles/picoarc.dir/Users/naoru/Developer/pico/pico-sdk/src/rp2_common/pico_stdio/stdio.c.o
                0x10006fec                stdio_putchar
                0x10006fec                __wrap_putchar
 .text.__wrap_puts
                0x10007080       0x3c CMakeFiles/picoarc.dir/Users/naoru/Developer/pico/pico-sdk/src/rp2_common/pico_stdio/stdio.c.o
                0x10007080                __wrap_puts
                0x10007080                stdio_puts
 .text.__wrap_vprintf
                0x100070bc       0xc8 CMakeFiles/picoarc.dir/Users/naoru/Developer/pico/pico-sdk/src/rp2_common/pico_stdio/stdio.c.o
                0x100070bc                __wrap_vprintf
                0x100070bc                stdio_vprintf
 .text.__wrap_printf
                0x10007184       0x18 CMakeFiles/picoarc.dir/Users/naoru/Developer/pico/pico-sdk/src/rp2_common/pico_stdio/stdio.c.o
                0x10007184                stdio_printf
                0x10007184                __wrap_printf
 .text.resetd_init
                0x1000719c        0x4 CMakeFiles/picoarc.dir/Users/naoru/Developer/pico/pico-sdk/src/rp2_common/pico_stdio_usb/reset_interface.c.o
 .text.resetd_reset
                0x100071a0        0xc CMakeFiles/picoarc.dir/Users/naoru/Developer/pico/pico-sdk/src/rp2_common/pico_stdio_usb/reset_interface.c.o
 .text.resetd_open
                0x100071ac       0x28 CMakeFiles/picoarc.dir/Users/naoru/Developer/pico/pico-sdk/src/rp2_common/pico_stdio_usb/reset_interface.c.o
 .text.resetd_xfer_cb
                0x100071d4        0x4 CMakeFiles/picoarc.dir/Users/naoru/Developer/pico/pico-sdk/src/rp2_common/pico_stdio_usb/reset_interface.c.o
 .text.resetd_control_xfer_cb
                0x100071d8       0x54 CMakeFiles/picoarc.dir/Users/naoru/Developer/pico/pico-sdk/src/rp2_common/pico_stdio_usb/reset_interface.c.o
 .text.usbd_app_driver_get_cb
                0x1000722c        0xc CMakeFiles/picoarc.dir/Users/naoru/Developer/pico/pico-sdk/src/rp2_common/pico_stdio_usb/reset_interface.c.o
                0x1000722c                usbd_app_driver_get_cb
 .text.tud_cdc_line_coding_cb
                0x10007238       0x2c CMakeFiles/picoarc.dir/Users/naoru/Developer/pico/pico-sdk/src/rp2_common/pico_stdio_usb/reset_interface.c.o
                0x10007238                tud_cdc_line_coding_cb
 .text.stdio_usb_set_chars_available_callback
                0x10007264       0x14 CMakeFiles/picoarc.dir/Users/naoru/Developer/pico/pico-sdk/src/rp2_common/pico_stdio_usb/stdio_usb.c.o
                0x10007264                stdio_usb_set_chars_available_callback
 .text.stdio_usb_in_chars
                0x10007278       0x8c CMakeFiles/picoarc.dir/Users/naoru/Developer/pico/pico-sdk/src/rp2_common/pico_stdio_usb/stdio_usb.c.o
                0x10007278                stdio_usb_in_chars
 .text.stdio_usb_out_flush
                0x10007304       0x4c CMakeFiles/picoarc.dir/Users/naoru/Developer/pico/pico-sdk/src/rp2_common/pico_stdio_usb/stdio_usb.c.o
 .text.stdio_usb_out_chars
                0x10007350       0xf8 CMakeFiles/picoarc.dir/Users/naoru/Developer/pico/pico-sdk/src/rp2_common/pico_stdio_usb/stdio_usb.c.o
 .text.stdio_usb_init
                0x10007448       0x44 CMakeFiles/picoarc.dir/Users/naoru/Developer/pico/pico-sdk/src/rp2_common/pico_stdio_usb/stdio_usb.c.o
                0x10007448                stdio_usb_init
 .text.startup._retrieve_unique_id_on_boot
                0x1000748c       0x10 CMakeFiles/picoarc.dir/Users/naoru/Developer/pico/pico-sdk/src/rp2_common/pico_unique_id/unique_id.c.o
 .text.pico_get_unique_board_id_string
                0x1000749c      0x1e0 CMakeFiles/picoarc.dir/Users/naoru/Developer/pico/pico-sdk/src/rp2_common/pico_unique_id/unique_id.c.o
                0x1000749c                pico_get_unique_board_id_string
 .text.flash_get_unique_id
                0x1000767c       0x3c CMakeFiles/picoarc.dir/Users/naoru/Developer/pico/pico-sdk/src/rp2_common/hardware_flash/flash.c.o
                0x1000767c                flash_get_unique_id
 .text.dcd_init
                0x100076b8       0x90 CMakeFiles/picoarc.dir/Users/naoru/Developer/pico/pico-sdk/lib/tinyusb/src/portable/raspberrypi/rp2040/dcd_rp2040.c.o
                0x100076b8                dcd_init
 .text.dcd_int_enable
                0x10007748        0xc CMakeFiles/picoarc.dir/Users/naoru/Developer/pico/pico-sdk/lib/tinyusb/src/portable/raspberrypi/rp2040/dcd_rp2040.c.o
                0x10007748                dcd_int_enable
 .text.dcd_set_address
                0x10007754       0x14 CMakeFiles/picoarc.dir/Users/naoru/Developer/pico/pico-sdk/lib/tinyusb/src/portable/raspberrypi/rp2040/dcd_rp2040.c.o
                0x10007754                dcd_set_address
 .text.dcd_sof_enable
                0x10007768       0x1c CMakeFiles/picoarc.dir/Users/naoru/Developer/pico/pico-sdk/lib/tinyusb/src/portable/raspberrypi/rp2040/dcd_rp2040.c.o
                0x10007768                dcd_sof_enable
 .text.dcd_edpt0_status_complete
                0x10007784       0x1c CMakeFiles/picoarc.dir/Users/naoru/Developer/pico/pico-sdk/lib/tinyusb/src/portable/raspberrypi/rp2040/dcd_rp2040.c.o
                0x10007784                dcd_edpt0_status_complete
 .text.dcd_edpt_open
                0x100077a0      0x114 CMakeFiles/picoarc.dir/Users/naoru/Developer/pico/pico-sdk/lib/tinyusb/src/portable/raspberrypi/rp2040/dcd_rp2040.c.o
                0x100077a0                dcd_edpt_open
 .text.dcd_edpt_iso_alloc
                0x100078b4       0xc0 CMakeFiles/picoarc.dir/Users/naoru/Developer/pico/pico-sdk/lib/tinyusb/src/portable/raspberrypi/rp2040/dcd_rp2040.c.o
                0x100078b4                dcd_edpt_iso_alloc
 .text.dcd_edpt_iso_activate
                0x10007974       0x48 CMakeFiles/picoarc.dir/Users/naoru/Developer/pico/pico-sdk/lib/tinyusb/src/portable/raspberrypi/rp2040/dcd_rp2040.c.o
                0x10007974                dcd_edpt_iso_activate
 .text.dcd_edpt_close_all
                0x100079bc        0x8 CMakeFiles/picoarc.dir/Users/naoru/Developer/pico/pico-sdk/lib/tinyusb/src/portable/raspberrypi/rp2040/dcd_rp2040.c.o
                0x100079bc                dcd_edpt_close_all
 .text.dcd_edpt_xfer
                0x100079c4       0x24 CMakeFiles/picoarc.dir/Users/naoru/Developer/pico/pico-sdk/lib/tinyusb/src/portable/raspberrypi/rp2040/dcd_rp2040.c.o
                0x100079c4                dcd_edpt_xfer
 .text.dcd_edpt_stall
                0x100079e8       0x3c CMakeFiles/picoarc.dir/Users/naoru/Developer/pico/pico-sdk/lib/tinyusb/src/portable/raspberrypi/rp2040/dcd_rp2040.c.o
                0x100079e8                dcd_edpt_stall
 .text.dcd_edpt_clear_stall
                0x10007a24       0x30 CMakeFiles/picoarc.dir/Users/naoru/Developer/pico/pico-sdk/lib/tinyusb/src/portable/raspberrypi/rp2040/dcd_rp2040.c.o
                0x10007a24                dcd_edpt_clear_stall
 .text.rp2040_usb_init
                0x10007a54       0x40 CMakeFiles/picoarc.dir/Users/naoru/Developer/pico/pico-sdk/lib/tinyusb/src/portable/raspberrypi/rp2040/rp2040_usb.c.o
                0x10007a54                rp2040_usb_init
 .text.hw_endpoint_xfer_start
                0x10007a94       0x40 CMakeFiles/picoarc.dir/Users/naoru/Developer/pico/pico-sdk/lib/tinyusb/src/portable/raspberrypi/rp2040/rp2040_usb.c.o
                0x10007a94                hw_endpoint_xfer_start
 .text.tud_vendor_control_xfer_cb
                0x10007ad4        0x4 CMakeFiles/picoarc.dir/Users/naoru/Developer/pico/pico-sdk/lib/tinyusb/src/device/usbd.c.o
                0x10007ad4                tud_vendor_control_xfer_cb
 .text.tud_event_hook_cb
                0x10007ad8        0x4 CMakeFiles/picoarc.dir/Users/naoru/Developer/pico/pico-sdk/lib/tinyusb/src/device/usbd.c.o
                0x10007ad8                tud_event_hook_cb
 .text.tud_sof_cb
                0x10007adc        0x4 CMakeFiles/picoarc.dir/Users/naoru/Developer/pico/pico-sdk/lib/tinyusb/src/device/usbd.c.o
                0x10007adc                tud_sof_cb
 .text.tud_descriptor_bos_cb
                0x10007ae0        0x4 CMakeFiles/picoarc.dir/Users/naoru/Developer/pico/pico-sdk/lib/tinyusb/src/device/usbd.c.o
                0x10007ae0                tud_descriptor_bos_cb
 .text.tud_descriptor_device_qualifier_cb
                0x10007ae4        0x4 CMakeFiles/picoarc.dir/Users/naoru/Developer/pico/pico-sdk/lib/tinyusb/src/device/usbd.c.o
                0x10007ae4                tud_descriptor_device_qualifier_cb
 .text.tud_descriptor_other_speed_configuration_cb
                0x10007ae8        0x4 CMakeFiles/picoarc.dir/Users/naoru/Developer/pico/pico-sdk/lib/tinyusb/src/device/usbd.c.o
                0x10007ae8                tud_descriptor_other_speed_configuration_cb
 .text.tud_mount_cb
                0x10007aec        0x4 CMakeFiles/picoarc.dir/Users/naoru/Developer/pico/pico-sdk/lib/tinyusb/src/device/usbd.c.o
                0x10007aec                tud_mount_cb
 .text.tud_umount_cb
                0x10007af0        0x4 CMakeFiles/picoarc.dir/Users/naoru/Developer/pico/pico-sdk/lib/tinyusb/src/device/usbd.c.o
                0x10007af0                tud_umount_cb
 .text.tud_suspend_cb
                0x10007af4        0x4 CMakeFiles/picoarc.dir/Users/naoru/Developer/pico/pico-sdk/lib/tinyusb/src/device/usbd.c.o
                0x10007af4                tud_suspend_cb
 .text.tud_resume_cb
                0x10007af8        0x4 CMakeFiles/picoarc.dir/Users/naoru/Developer/pico/pico-sdk/lib/tinyusb/src/device/usbd.c.o
                0x10007af8                tud_resume_cb
 .text.tud_speed_get
                0x10007afc        0xc CMakeFiles/picoarc.dir/Users/naoru/Developer/pico/pico-sdk/lib/tinyusb/src/device/usbd.c.o
                0x10007afc                tud_speed_get
 .text.tud_mounted
                0x10007b08       0x10 CMakeFiles/picoarc.dir/Users/naoru/Developer/pico/pico-sdk/lib/tinyusb/src/device/usbd.c.o
                0x10007b08                tud_mounted
 .text.tud_suspended
                0x10007b18       0x10 CMakeFiles/picoarc.dir/Users/naoru/Developer/pico/pico-sdk/lib/tinyusb/src/device/usbd.c.o
                0x10007b18                tud_suspended
 .text.tud_rhport_init
                0x10007b28       0xf0 CMakeFiles/picoarc.dir/Users/naoru/Developer/pico/pico-sdk/lib/tinyusb/src/device/usbd.c.o
                0x10007b28                tud_rhport_init
 .text.tud_task_ext
                0x10007c18      0x7fc CMakeFiles/picoarc.dir/Users/naoru/Developer/pico/pico-sdk/lib/tinyusb/src/device/usbd.c.o
                0x10007c18                tud_task_ext
 .text.usbd_open_edpt_pair
                0x10008414       0x98 CMakeFiles/picoarc.dir/Users/naoru/Developer/pico/pico-sdk/lib/tinyusb/src/device/usbd.c.o
                0x10008414                usbd_open_edpt_pair
 .text.usbd_edpt_open
                0x100084ac       0x34 CMakeFiles/picoarc.dir/Users/naoru/Developer/pico/pico-sdk/lib/tinyusb/src/device/usbd.c.o
                0x100084ac                usbd_edpt_open
 .text.usbd_edpt_claim
                0x100084e0       0x28 CMakeFiles/picoarc.dir/Users/naoru/Developer/pico/pico-sdk/lib/tinyusb/src/device/usbd.c.o
                0x100084e0                usbd_edpt_claim
 .text.usbd_edpt_release
                0x10008508       0x28 CMakeFiles/picoarc.dir/Users/naoru/Developer/pico/pico-sdk/lib/tinyusb/src/device/usbd.c.o
                0x10008508                usbd_edpt_release
 .text.usbd_edpt_xfer
                0x10008530       0x50 CMakeFiles/picoarc.dir/Users/naoru/Developer/pico/pico-sdk/lib/tinyusb/src/device/usbd.c.o
                0x10008530                usbd_edpt_xfer
 .text.usbd_edpt_clear_stall
                0x10008580       0x38 CMakeFiles/picoarc.dir/Users/naoru/Developer/pico/pico-sdk/lib/tinyusb/src/device/usbd.c.o
                0x10008580                usbd_edpt_clear_stall
 .text.usbd_sof_enable
                0x100085b8       0x50 CMakeFiles/picoarc.dir/Users/naoru/Developer/pico/pico-sdk/lib/tinyusb/src/device/usbd.c.o
                0x100085b8                usbd_sof_enable
 .text.usbd_edpt_iso_alloc
                0x10008608       0x18 CMakeFiles/picoarc.dir/Users/naoru/Developer/pico/pico-sdk/lib/tinyusb/src/device/usbd.c.o
                0x10008608                usbd_edpt_iso_alloc
 .text.usbd_edpt_iso_activate
                0x10008620       0x5c CMakeFiles/picoarc.dir/Users/naoru/Developer/pico/pico-sdk/lib/tinyusb/src/device/usbd.c.o
                0x10008620                usbd_edpt_iso_activate
 .text.tud_control_status
                0x1000867c       0x2c CMakeFiles/picoarc.dir/Users/naoru/Developer/pico/pico-sdk/lib/tinyusb/src/device/usbd_control.c.o
                0x1000867c                tud_control_status
 .text.tud_control_xfer
                0x100086a8       0xa0 CMakeFiles/picoarc.dir/Users/naoru/Developer/pico/pico-sdk/lib/tinyusb/src/device/usbd_control.c.o
                0x100086a8                tud_control_xfer
 .text.usbd_control_reset
                0x10008748       0x14 CMakeFiles/picoarc.dir/Users/naoru/Developer/pico/pico-sdk/lib/tinyusb/src/device/usbd_control.c.o
                0x10008748                usbd_control_reset
 .text.usbd_control_set_complete_callback
                0x1000875c        0xc CMakeFiles/picoarc.dir/Users/naoru/Developer/pico/pico-sdk/lib/tinyusb/src/device/usbd_control.c.o
                0x1000875c                usbd_control_set_complete_callback
 .text.usbd_control_set_request
                0x10008768       0x1c CMakeFiles/picoarc.dir/Users/naoru/Developer/pico/pico-sdk/lib/tinyusb/src/device/usbd_control.c.o
                0x10008768                usbd_control_set_request
 .text.usbd_control_xfer_cb
                0x10008784       0xe8 CMakeFiles/picoarc.dir/Users/naoru/Developer/pico/pico-sdk/lib/tinyusb/src/device/usbd_control.c.o
                0x10008784                usbd_control_xfer_cb
 .text.tud_audio_rx_done_pre_read_cb
                0x1000886c        0x4 CMakeFiles/picoarc.dir/Users/naoru/Developer/pico/pico-sdk/lib/tinyusb/src/class/audio/audio_device.c.o
                0x1000886c                tud_audio_rx_done_pre_read_cb
 .text.tud_audio_rx_done_post_read_cb
                0x10008870        0x4 CMakeFiles/picoarc.dir/Users/naoru/Developer/pico/pico-sdk/lib/tinyusb/src/class/audio/audio_device.c.o
                0x10008870                tud_audio_rx_done_post_read_cb
 .text.tud_audio_fb_done_cb
                0x10008874        0x4 CMakeFiles/picoarc.dir/Users/naoru/Developer/pico/pico-sdk/lib/tinyusb/src/class/audio/audio_device.c.o
                0x10008874                tud_audio_fb_done_cb
 .text.tud_audio_feedback_format_correction_cb
                0x10008878        0x4 CMakeFiles/picoarc.dir/Users/naoru/Developer/pico/pico-sdk/lib/tinyusb/src/class/audio/audio_device.c.o
                0x10008878                tud_audio_feedback_format_correction_cb
 .text.tud_audio_set_req_ep_cb
                0x1000887c        0x4 CMakeFiles/picoarc.dir/Users/naoru/Developer/pico/pico-sdk/lib/tinyusb/src/class/audio/audio_device.c.o
                0x1000887c                tud_audio_set_req_ep_cb
 .text.tud_audio_set_req_itf_cb
                0x10008880        0x4 CMakeFiles/picoarc.dir/Users/naoru/Developer/pico/pico-sdk/lib/tinyusb/src/class/audio/audio_device.c.o
                0x10008880                tud_audio_set_req_itf_cb
 .text.tud_audio_get_req_ep_cb
                0x10008884        0x4 CMakeFiles/picoarc.dir/Users/naoru/Developer/pico/pico-sdk/lib/tinyusb/src/class/audio/audio_device.c.o
                0x10008884                tud_audio_get_req_ep_cb
 .text.tud_audio_get_req_itf_cb
                0x10008888        0x4 CMakeFiles/picoarc.dir/Users/naoru/Developer/pico/pico-sdk/lib/tinyusb/src/class/audio/audio_device.c.o
                0x10008888                tud_audio_get_req_itf_cb
 .text.tud_audio_n_available
                0x1000888c       0x20 CMakeFiles/picoarc.dir/Users/naoru/Developer/pico/pico-sdk/lib/tinyusb/src/class/audio/audio_device.c.o
                0x1000888c                tud_audio_n_available
 .text.tud_audio_n_read
                0x100088ac       0x20 CMakeFiles/picoarc.dir/Users/naoru/Developer/pico/pico-sdk/lib/tinyusb/src/class/audio/audio_device.c.o
                0x100088ac                tud_audio_n_read
 .text.audiod_init
                0x100088cc       0x68 CMakeFiles/picoarc.dir/Users/naoru/Developer/pico/pico-sdk/lib/tinyusb/src/class/audio/audio_device.c.o
                0x100088cc                audiod_init
 .text.audiod_deinit
                0x10008934        0x4 CMakeFiles/picoarc.dir/Users/naoru/Developer/pico/pico-sdk/lib/tinyusb/src/class/audio/audio_device.c.o
                0x10008934                audiod_deinit
 .text.audiod_reset
                0x10008938       0x1c CMakeFiles/picoarc.dir/Users/naoru/Developer/pico/pico-sdk/lib/tinyusb/src/class/audio/audio_device.c.o
                0x10008938                audiod_reset
 .text.audiod_open
                0x10008954       0xd8 CMakeFiles/picoarc.dir/Users/naoru/Developer/pico/pico-sdk/lib/tinyusb/src/class/audio/audio_device.c.o
                0x10008954                audiod_open
 .text.audiod_control_xfer_cb
                0x10008a2c      0x658 CMakeFiles/picoarc.dir/Users/naoru/Developer/pico/pico-sdk/lib/tinyusb/src/class/audio/audio_device.c.o
                0x10008a2c                audiod_control_xfer_cb
 .text.audiod_xfer_cb
                0x10009084      0x1b8 CMakeFiles/picoarc.dir/Users/naoru/Developer/pico/pico-sdk/lib/tinyusb/src/class/audio/audio_device.c.o
                0x10009084                audiod_xfer_cb
 .text.tud_audio_n_fb_set
                0x1000923c       0x68 CMakeFiles/picoarc.dir/Users/naoru/Developer/pico/pico-sdk/lib/tinyusb/src/class/audio/audio_device.c.o
                0x1000923c                tud_audio_n_fb_set
 .text.tud_audio_buffer_and_schedule_control_xfer
                0x100092a4      0x110 CMakeFiles/picoarc.dir/Users/naoru/Developer/pico/pico-sdk/lib/tinyusb/src/class/audio/audio_device.c.o
                0x100092a4                tud_audio_buffer_and_schedule_control_xfer
 .text._prep_out_transaction.isra.0
                0x100093b4       0x70 CMakeFiles/picoarc.dir/Users/naoru/Developer/pico/pico-sdk/lib/tinyusb/src/class/cdc/cdc_device.c.o
 .text.tud_cdc_n_connected
                0x10009424       0x34 CMakeFiles/picoarc.dir/Users/naoru/Developer/pico/pico-sdk/lib/tinyusb/src/class/cdc/cdc_device.c.o
                0x10009424                tud_cdc_n_connected
 .text.tud_cdc_n_available
                0x10009458       0x1c CMakeFiles/picoarc.dir/Users/naoru/Developer/pico/pico-sdk/lib/tinyusb/src/class/cdc/cdc_device.c.o
                0x10009458                tud_cdc_n_available
 .text.tud_cdc_n_read
                0x10009474       0x9c CMakeFiles/picoarc.dir/Users/naoru/Developer/pico/pico-sdk/lib/tinyusb/src/class/cdc/cdc_device.c.o
                0x10009474                tud_cdc_n_read
 .text.tud_cdc_n_write_flush
                0x10009510       0x7c CMakeFiles/picoarc.dir/Users/naoru/Developer/pico/pico-sdk/lib/tinyusb/src/class/cdc/cdc_device.c.o
                0x10009510                tud_cdc_n_write_flush
 .text.tud_cdc_n_write
                0x1000958c       0x44 CMakeFiles/picoarc.dir/Users/naoru/Developer/pico/pico-sdk/lib/tinyusb/src/class/cdc/cdc_device.c.o
                0x1000958c                tud_cdc_n_write
 .text.tud_cdc_n_write_available
                0x100095d0       0x1c CMakeFiles/picoarc.dir/Users/naoru/Developer/pico/pico-sdk/lib/tinyusb/src/class/cdc/cdc_device.c.o
                0x100095d0                tud_cdc_n_write_available
 .text.cdcd_init
                0x100095ec       0x7c CMakeFiles/picoarc.dir/Users/naoru/Developer/pico/pico-sdk/lib/tinyusb/src/class/cdc/cdc_device.c.o
                0x100095ec                cdcd_init
 .text.cdcd_deinit
                0x10009668       0x30 CMakeFiles/picoarc.dir/Users/naoru/Developer/pico/pico-sdk/lib/tinyusb/src/class/cdc/cdc_device.c.o
                0x10009668                cdcd_deinit
 .text.cdcd_reset
                0x10009698       0x48 CMakeFiles/picoarc.dir/Users/naoru/Developer/pico/pico-sdk/lib/tinyusb/src/class/cdc/cdc_device.c.o
                0x10009698                cdcd_reset
 .text.cdcd_open
                0x100096e0       0xa8 CMakeFiles/picoarc.dir/Users/naoru/Developer/pico/pico-sdk/lib/tinyusb/src/class/cdc/cdc_device.c.o
                0x100096e0                cdcd_open
 .text.cdcd_control_xfer_cb
                0x10009788       0xf0 CMakeFiles/picoarc.dir/Users/naoru/Developer/pico/pico-sdk/lib/tinyusb/src/class/cdc/cdc_device.c.o
                0x10009788                cdcd_control_xfer_cb
 .text.cdcd_xfer_cb
                0x10009878       0xf8 CMakeFiles/picoarc.dir/Users/naoru/Developer/pico/pico-sdk/lib/tinyusb/src/class/cdc/cdc_device.c.o
                0x10009878                cdcd_xfer_cb
 .text.tusb_rhport_init
                0x10009970       0x4c CMakeFiles/picoarc.dir/Users/naoru/Developer/pico/pico-sdk/lib/tinyusb/src/tusb.c.o
                0x10009970                tusb_rhport_init
 .text.tu_edpt_claim
                0x100099bc       0x50 CMakeFiles/picoarc.dir/Users/naoru/Developer/pico/pico-sdk/lib/tinyusb/src/tusb.c.o
                0x100099bc                tu_edpt_claim
 .text.tu_edpt_release
                0x10009a0c       0x38 CMakeFiles/picoarc.dir/Users/naoru/Developer/pico/pico-sdk/lib/tinyusb/src/tusb.c.o
                0x10009a0c                tu_edpt_release
 .text.tu_edpt_validate
                0x10009a44       0x74 CMakeFiles/picoarc.dir/Users/naoru/Developer/pico/pico-sdk/lib/tinyusb/src/tusb.c.o
                0x10009a44                tu_edpt_validate
 .text.tu_edpt_bind_driver
                0x10009ab8       0x34 CMakeFiles/picoarc.dir/Users/naoru/Developer/pico/pico-sdk/lib/tinyusb/src/tusb.c.o
                0x10009ab8                tu_edpt_bind_driver
 .text.tu_fifo_config
                0x10009aec       0x6c CMakeFiles/picoarc.dir/Users/naoru/Developer/pico/pico-sdk/lib/tinyusb/src/common/tusb_fifo.c.o
                0x10009aec                tu_fifo_config
 .text.tu_fifo_count
                0x10009b58       0x2c CMakeFiles/picoarc.dir/Users/naoru/Developer/pico/pico-sdk/lib/tinyusb/src/common/tusb_fifo.c.o
                0x10009b58                tu_fifo_count
 .text.tu_fifo_empty
                0x10009b84       0x10 CMakeFiles/picoarc.dir/Users/naoru/Developer/pico/pico-sdk/lib/tinyusb/src/common/tusb_fifo.c.o
                0x10009b84                tu_fifo_empty
 .text.tu_fifo_remaining
                0x10009b94       0x2c CMakeFiles/picoarc.dir/Users/naoru/Developer/pico/pico-sdk/lib/tinyusb/src/common/tusb_fifo.c.o
                0x10009b94                tu_fifo_remaining
 .text.tu_fifo_read
                0x10009bc0       0x9c CMakeFiles/picoarc.dir/Users/naoru/Developer/pico/pico-sdk/lib/tinyusb/src/common/tusb_fifo.c.o
                0x10009bc0                tu_fifo_read
 .text.tu_fifo_read_n
                0x10009c5c       0xec CMakeFiles/picoarc.dir/Users/naoru/Developer/pico/pico-sdk/lib/tinyusb/src/common/tusb_fifo.c.o
                0x10009c5c                tu_fifo_read_n
 .text.tu_fifo_write
                0x10009d48       0xa4 CMakeFiles/picoarc.dir/Users/naoru/Developer/pico/pico-sdk/lib/tinyusb/src/common/tusb_fifo.c.o
                0x10009d48                tu_fifo_write
 .text.tu_fifo_write_n
                0x10009dec      0x168 CMakeFiles/picoarc.dir/Users/naoru/Developer/pico/pico-sdk/lib/tinyusb/src/common/tusb_fifo.c.o
                0x10009dec                tu_fifo_write_n
 .text.tu_fifo_clear
                0x10009f54       0x40 CMakeFiles/picoarc.dir/Users/naoru/Developer/pico/pico-sdk/lib/tinyusb/src/common/tusb_fifo.c.o
                0x10009f54                tu_fifo_clear
 .text.tu_fifo_set_overwritable
                0x10009f94       0x48 CMakeFiles/picoarc.dir/Users/naoru/Developer/pico/pico-sdk/lib/tinyusb/src/common/tusb_fifo.c.o
                0x10009f94                tu_fifo_set_overwritable
 .text.core1_trampoline
                0x10009fdc        0x4 CMakeFiles/picoarc.dir/Users/naoru/Developer/pico/pico-sdk/src/rp2_common/pico_multicore/multicore.c.o
 .text.core1_wrapper
                0x10009fe0        0xc CMakeFiles/picoarc.dir/Users/naoru/Developer/pico/pico-sdk/src/rp2_common/pico_multicore/multicore.c.o
                0x10009fe0                core1_wrapper
 .text.multicore_launch_core1_raw
                0x10009fec       0x88 CMakeFiles/picoarc.dir/Users/naoru/Developer/pico/pico-sdk/src/rp2_common/pico_multicore/multicore.c.o
                0x10009fec                multicore_launch_core1_raw
 .text.multicore_launch_core1
                0x1000a074       0x5c CMakeFiles/picoarc.dir/Users/naoru/Developer/pico/pico-sdk/src/rp2_common/pico_multicore/multicore.c.o
                0x1000a074                multicore_launch_core1
 .text.dma_claim_unused_channel
                0x1000a0d0       0x20 CMakeFiles/picoarc.dir/Users/naoru/Developer/pico/pico-sdk/src/rp2_common/hardware_dma/dma.c.o
                0x1000a0d0                dma_claim_unused_channel
 .text.pio_claim_unused_sm
                0x1000a0f0       0x38 CMakeFiles/picoarc.dir/Users/naoru/Developer/pico/pico-sdk/src/rp2_common/hardware_pio/pio.c.o
                0x1000a0f0                pio_claim_unused_sm
 .text.pio_add_program
                0x1000a128       0xf8 CMakeFiles/picoarc.dir/Users/naoru/Developer/pico/pico-sdk/src/rp2_common/hardware_pio/pio.c.o
                0x1000a128                pio_add_program
 .text.pio_sm_set_pins
                0x1000a220       0x90 CMakeFiles/picoarc.dir/Users/naoru/Developer/pico/pico-sdk/src/rp2_common/hardware_pio/pio.c.o
                0x1000a220                pio_sm_set_pins
 .text.pio_sm_set_consecutive_pindirs
                0x1000a2b0       0xb0 CMakeFiles/picoarc.dir/Users/naoru/Developer/pico/pico-sdk/src/rp2_common/hardware_pio/pio.c.o
                0x1000a2b0                pio_sm_set_consecutive_pindirs
 .text.pio_sm_init
                0x1000a360       0xa8 CMakeFiles/picoarc.dir/Users/naoru/Developer/pico/pico-sdk/src/rp2_common/hardware_pio/pio.c.o
                0x1000a360                pio_sm_init
 .text.strlen   0x1000a408       0x60 /Applications/ArmGNUToolchain/15.2.rel1/arm-none-eabi/bin/../lib/gcc/arm-none-eabi/15.2.1/../../../../arm-none-eabi/lib/thumb/v6-m/nofp/libg.a(libc_a-strlen-stub.o)
                0x1000a408                strlen
 *(.fini)
 .fini          0x1000a468        0x4 /Applications/ArmGNUToolchain/15.2.rel1/arm-none-eabi/bin/../lib/gcc/arm-none-eabi/15.2.1/thumb/v6-m/nofp/crti.o
                0x1000a468                _fini
 *fill*         0x1000a46c        0x4 
 .fini.__stub   0x1000a470       0xb0 linker stubs
 *crtbegin.o(.ctors)
 *crtbegin?.o(.ctors)
 *(EXCLUDE_FILE(*crtend.o *crtend?.o) .ctors)
 *(SORT_BY_NAME(.ctors.*))
 *(.ctors)
 *crtbegin.o(.dtors)
 *crtbegin?.o(.dtors)
 *(EXCLUDE_FILE(*crtend.o *crtend?.o) .dtors)
 *(SORT_BY_NAME(.dtors.*))
 *(.dtors)
                0x1000a520                        . = ALIGN (0x4)
                0x1000a520                        PROVIDE (__preinit_array_start = .)
 *(SORT_BY_NAME(.preinit_array.*))
 .preinit_array.00100
                0x1000a520        0x4 CMakeFiles/picoarc.dir/Users/naoru/Developer/pico/pico-sdk/src/rp2_common/pico_runtime_init/runtime_init.c.o
                0x1000a520                __pre_init_runtime_init_early_resets
 .preinit_array.00101
                0x1000a524        0x4 CMakeFiles/picoarc.dir/Users/naoru/Developer/pico/pico-sdk/src/rp2_common/pico_runtime_init/runtime_init.c.o
                0x1000a524                __pre_init_runtime_init_usb_power_down
 .preinit_array.00275
                0x1000a528        0x4 CMakeFiles/picoarc.dir/Users/naoru/Developer/pico/pico-sdk/src/rp2_common/pico_bit_ops/bit_ops_aeabi.S.o
 .preinit_array.00300
                0x1000a52c        0x4 CMakeFiles/picoarc.dir/Users/naoru/Developer/pico/pico-sdk/src/rp2_common/pico_mem_ops/mem_ops_aeabi.S.o
 .preinit_array.00350
                0x1000a530        0x4 CMakeFiles/picoarc.dir/Users/naoru/Developer/pico/pico-sdk/src/rp2_common/pico_double/double_aeabi_rp2040.S.o
 .preinit_array.00350
                0x1000a534        0x4 CMakeFiles/picoarc.dir/Users/naoru/Developer/pico/pico-sdk/src/rp2_common/pico_float/float_aeabi_rp2040.S.o
 .preinit_array.00500
                0x1000a538        0x4 CMakeFiles/picoarc.dir/Users/naoru/Developer/pico/pico-sdk/src/rp2_common/pico_runtime_init/runtime_init.c.o
                0x1000a538                __pre_init_runtime_init_clocks
 .preinit_array.00600
                0x1000a53c        0x4 CMakeFiles/picoarc.dir/Users/naoru/Developer/pico/pico-sdk/src/rp2_common/pico_runtime_init/runtime_init.c.o
                0x1000a53c                __pre_init_runtime_init_post_clock_resets
 .preinit_array.00700
                0x1000a540        0x4 CMakeFiles/picoarc.dir/Users/naoru/Developer/pico/pico-sdk/src/rp2_common/pico_runtime_init/runtime_init.c.o
                0x1000a540                __pre_init_runtime_init_rp2040_gpio_ie_disable
 .preinit_array.01000
                0x1000a544        0x4 CMakeFiles/picoarc.dir/Users/naoru/Developer/pico/pico-sdk/src/rp2_common/pico_runtime_init/runtime_init.c.o
                0x1000a544                __pre_init_runtime_init_spin_locks_reset
 .preinit_array.01100
                0x1000a548        0x4 CMakeFiles/picoarc.dir/Users/naoru/Developer/pico/pico-sdk/src/common/pico_sync/mutex.c.o
                0x1000a548                __pre_init_runtime_init_mutex
 .preinit_array.10080
                0x1000a54c        0x4 CMakeFiles/picoarc.dir/Users/naoru/Developer/pico/pico-sdk/src/rp2_common/pico_runtime_init/runtime_init.c.o
                0x1000a54c                __pre_init_runtime_init_install_ram_vector_table
 .preinit_array.11000
                0x1000a550        0x4 CMakeFiles/picoarc.dir/Users/naoru/Developer/pico/pico-sdk/src/common/pico_time/time.c.o
                0x1000a550                __pre_init_runtime_init_default_alarm_pool
 .preinit_array.YYYYY
                0x1000a554        0x4 CMakeFiles/picoarc.dir/Users/naoru/Developer/pico/pico-sdk/src/rp2_common/pico_runtime/runtime.c.o
                0x1000a554                __pre_init_first_per_core_initializer
 .preinit_array.ZZZZZ.01200
                0x1000a558        0x4 CMakeFiles/picoarc.dir/Users/naoru/Developer/pico/pico-sdk/src/rp2_common/hardware_irq/irq.c.o
                0x1000a558                __pre_init_runtime_init_per_core_irq_priorities
 *(.preinit_array)
                0x1000a55c                        PROVIDE (__preinit_array_end = .)
                0x1000a55c                        . = ALIGN (0x4)
                0x1000a55c                        PROVIDE (__init_array_start = .)
 *(SORT_BY_NAME(.init_array.*))
 .init_array.01000
                0x1000a55c        0x4 CMakeFiles/picoarc.dir/Users/naoru/Developer/pico/pico-sdk/src/rp2_common/pico_unique_id/unique_id.c.o
 *(.init_array)
 .init_array    0x1000a560        0x4 /Applications/ArmGNUToolchain/15.2.rel1/arm-none-eabi/bin/../lib/gcc/arm-none-eabi/15.2.1/thumb/v6-m/nofp/crtbegin.o
                0x1000a564                        PROVIDE (__init_array_end = .)
                0x1000a564                        . = ALIGN (0x4)
                [!provide]                        PROVIDE (__fini_array_start = .)
 *(SORT_BY_NAME(.fini_array.*))
 *(.fini_array)
                [!provide]                        PROVIDE (__fini_array_end = .)
 *(.eh_frame*)
 .eh_frame      0x1000a564        0x0 /Applications/ArmGNUToolchain/15.2.rel1/arm-none-eabi/bin/../lib/gcc/arm-none-eabi/15.2.1/thumb/v6-m/nofp/crtbegin.o
                0x1000a564                        . = ALIGN (0x4)

.glue_7         0x1000a564        0x0
 .glue_7        0x1000a564        0x0 linker stubs

.glue_7t        0x1000a564        0x0
 .glue_7t       0x1000a564        0x0 linker stubs

.vfp11_veneer   0x1000a564        0x0
 .vfp11_veneer  0x1000a564        0x0 linker stubs

.v4_bx          0x1000a564        0x0
 .v4_bx         0x1000a564        0x0 linker stubs

.iplt           0x1000a564        0x0
 .iplt          0x1000a564        0x0 /Applications/ArmGNUToolchain/15.2.rel1/arm-none-eabi/bin/../lib/gcc/arm-none-eabi/15.2.1/thumb/v6-m/nofp/crtbegin.o

.rodata         0x1000a568     0x12c0
 *(EXCLUDE_FILE(*libm.a: *libc.a:*lib_a-mem*.o *libgcc.a:) .rodata*)
 .rodata.main.str1.4
                0x1000a568      0x9a8 CMakeFiles/picoarc.dir/src/main.c.o
                                 0x3b (size before relaxing)
 .rodata.arc_init.str1.4
                0x1000af10        0x0 CMakeFiles/picoarc.dir/src/arc.c.o
                                 0x1f (size before relaxing)
 .rodata.arc_task.str1.4
                0x1000af10        0x0 CMakeFiles/picoarc.dir/src/arc.c.o
                                0x29c (size before relaxing)
 .rodata.str1.4
                0x1000af10        0x0 CMakeFiles/picoarc.dir/src/arc.c.o
                                0x422 (size before relaxing)
 .rodata.CSWTCH.37
                0x1000af10      0x1b8 CMakeFiles/picoarc.dir/src/arc.c.o
 .rodata.CSWTCH.35
                0x1000b0c8      0x240 CMakeFiles/picoarc.dir/src/arc.c.o
 .rodata.cec_tx_program
                0x1000b308        0x8 CMakeFiles/picoarc.dir/src/cec.c.o
 .rodata.cec_tx_program_instructions
                0x1000b310       0x10 CMakeFiles/picoarc.dir/src/cec.c.o
 .rodata.spdif_mode_name.str1.4
                0x1000b320        0x0 CMakeFiles/picoarc.dir/src/spdif.c.o
                                  0x8 (size before relaxing)
 .rodata.str1.4
                0x1000b320        0x0 CMakeFiles/picoarc.dir/src/spdif.c.o
                                 0x1e (size before relaxing)
 .rodata.CSWTCH.145
                0x1000b320        0xc CMakeFiles/picoarc.dir/src/spdif.c.o
 .rodata.CSWTCH.122
                0x1000b32c        0x3 CMakeFiles/picoarc.dir/src/spdif.c.o
 *fill*         0x1000b32f        0x1 
 .rodata.sine_1khz_48k
                0x1000b330       0x60 CMakeFiles/picoarc.dir/src/spdif.c.o
 .rodata.spdif_tx_program
                0x1000b390        0x8 CMakeFiles/picoarc.dir/src/spdif.c.o
 .rodata.spdif_tx_program_instructions
                0x1000b398        0x2 CMakeFiles/picoarc.dir/src/spdif.c.o
 .rodata.tud_audio_set_itf_cb.str1.4
                0x1000b39a        0x0 CMakeFiles/picoarc.dir/src/usb_audio.c.o
                                 0x2b (size before relaxing)
 .rodata.tud_audio_set_itf_close_EP_cb.str1.4
                0x1000b39a        0x0 CMakeFiles/picoarc.dir/src/usb_audio.c.o
                                 0x24 (size before relaxing)
 .rodata.usb_audio_task.str1.4
                0x1000b39a        0x0 CMakeFiles/picoarc.dir/src/usb_audio.c.o
                                 0x81 (size before relaxing)
 *fill*         0x1000b39a        0x2 
 .rodata        0x1000b39c       0x18 CMakeFiles/picoarc.dir/src/usb_audio.c.o
 .rodata.str1.4
                0x1000b3b4        0x0 CMakeFiles/picoarc.dir/src/usb_descriptors.c.o
                                 0x4a (size before relaxing)
 .rodata.string_desc_arr
                0x1000b3b4       0x1c CMakeFiles/picoarc.dir/src/usb_descriptors.c.o
 .rodata.__compound_literal.0
                0x1000b3d0        0x2 CMakeFiles/picoarc.dir/src/usb_descriptors.c.o
 *fill*         0x1000b3d2        0x2 
 .rodata.desc_configuration
                0x1000b3d4       0xe3 CMakeFiles/picoarc.dir/src/usb_descriptors.c.o
                0x1000b3d4                desc_configuration
 *fill*         0x1000b4b7        0x1 
 .rodata.desc_device
                0x1000b4b8       0x12 CMakeFiles/picoarc.dir/src/usb_descriptors.c.o
                0x1000b4b8                desc_device
 .rodata.panic.str1.4
                0x1000b4ca        0x0 CMakeFiles/picoarc.dir/Users/naoru/Developer/pico/pico-sdk/src/rp2_common/pico_platform_panic/panic.c.o
                                 0x12 (size before relaxing)
 .rodata.spin_lock_claim_unused.str1.4
                0x1000b4ca        0x0 CMakeFiles/picoarc.dir/Users/naoru/Developer/pico/pico-sdk/src/rp2_common/hardware_sync/sync.c.o
                                 0x1b (size before relaxing)
 .rodata.timer_hardware_alarm_claim.str1.4
                0x1000b4ca        0x0 CMakeFiles/picoarc.dir/Users/naoru/Developer/pico/pico-sdk/src/rp2_common/hardware_timer/timer.c.o
                                 0x22 (size before relaxing)
 .rodata.hard_assertion_failure.str1.4
                0x1000b4ca        0x0 CMakeFiles/picoarc.dir/Users/naoru/Developer/pico/pico-sdk/src/rp2_common/pico_runtime/runtime.c.o
                                  0xc (size before relaxing)
 .rodata.str1.4
                0x1000b4ca        0x0 CMakeFiles/picoarc.dir/Users/naoru/Developer/pico/pico-sdk/src/rp2_common/pico_standard_binary_info/standard_binary_info.c.o
                                 0x3c (size before relaxing)
 *fill*         0x1000b4ca        0x2 
 .rodata.__bi_84
                0x1000b4cc        0xc CMakeFiles/picoarc.dir/Users/naoru/Developer/pico/pico-sdk/src/rp2_common/pico_standard_binary_info/standard_binary_info.c.o
 .rodata.__bi_78
                0x1000b4d8        0xc CMakeFiles/picoarc.dir/Users/naoru/Developer/pico/pico-sdk/src/rp2_common/pico_standard_binary_info/standard_binary_info.c.o
 .rodata.__bi_54
                0x1000b4e4        0xc CMakeFiles/picoarc.dir/Users/naoru/Developer/pico/pico-sdk/src/rp2_common/pico_standard_binary_info/standard_binary_info.c.o
 .rodata.__bi_48
                0x1000b4f0        0xc CMakeFiles/picoarc.dir/Users/naoru/Developer/pico/pico-sdk/src/rp2_common/pico_standard_binary_info/standard_binary_info.c.o
 .rodata.__bi_42
                0x1000b4fc        0xc CMakeFiles/picoarc.dir/Users/naoru/Developer/pico/pico-sdk/src/rp2_common/pico_standard_binary_info/standard_binary_info.c.o
 .rodata.__bi_34
                0x1000b508        0xc CMakeFiles/picoarc.dir/Users/naoru/Developer/pico/pico-sdk/src/rp2_common/pico_standard_binary_info/standard_binary_info.c.o
 .rodata.__bi_26
                0x1000b514        0xc CMakeFiles/picoarc.dir/Users/naoru/Developer/pico/pico-sdk/src/rp2_common/pico_standard_binary_info/standard_binary_info.c.o
 .rodata._ftoa.str1.4
                0x1000b520        0x0 CMakeFiles/picoarc.dir/Users/naoru/Developer/pico/pico-sdk/src/rp2_common/pico_printf/printf.c.o
                                 0x15 (size before relaxing)
 .rodata._vsnprintf
                0x1000b520      0x19c CMakeFiles/picoarc.dir/Users/naoru/Developer/pico/pico-sdk/src/rp2_common/pico_printf/printf.c.o
 *fill*         0x1000b6bc        0x4 
 .rodata.pow10.0
                0x1000b6c0       0x50 CMakeFiles/picoarc.dir/Users/naoru/Developer/pico/pico-sdk/src/rp2_common/pico_printf/printf.c.o
 .rodata.crlf_str.0
                0x1000b710        0x2 CMakeFiles/picoarc.dir/Users/naoru/Developer/pico/pico-sdk/src/rp2_common/pico_stdio/stdio.c.o
 *fill*         0x1000b712        0x2 
 .rodata._resetd_driver
                0x1000b714       0x20 CMakeFiles/picoarc.dir/Users/naoru/Developer/pico/pico-sdk/src/rp2_common/pico_stdio_usb/reset_interface.c.o
 .rodata.str1.4
                0x1000b734        0x0 CMakeFiles/picoarc.dir/Users/naoru/Developer/pico/pico-sdk/src/rp2_common/pico_stdio_usb/stdio_usb.c.o
                                 0x13 (size before relaxing)
 .rodata.__bi_202.0
                0x1000b734        0xc CMakeFiles/picoarc.dir/Users/naoru/Developer/pico/pico-sdk/src/rp2_common/pico_stdio_usb/stdio_usb.c.o
 .rodata.str1.4
                0x1000b740        0x0 CMakeFiles/picoarc.dir/Users/naoru/Developer/pico/pico-sdk/lib/tinyusb/src/portable/raspberrypi/rp2040/dcd_rp2040.c.o
                                 0x14 (size before relaxing)
 .rodata.str1.4
                0x1000b740        0x0 CMakeFiles/picoarc.dir/Users/naoru/Developer/pico/pico-sdk/lib/tinyusb/src/portable/raspberrypi/rp2040/rp2040_usb.c.o
                                 0x48 (size before relaxing)
 .rodata.tud_task_ext
                0x1000b740       0x8c CMakeFiles/picoarc.dir/Users/naoru/Developer/pico/pico-sdk/lib/tinyusb/src/device/usbd.c.o
 .rodata        0x1000b7cc       0x1c CMakeFiles/picoarc.dir/Users/naoru/Developer/pico/pico-sdk/lib/tinyusb/src/device/usbd.c.o
 .rodata._usbd_driver
                0x1000b7e8       0x40 CMakeFiles/picoarc.dir/Users/naoru/Developer/pico/pico-sdk/lib/tinyusb/src/device/usbd.c.o
 .rodata.dma_claim_unused_channel.str1.4
                0x1000b828        0x0 CMakeFiles/picoarc.dir/Users/naoru/Developer/pico/pico-sdk/src/rp2_common/hardware_dma/dma.c.o
                                 0x1e (size before relaxing)
 .rodata.pio_claim_unused_sm.str1.4
                0x1000b828        0x0 CMakeFiles/picoarc.dir/Users/naoru/Developer/pico/pico-sdk/src/rp2_common/hardware_pio/pio.c.o
                                 0x24 (size before relaxing)
                0x1000b828                        . = ALIGN (0x4)
 *(SORT_BY_ALIGNMENT(SORT_BY_NAME(.flashdata*)))
                0x1000b828                        . = ALIGN (0x4)

.ARM.extab
 *(.ARM.extab* .gnu.linkonce.armextab.*)
                0x1000b828                        __exidx_start = .

.ARM.exidx
 *(.ARM.exidx* .gnu.linkonce.armexidx.*)
                0x1000b828                        __exidx_end = .
                0x1000b828                        . = ALIGN (0x4)
                0x1000b828                        __binary_info_start = .

.binary_info    0x1000b828       0x20
 *(.binary_info.keep.*)
 .binary_info.keep.__bi_ptr84
                0x1000b828        0x4 CMakeFiles/picoarc.dir/Users/naoru/Developer/pico/pico-sdk/src/rp2_common/pico_standard_binary_info/standard_binary_info.c.o
 .binary_info.keep.__bi_ptr78
                0x1000b82c        0x4 CMakeFiles/picoarc.dir/Users/naoru/Developer/pico/pico-sdk/src/rp2_common/pico_standard_binary_info/standard_binary_info.c.o
 .binary_info.keep.__bi_ptr54
                0x1000b830        0x4 CMakeFiles/picoarc.dir/Users/naoru/Developer/pico/pico-sdk/src/rp2_common/pico_standard_binary_info/standard_binary_info.c.o
 .binary_info.keep.__bi_ptr48
                0x1000b834        0x4 CMakeFiles/picoarc.dir/Users/naoru/Developer/pico/pico-sdk/src/rp2_common/pico_standard_binary_info/standard_binary_info.c.o
 .binary_info.keep.__bi_ptr42
                0x1000b838        0x4 CMakeFiles/picoarc.dir/Users/naoru/Developer/pico/pico-sdk/src/rp2_common/pico_standard_binary_info/standard_binary_info.c.o
 .binary_info.keep.__bi_ptr34
                0x1000b83c        0x4 CMakeFiles/picoarc.dir/Users/naoru/Developer/pico/pico-sdk/src/rp2_common/pico_standard_binary_info/standard_binary_info.c.o
 .binary_info.keep.__bi_ptr26
                0x1000b840        0x4 CMakeFiles/picoarc.dir/Users/naoru/Developer/pico/pico-sdk/src/rp2_common/pico_standard_binary_info/standard_binary_info.c.o
 *(.binary_info.*)
 .binary_info.__bi_ptr202
                0x1000b844        0x4 CMakeFiles/picoarc.dir/Users/naoru/Developer/pico/pico-sdk/src/rp2_common/pico_stdio_usb/stdio_usb.c.o
                0x1000b848                        __binary_info_end = .
                0x1000b848                        . = ALIGN (0x4)

.ram_vector_table
                0x20000000       0xc0
 *(.ram_vector_table)
 .ram_vector_table
                0x20000000       0xc0 CMakeFiles/picoarc.dir/Users/naoru/Developer/pico/pico-sdk/src/rp2_common/pico_runtime_init/runtime_init.c.o
                0x20000000                ram_vector_table

.uninitialized_data
                0x200000c0        0x0
                0x200000c0                        . = ALIGN (0x4)
 *(.uninitialized_data*)

.data           0x200000c0      0xfb8 load address 0x1000b848
                0x200000c0                        __data_start__ = .
 *(vtable)
 *(.time_critical*)
 .time_critical.mutex_try_enter_block_until
                0x200000c0       0x98 CMakeFiles/picoarc.dir/Users/naoru/Developer/pico/pico-sdk/src/common/pico_sync/mutex.c.o
                0x200000c0                mutex_try_enter_block_until
 .time_critical.mutex_enter_timeout_ms
                0x20000158       0x8c CMakeFiles/picoarc.dir/Users/naoru/Developer/pico/pico-sdk/src/common/pico_sync/mutex.c.o
                0x20000158                mutex_enter_timeout_ms
 .time_critical.mutex_exit
                0x200001e4       0x28 CMakeFiles/picoarc.dir/Users/naoru/Developer/pico/pico-sdk/src/common/pico_sync/mutex.c.o
                0x200001e4                mutex_exit
 .time_critical.flash_init_boot2_copyout
                0x2000020c       0x30 CMakeFiles/picoarc.dir/Users/naoru/Developer/pico/pico-sdk/src/rp2_common/hardware_flash/flash.c.o
 .time_critical.flash_enable_xip_via_boot2
                0x2000023c        0xc CMakeFiles/picoarc.dir/Users/naoru/Developer/pico/pico-sdk/src/rp2_common/hardware_flash/flash.c.o
 .time_critical.flash_save_hardware_state
                0x20000248       0x20 CMakeFiles/picoarc.dir/Users/naoru/Developer/pico/pico-sdk/src/rp2_common/hardware_flash/flash.c.o
 .time_critical.flash_restore_hardware_state
                0x20000268       0x20 CMakeFiles/picoarc.dir/Users/naoru/Developer/pico/pico-sdk/src/rp2_common/hardware_flash/flash.c.o
 .time_critical.flash_cs_force
                0x20000288       0x38 CMakeFiles/picoarc.dir/Users/naoru/Developer/pico/pico-sdk/src/rp2_common/hardware_flash/flash.c.o
 .time_critical.flash_do_cmd
                0x200002c0      0x124 CMakeFiles/picoarc.dir/Users/naoru/Developer/pico/pico-sdk/src/rp2_common/hardware_flash/flash.c.o
                0x200002c0                flash_do_cmd
 .time_critical.reset_non_control_endpoints
                0x200003e4       0x68 CMakeFiles/picoarc.dir/Users/naoru/Developer/pico/pico-sdk/lib/tinyusb/src/portable/raspberrypi/rp2040/dcd_rp2040.c.o
 .time_critical.hw_handle_buff_status
                0x2000044c       0x88 CMakeFiles/picoarc.dir/Users/naoru/Developer/pico/pico-sdk/lib/tinyusb/src/portable/raspberrypi/rp2040/dcd_rp2040.c.o
 .time_critical.dcd_rp2040_irq
                0x200004d4      0x53c CMakeFiles/picoarc.dir/Users/naoru/Developer/pico/pico-sdk/lib/tinyusb/src/portable/raspberrypi/rp2040/dcd_rp2040.c.o
 .time_critical.prepare_ep_buffer
                0x20000a10       0xc4 CMakeFiles/picoarc.dir/Users/naoru/Developer/pico/pico-sdk/lib/tinyusb/src/portable/raspberrypi/rp2040/rp2040_usb.c.o
 .time_critical.sync_ep_buffer
                0x20000ad4       0xa0 CMakeFiles/picoarc.dir/Users/naoru/Developer/pico/pico-sdk/lib/tinyusb/src/portable/raspberrypi/rp2040/rp2040_usb.c.o
 .time_critical._hw_endpoint_xfer_sync
                0x20000b74       0x28 CMakeFiles/picoarc.dir/Users/naoru/Developer/pico/pico-sdk/lib/tinyusb/src/portable/raspberrypi/rp2040/rp2040_usb.c.o
 .time_critical.e15_is_bulkin_ep
                0x20000b9c       0x28 CMakeFiles/picoarc.dir/Users/naoru/Developer/pico/pico-sdk/lib/tinyusb/src/portable/raspberrypi/rp2040/rp2040_usb.c.o
 .time_critical.e15_is_critical_frame_period
                0x20000bc4       0x30 CMakeFiles/picoarc.dir/Users/naoru/Developer/pico/pico-sdk/lib/tinyusb/src/portable/raspberrypi/rp2040/rp2040_usb.c.o
 .time_critical.hw_endpoint_reset_transfer
                0x20000bf4        0xc CMakeFiles/picoarc.dir/Users/naoru/Developer/pico/pico-sdk/lib/tinyusb/src/portable/raspberrypi/rp2040/rp2040_usb.c.o
                0x20000bf4                hw_endpoint_reset_transfer
 .time_critical._hw_endpoint_buffer_control_update32
                0x20000c00       0x50 CMakeFiles/picoarc.dir/Users/naoru/Developer/pico/pico-sdk/lib/tinyusb/src/portable/raspberrypi/rp2040/rp2040_usb.c.o
                0x20000c00                _hw_endpoint_buffer_control_update32
 .time_critical.hw_endpoint_start_next_buffer
                0x20000c50       0x68 CMakeFiles/picoarc.dir/Users/naoru/Developer/pico/pico-sdk/lib/tinyusb/src/portable/raspberrypi/rp2040/rp2040_usb.c.o
                0x20000c50                hw_endpoint_start_next_buffer
 .time_critical.hw_endpoint_xfer_continue
                0x20000cb8       0x40 CMakeFiles/picoarc.dir/Users/naoru/Developer/pico/pico-sdk/lib/tinyusb/src/portable/raspberrypi/rp2040/rp2040_usb.c.o
                0x20000cb8                hw_endpoint_xfer_continue
 .time_critical.tinyusb
                0x20000cf8      0x1d8 CMakeFiles/picoarc.dir/Users/naoru/Developer/pico/pico-sdk/lib/tinyusb/src/device/usbd.c.o
                0x20000cf8                dcd_event_handler
 .time_critical.tinyusb
                0x20000ed0       0x44 CMakeFiles/picoarc.dir/Users/naoru/Developer/pico/pico-sdk/lib/tinyusb/src/class/audio/audio_device.c.o
                0x20000ed0                tud_audio_feedback_interval_isr
                0x20000ed4                audiod_sof_isr
 *(.text*)
 .text          0x20000f14        0x4 /Applications/ArmGNUToolchain/15.2.rel1/arm-none-eabi/bin/../lib/gcc/arm-none-eabi/15.2.1/thumb/v6-m/nofp/libgcc.a(_dvmd_tls.o)
                0x20000f14                __aeabi_ldiv0
                0x20000f14                __aeabi_idiv0
 .text.__stub   0x20000f18       0x90 linker stubs
                0x20000fa8                        . = ALIGN (0x4)
 *(.rodata*)
                0x20000fa8                        . = ALIGN (0x4)
 *(.data*)
 .data.current_mode
                0x20000fa8        0x1 CMakeFiles/picoarc.dir/src/spdif.c.o
 .data.striped_spin_lock_num
                0x20000fa9        0x1 CMakeFiles/picoarc.dir/Users/naoru/Developer/pico/pico-sdk/src/rp2_common/hardware_sync/sync.c.o
 *fill*         0x20000faa        0x2 
 .data          0x20000fac       0x48 CMakeFiles/picoarc.dir/Users/naoru/Developer/pico/pico-sdk/src/rp2_common/hardware_irq/irq_handler_chain.S.o
                0x20000fac                irq_handler_chain_slots
                0x20000fdc                irq_handler_chain_first_slot
                0x20000fe6                irq_handler_chain_remove_tail
 .data.default_alarm_pool
                0x20000ff4       0x18 CMakeFiles/picoarc.dir/Users/naoru/Developer/pico/pico-sdk/src/common/pico_time/time.c.o
 *fill*         0x2000100c        0x4 
 .data.aeabi_bits_funcs
                0x20001010       0x10 CMakeFiles/picoarc.dir/Users/naoru/Developer/pico/pico-sdk/src/rp2_common/pico_bit_ops/bit_ops_aeabi.S.o
                0x20001010                aeabi_bits_funcs
                0x20001020                aeabi_bits_funcs_end
 .data.aeabi_mem_funcs
                0x20001020       0x10 CMakeFiles/picoarc.dir/Users/naoru/Developer/pico/pico-sdk/src/rp2_common/pico_mem_ops/mem_ops_aeabi.S.o
                0x20001020                aeabi_mem_funcs
                0x20001030                aeabi_mem_funcs_end
 .data.stdio_usb
                0x20001030       0x18 CMakeFiles/picoarc.dir/Users/naoru/Developer/pico/pico-sdk/src/rp2_common/pico_stdio_usb/stdio_usb.c.o
                0x20001030                stdio_usb
 .data._usbd_qdef
                0x20001048       0x1c CMakeFiles/picoarc.dir/Users/naoru/Developer/pico/pico-sdk/lib/tinyusb/src/device/usbd.c.o
                0x20001048                _usbd_qdef
 .data._usbd_rhport
                0x20001064        0x1 CMakeFiles/picoarc.dir/Users/naoru/Developer/pico/pico-sdk/lib/tinyusb/src/device/usbd.c.o
                0x20001068                        . = ALIGN (0x4)
 *fill*         0x20001065        0x3 
 *(.after_data.*)
                0x20001068                        . = ALIGN (0x4)
                0x20001068                        PROVIDE (__mutex_array_start = .)
 *(SORT_BY_NAME(.mutex_array.*))
 *(.mutex_array)
 .mutex_array   0x20001068        0x8 CMakeFiles/picoarc.dir/Users/naoru/Developer/pico/pico-sdk/src/rp2_common/pico_malloc/malloc.c.o
 .mutex_array   0x20001070        0x8 CMakeFiles/picoarc.dir/Users/naoru/Developer/pico/pico-sdk/src/rp2_common/pico_stdio/stdio.c.o
                0x20001078                        PROVIDE (__mutex_array_end = .)
                0x20001078                        . = ALIGN (0x4)
 *(.jcr)
                0x20001078                        . = ALIGN (0x4)

.tm_clone_table
                0x20001078        0x0 load address 0x1000c800
 .tm_clone_table
                0x20001078        0x0 /Applications/ArmGNUToolchain/15.2.rel1/arm-none-eabi/bin/../lib/gcc/arm-none-eabi/15.2.1/thumb/v6-m/nofp/crtbegin.o
 .tm_clone_table
                0x20001078        0x0 /Applications/ArmGNUToolchain/15.2.rel1/arm-none-eabi/bin/../lib/gcc/arm-none-eabi/15.2.1/thumb/v6-m/nofp/crtend.o

.igot.plt       0x20001078        0x0 load address 0x1000c800
 .igot.plt      0x20001078        0x0 /Applications/ArmGNUToolchain/15.2.rel1/arm-none-eabi/bin/../lib/gcc/arm-none-eabi/15.2.1/thumb/v6-m/nofp/crtbegin.o

.tdata          0x20001078        0x0 load address 0x1000c800
                0x20001078                        . = ALIGN (0x4)
 *(.tdata .tdata.* .gnu.linkonce.td.*)
                0x20001078                        __tdata_end = .
                0x20001078                        PROVIDE (__data_end__ = .)
                0x1000b848                        __etext = LOADADDR (.data)

.tbss           0x20001078        0x0 load address 0x1000c800
                0x20001078                        . = ALIGN (0x4)
                0x20001078                        __bss_start__ = .
                0x20001078                        __tls_base = .
 *(.tbss .tbss.* .gnu.linkonce.tb.*)
 *(.tcommon)
                0x20001078                        __tls_end = .

.bss            0x20001078     0xe004 load address 0x1000c800
                0x20001078                        . = ALIGN (0x4)
                0x20001078                        __tbss_end = .
 *(SORT_BY_ALIGNMENT(SORT_BY_NAME(.bss*)))
 .bss._audiod_fct
                0x20001078       0x5c CMakeFiles/picoarc.dir/Users/naoru/Developer/pico/pico-sdk/lib/tinyusb/src/class/audio/audio_device.c.o
 *fill*         0x200010d4        0x4 
 .bss._cdcd_itf
                0x200010d8      0x248 CMakeFiles/picoarc.dir/Users/naoru/Developer/pico/pico-sdk/lib/tinyusb/src/class/cdc/cdc_device.c.o
 .bss.cec_tx_busy_until_us
                0x20001320        0x8 CMakeFiles/picoarc.dir/src/cec.c.o
 .bss.cec_tx_words
                0x20001328       0x50 CMakeFiles/picoarc.dir/src/cec.c.o
 .bss.default_alarm_pool_entries
                0x20001378      0x180 CMakeFiles/picoarc.dir/Users/naoru/Developer/pico/pico-sdk/src/common/pico_time/time.c.o
 .bss.dma_words
                0x200014f8     0x1800 CMakeFiles/picoarc.dir/src/spdif.c.o
 .bss.last_avail_time.1
                0x20002cf8        0x8 CMakeFiles/picoarc.dir/Users/naoru/Developer/pico/pico-sdk/src/rp2_common/pico_stdio_usb/stdio_usb.c.o
 .bss.next_diag_log_us
                0x20002d00        0x8 CMakeFiles/picoarc.dir/src/usb_audio.c.o
 .bss.next_feedback_us
                0x20002d08        0x8 CMakeFiles/picoarc.dir/src/usb_audio.c.o
 .bss.next_probe
                0x20002d10        0x8 CMakeFiles/picoarc.dir/src/arc.c.o
 .bss.next_stream_audio_log_us
                0x20002d18        0x8 CMakeFiles/picoarc.dir/src/arc.c.o
 .bss.sd_table  0x20002d20      0x100 CMakeFiles/picoarc.dir/Users/naoru/Developer/pico/pico-sdk/src/rp2_common/pico_double/double_init_rom_rp2040.c.o
                0x20002d20                sd_table
 .bss.sf_table  0x20002e20      0x100 CMakeFiles/picoarc.dir/Users/naoru/Developer/pico/pico-sdk/src/rp2_common/pico_float/float_init_rom_rp2040.c.o
                0x20002e20                sf_table
 .bss._app_driver
                0x20002f20        0x4 CMakeFiles/picoarc.dir/Users/naoru/Developer/pico/pico-sdk/lib/tinyusb/src/device/usbd.c.o
 .bss._cdcd_epbuf
                0x20002f24       0x80 CMakeFiles/picoarc.dir/Users/naoru/Developer/pico/pico-sdk/lib/tinyusb/src/class/cdc/cdc_device.c.o
 .bss._cdcd_fifo_cfg
                0x20002fa4        0x1 CMakeFiles/picoarc.dir/Users/naoru/Developer/pico/pico-sdk/lib/tinyusb/src/class/cdc/cdc_device.c.o
 *fill*         0x20002fa5        0x3 
 .bss._ctrl_epbuf
                0x20002fa8       0x40 CMakeFiles/picoarc.dir/Users/naoru/Developer/pico/pico-sdk/lib/tinyusb/src/device/usbd_control.c.o
 .bss._ctrl_xfer
                0x20002fe8       0x14 CMakeFiles/picoarc.dir/Users/naoru/Developer/pico/pico-sdk/lib/tinyusb/src/device/usbd_control.c.o
 .bss._tusb_rhport_role
                0x20002ffc        0x2 CMakeFiles/picoarc.dir/Users/naoru/Developer/pico/pico-sdk/lib/tinyusb/src/tusb.c.o
                0x20002ffc                _tusb_rhport_role
 *fill*         0x20002ffe        0x2 
 .bss._ubsd_mutexdef
                0x20003000        0x8 CMakeFiles/picoarc.dir/Users/naoru/Developer/pico/pico-sdk/lib/tinyusb/src/device/usbd.c.o
 .bss._usbd_dev
                0x20003008       0x54 CMakeFiles/picoarc.dir/Users/naoru/Developer/pico/pico-sdk/lib/tinyusb/src/device/usbd.c.o
 .bss._usbd_mutex